Archive member included to satisfy reference by file (symbol)

app/libapp.a(ble_mobile_scan.c.obj)
                              (--whole-archive)
app/libapp.a(ble_mobile.c.obj)
                              (--whole-archive)
app/libapp.a(shell_base.c.obj)
                              (--whole-archive)
app/libapp.a(hci_driver.c.obj)
                              (--whole-archive)
app/libapp.a(main.c.obj)      (--whole-archive)
zephyr/libzephyr.a(cbprintf.c.obj)
                              (--whole-archive)
zephyr/libzephyr.a(cbprintf_packaged.c.obj)
                              (--whole-archive)
zephyr/libzephyr.a(crc32c_sw.c.obj)
                              (--whole-archive)
zephyr/libzephyr.a(crc32_sw.c.obj)
                              (--whole-archive)
zephyr/libzephyr.a(crc16_sw.c.obj)
                              (--whole-archive)
zephyr/libzephyr.a(crc8_sw.c.obj)
                              (--whole-archive)
zephyr/libzephyr.a(crc7_sw.c.obj)
                              (--whole-archive)
zephyr/libzephyr.a(dec.c.obj)
                              (--whole-archive)
zephyr/libzephyr.a(fdtable.c.obj)
                              (--whole-archive)
zephyr/libzephyr.a(hex.c.obj)
                              (--whole-archive)
zephyr/libzephyr.a(notify.c.obj)
                              (--whole-archive)
zephyr/libzephyr.a(printk.c.obj)
                              (--whole-archive)
zephyr/libzephyr.a(onoff.c.obj)
                              (--whole-archive)
zephyr/libzephyr.a(rb.c.obj)  (--whole-archive)
zephyr/libzephyr.a(sem.c.obj)
                              (--whole-archive)
zephyr/libzephyr.a(thread_entry.c.obj)
                              (--whole-archive)
zephyr/libzephyr.a(timeutil.c.obj)
                              (--whole-archive)
zephyr/libzephyr.a(heap.c.obj)
                              (--whole-archive)
zephyr/libzephyr.a(heap-validate.c.obj)
                              (--whole-archive)
zephyr/libzephyr.a(bitarray.c.obj)
                              (--whole-archive)
zephyr/libzephyr.a(multi_heap.c.obj)
                              (--whole-archive)
zephyr/libzephyr.a(cbprintf_complete.c.obj)
                              (--whole-archive)
zephyr/libzephyr.a(ring_buffer.c.obj)
                              (--whole-archive)
zephyr/libzephyr.a(mpsc_pbuf.c.obj)
                              (--whole-archive)
zephyr/libzephyr.a(fnmatch.c.obj)
                              (--whole-archive)
zephyr/libzephyr.a(configs.c.obj)
                              (--whole-archive)
zephyr/libzephyr.a(soc_nrf_common.S.obj)
                              (--whole-archive)
zephyr/libzephyr.a(validate_base_addresses.c.obj)
                              (--whole-archive)
zephyr/libzephyr.a(validate_enabled_instances.c.obj)
                              (--whole-archive)
zephyr/libzephyr.a(log_list.c.obj)
                              (--whole-archive)
zephyr/libzephyr.a(log_core.c.obj)
                              (--whole-archive)
zephyr/libzephyr.a(log_mgmt.c.obj)
                              (--whole-archive)
zephyr/libzephyr.a(log_msg.c.obj)
                              (--whole-archive)
zephyr/libzephyr.a(log_output.c.obj)
                              (--whole-archive)
zephyr/libzephyr.a(log_msg2.c.obj)
                              (--whole-archive)
zephyr/libzephyr.a(log_cmds.c.obj)
                              (--whole-archive)
zephyr/libzephyr.a(dis.c.obj)
                              (--whole-archive)
zephyr/libzephyr.a(kernel_service.c.obj)
                              (--whole-archive)
zephyr/libzephyr.a(device_service.c.obj)
                              (--whole-archive)
zephyr/libzephyr.a(devmem_service.c.obj)
                              (--whole-archive)
zephyr/libzephyr.a(shell_uart.c.obj)
                              (--whole-archive)
zephyr/libzephyr.a(shell.c.obj)
                              (--whole-archive)
zephyr/libzephyr.a(shell_fprintf.c.obj)
                              (--whole-archive)
zephyr/libzephyr.a(shell_utils.c.obj)
                              (--whole-archive)
zephyr/libzephyr.a(shell_ops.c.obj)
                              (--whole-archive)
zephyr/libzephyr.a(shell_log_backend.c.obj)
                              (--whole-archive)
zephyr/libzephyr.a(shell_help.c.obj)
                              (--whole-archive)
zephyr/libzephyr.a(shell_cmds.c.obj)
                              (--whole-archive)
zephyr/libzephyr.a(shell_history.c.obj)
                              (--whole-archive)
zephyr/libzephyr.a(shell_wildcard.c.obj)
                              (--whole-archive)
zephyr/libzephyr.a(addr_utils.c.obj)
                              (--whole-archive)
zephyr/libzephyr.a(usb_device.c.obj)
                              (--whole-archive)
zephyr/libzephyr.a(usb_descriptor.c.obj)
                              (--whole-archive)
zephyr/libzephyr.a(usb_transfer.c.obj)
                              (--whole-archive)
[...]
Memory Configuration

Name             Origin             Length             Attributes
FLASH            0x0000000000001000 0x00000000000ff000 xr
SRAM             0x0000000020000000 0x0000000000040000 xw
IDT_LIST         0x00000000fffff7ff 0x0000000000000800 xw
*default*        0x0000000000000000 0xffffffffffffffff

Linker script and memory map

LOAD zephyr/CMakeFiles/zephyr_final.dir/misc/empty_file.c.obj
LOAD zephyr/CMakeFiles/zephyr_final.dir/dev_handles.c.obj
LOAD zephyr/CMakeFiles/zephyr_final.dir/isr_tables.c.obj
LOAD zephyr/CMakeFiles/offsets.dir/./arch/arm/core/offsets/offsets.c.obj
                0x0000000000000020                _region_min_align = 0x20

.rel.plt        0x0000000000001000        0x0
 *(SORT_BY_ALIGNMENT(.rel.plt))
                [!provide]                        PROVIDE (__rel_iplt_start = .)
 *(SORT_BY_ALIGNMENT(.rel.iplt))
 .rel.iplt      0x0000000000001000        0x0 zephyr/CMakeFiles/zephyr_final.dir/isr_tables.c.obj
                [!provide]                        PROVIDE (__rel_iplt_end = .)

.rela.plt       0x0000000000000000        0x0
 *(SORT_BY_ALIGNMENT(.rela.plt))
                [!provide]                        PROVIDE (__rela_iplt_start = .)
 *(SORT_BY_ALIGNMENT(.rela.iplt))
                [!provide]                        PROVIDE (__rela_iplt_end = .)

.rel.dyn
 *(SORT_BY_ALIGNMENT(.rel.*))

.rela.dyn
 *(SORT_BY_ALIGNMENT(.rela.*))

/DISCARD/
 *(SORT_BY_ALIGNMENT(.plt))
 *(SORT_BY_ALIGNMENT(.iplt))
 *(SORT_BY_ALIGNMENT(.got.plt))
 *(SORT_BY_ALIGNMENT(.igot.plt))
 *(SORT_BY_ALIGNMENT(.got))
 *(SORT_BY_ALIGNMENT(.igot))
 *(SORT_BY_ALIGNMENT(.irq_info*))
 *(SORT_BY_ALIGNMENT(.intList*))
 *(SORT_BY_ALIGNMENT(.note.GNU-stack))
                0x0000000000001000                __rom_region_start = 0x1000

rom_start       0x0000000000001000      0x100
                0x0000000000000000                . = 0x0
                0x0000000000000000                . = ALIGN (0x4)
                0x0000000000000000                . = ALIGN (0x80)
                0x0000000000000000                . = ALIGN (0x100)
                0x0000000000001000                _vector_start = .
 *(SORT_BY_ALIGNMENT(.exc_vector_table))
 *(SORT_BY_ALIGNMENT(.exc_vector_table.*))
 .exc_vector_table._vector_table_section
                0x0000000000001000       0x40 zephyr/arch/arch/arm/core/aarch32/cortex_m/libarch__arm__core__aarch32__cortex_m.a(vector_table.S.obj)
                0x0000000000001000                _vector_table
 *(SORT_BY_ALIGNMENT(.gnu.linkonce.irq_vector_table*))
 .gnu.linkonce.irq_vector_table
                0x0000000000001040       0xc0 zephyr/CMakeFiles/zephyr_final.dir/isr_tables.c.obj
                0x0000000000001040                _irq_vector_table
 *(SORT_BY_ALIGNMENT(.vectors))
                0x0000000000001100                _vector_end = .

text            0x0000000000001100    0x2ae00
                0x0000000000001100                __text_region_start = .
 *(SORT_BY_ALIGNMENT(.text))
 .text          0x0000000000001100       0x30 /opt/zephyr-sdk-0.13.2/arm-zephyr-eabi/bin/../lib/gcc/arm-zephyr-eabi/10.3.0/thumb/v7e-m/nofp/libgcc.a(_aeabi_uldivmod.o)
                0x0000000000001100                __aeabi_uldivmod
 .text          0x0000000000001130        0x4 /opt/zephyr-sdk-0.13.2/arm-zephyr-eabi/bin/../lib/gcc/arm-zephyr-eabi/10.3.0/thumb/v7e-m/nofp/libgcc.a(_dvmd_tls.o)
                0x0000000000001130                __aeabi_ldiv0
                0x0000000000001130                __aeabi_idiv0
 .text          0x0000000000001134      0x2a6 /opt/zephyr-sdk-0.13.2/arm-zephyr-eabi/bin/../lib/gcc/arm-zephyr-eabi/10.3.0/thumb/v7e-m/nofp/libgcc.a(_udivmoddi4.o)
                0x0000000000001134                __udivmoddi4
 *(SORT_BY_ALIGNMENT(.text.*))
 *fill*         0x00000000000013da        0x6 
 .text.bt_init  0x00000000000013e0      0x5b8 zephyr/subsys/bluetooth/host/libsubsys__bluetooth__host.a(hci_core.c.obj)
 .text.ll_scan_params_set
                0x0000000000001998       0x70 zephyr/subsys/bluetooth/controller/libsubsys__bluetooth__controller.a(ull_scan.c.obj)
                0x0000000000001998                ll_scan_params_set
 .text.ull_scan_params_set
                0x0000000000001a08       0x54 zephyr/subsys/bluetooth/controller/libsubsys__bluetooth__controller.a(ull_scan.c.obj)
                0x0000000000001a08                ull_scan_params_set
 *fill*         0x0000000000001a5c        0x4 
 .text.ull_scan_enable
                0x0000000000001a60      0x168 zephyr/subsys/bluetooth/controller/libsubsys__bluetooth__controller.a(ull_scan.c.obj)
                0x0000000000001a60                ull_scan_enable
 .text.ull_conn_llcp
                0x0000000000001bc8     0x1acc zephyr/subsys/bluetooth/controller/libsubsys__bluetooth__controller.a(ull_conn.c.obj)
                0x0000000000001bc8                ull_conn_llcp
 *fill*         0x0000000000003694        0x4 
 .text.ll_create_connection
                0x0000000000003698      0x470 zephyr/subsys/bluetooth/controller/libsubsys__bluetooth__controller.a(ull_central.c.obj)
                0x0000000000003698                ll_create_connection
 .text.ull_central_setup
                0x0000000000003b08      0x298 zephyr/subsys/bluetooth/controller/libsubsys__bluetooth__controller.a(ull_central.c.obj)
                0x0000000000003b08                ull_central_setup
 .text.ull_sched_after_mstr_slot_get
                0x0000000000003da0      0x12c zephyr/subsys/bluetooth/controller/libsubsys__bluetooth__controller.a(ull_sched.c.obj)
                0x0000000000003da0                ull_sched_after_mstr_slot_get
 *fill*         0x0000000000003ecc        0x4 
 .text.after_mstr_offset_get
                0x0000000000003ed0       0x94 zephyr/subsys/bluetooth/controller/libsubsys__bluetooth__controller.a(ull_sched.c.obj)
 *fill*         0x0000000000003f64        0x4 
 .text.ull_sched_mfy_win_offset_select
                0x0000000000003f68      0x134 zephyr/subsys/bluetooth/controller/libsubsys__bluetooth__controller.a(ull_sched.c.obj)
                0x0000000000003f68                ull_sched_mfy_win_offset_select
 *fill*         0x000000000000409c        0x4 
 .text.isr_window
                0x00000000000040a0       0x9c zephyr/subsys/bluetooth/controller/libsubsys__bluetooth__controller.a(lll_scan.c.obj)
 *fill*         0x000000000000413c        0x4 
 .text.isr_rx   0x0000000000004140      0x53c zephyr/subsys/bluetooth/controller/libsubsys__bluetooth__controller.a(lll_scan.c.obj)
 .text.device_found
                0x000000000000467c       0x30 app/libapp.a(ble_mobile_scan.c.obj)
 .text.start_scan
                0x00000000000046ac       0x70 app/libapp.a(ble_mobile_scan.c.obj)
 .text.parse_device
                0x000000000000471c       0xac app/libapp.a(ble_mobile_scan.c.obj)
 .text.thread_ble_mobile_scan
                0x00000000000047c8       0x74 app/libapp.a(ble_mobile_scan.c.obj)
                0x00000000000047c8                thread_ble_mobile_scan
 .text.write_rx
                0x000000000000483c       0x30 app/libapp.a(ble_mobile.c.obj)
 .text.begin_shell
                0x000000000000486c       0x68 app/libapp.a(shell_base.c.obj)
                0x000000000000486c                begin_shell
 .text.cbvprintf_package
                0x00000000000048d4      0x414 zephyr/libzephyr.a(cbprintf_packaged.c.obj)
                0x00000000000048d4                cbvprintf_package
 .text.vsnprintk
                0x0000000000004ce8       0x28 zephyr/libzephyr.a(printk.c.obj)
                0x0000000000004ce8                vsnprintk
 .text.process_event
                0x0000000000004d10      0x1c0 zephyr/libzephyr.a(onoff.c.obj)
 .text.cbvprintf
                0x0000000000004ed0      0xd08 zephyr/libzephyr.a(cbprintf_complete.c.obj)
                0x0000000000004ed0                cbvprintf
 .text.enable_logger
                0x0000000000005bd8       0x5c zephyr/libzephyr.a(log_core.c.obj)
 .text.log_process_thread_timer_expiry_fn
                0x0000000000005c34        0xc zephyr/libzephyr.a(log_core.c.obj)
 .text.log_init
                0x0000000000005c40       0x58 zephyr/libzephyr.a(log_core.c.obj)
                0x0000000000005c40                log_init
 .text.z_log_notify_backend_enabled
                0x0000000000005c98       0x1c zephyr/libzephyr.a(log_core.c.obj)
                0x0000000000005c98                z_log_notify_backend_enabled
 .text.z_log_dropped
                0x0000000000005cb4       0x3c zephyr/libzephyr.a(log_core.c.obj)
                0x0000000000005cb4                z_log_dropped
 .text.z_log_dropped_read_and_clear
                0x0000000000005cf0       0x20 zephyr/libzephyr.a(log_core.c.obj)
                0x0000000000005cf0                z_log_dropped_read_and_clear
 .text.dropped_notify
                0x0000000000005d10       0x38 zephyr/libzephyr.a(log_core.c.obj)
                0x0000000000005d10                dropped_notify
 .text.z_log_msg2_init
                0x0000000000005d48       0x10 zephyr/libzephyr.a(log_core.c.obj)
                0x0000000000005d48                z_log_msg2_init
 .text.log_core_init
                0x0000000000005d58       0x38 zephyr/libzephyr.a(log_core.c.obj)
                0x0000000000005d58                log_core_init
 .text.z_log_msg2_alloc
                0x0000000000005d90       0x10 zephyr/libzephyr.a(log_core.c.obj)
                0x0000000000005d90                z_log_msg2_alloc
 .text.z_log_msg2_claim
                0x0000000000005da0        0xc zephyr/libzephyr.a(log_core.c.obj)
                0x0000000000005da0                z_log_msg2_claim
 .text.z_log_msg2_free
                0x0000000000005dac        0xc zephyr/libzephyr.a(log_core.c.obj)
                0x0000000000005dac                z_log_msg2_free
 .text.z_log_msg2_pending
                0x0000000000005db8        0xc zephyr/libzephyr.a(log_core.c.obj)
                0x0000000000005db8                z_log_msg2_pending
 .text.z_impl_log_process
                0x0000000000005dc4       0xc4 zephyr/libzephyr.a(log_core.c.obj)
                0x0000000000005dc4                z_impl_log_process
 .text.log_process_thread_func
                0x0000000000005e88       0x48 zephyr/libzephyr.a(log_core.c.obj)
 .text.z_log_msg_post_finalize
                0x0000000000005ed0       0x8c zephyr/libzephyr.a(log_core.c.obj)
 .text.z_log_msg2_commit
                0x0000000000005f5c       0x24 zephyr/libzephyr.a(log_core.c.obj)
                0x0000000000005f5c                z_log_msg2_commit
 .text.z_impl_log_panic
                0x0000000000005f80       0x48 zephyr/libzephyr.a(log_core.c.obj)
                0x0000000000005f80                z_impl_log_panic
 .text.z_log_runtime_filters_init
                0x0000000000005fc8       0x3c zephyr/libzephyr.a(log_mgmt.c.obj)
                0x0000000000005fc8                z_log_runtime_filters_init
 .text.log_source_name_get
                0x0000000000006004       0x1c zephyr/libzephyr.a(log_mgmt.c.obj)
                0x0000000000006004                log_source_name_get
 .text.z_impl_log_filter_set
                0x0000000000006020       0xa4 zephyr/libzephyr.a(log_mgmt.c.obj)
                0x0000000000006020                z_impl_log_filter_set
 .text.backend_filter_set
                0x00000000000060c4       0x30 zephyr/libzephyr.a(log_mgmt.c.obj)
 .text.log_backend_enable
                0x00000000000060f4       0x2c zephyr/libzephyr.a(log_mgmt.c.obj)
                0x00000000000060f4                log_backend_enable
 .text.log_filter_get
                0x0000000000006120       0x34 zephyr/libzephyr.a(log_mgmt.c.obj)
                0x0000000000006120                log_filter_get
 .text.log_msg_mem_get_free
                0x0000000000006154       0x10 zephyr/libzephyr.a(log_msg.c.obj)
                0x0000000000006154                log_msg_mem_get_free
 .text.log_msg_mem_get_used
                0x0000000000006164        0xc zephyr/libzephyr.a(log_msg.c.obj)
                0x0000000000006164                log_msg_mem_get_used
 .text.print_formatted
                0x0000000000006170       0x24 zephyr/libzephyr.a(log_output.c.obj)
 .text.hexdump_line_print
                0x0000000000006194       0xdc zephyr/libzephyr.a(log_output.c.obj)
 .text.prefix_print
                0x0000000000006270      0x148 zephyr/libzephyr.a(log_output.c.obj)
 .text.postfix_print
                0x00000000000063b8       0x3c zephyr/libzephyr.a(log_output.c.obj)
 .text.log_output_msg2_process
                0x00000000000063f4       0xc8 zephyr/libzephyr.a(log_output.c.obj)
                0x00000000000063f4                log_output_msg2_process
 .text.log_output_dropped_process
                0x00000000000064bc       0x58 zephyr/libzephyr.a(log_output.c.obj)
                0x00000000000064bc                log_output_dropped_process
 .text.log_output_timestamp_freq_set
                0x0000000000006514       0x30 zephyr/libzephyr.a(log_output.c.obj)
                0x0000000000006514                log_output_timestamp_freq_set
 .text.z_impl_z_log_msg2_runtime_vcreate
                0x0000000000006544       0x98 zephyr/libzephyr.a(log_msg2.c.obj)
                0x0000000000006544                z_impl_z_log_msg2_runtime_vcreate
 .text.severity_lvl_get
                0x00000000000065dc       0x24 zephyr/libzephyr.a(log_cmds.c.obj)
 .text.backend_name_get
                0x0000000000006600       0x30 zephyr/libzephyr.a(log_cmds.c.obj)
 .text.cmd_log_memory_slabs
                0x0000000000006630       0x40 zephyr/libzephyr.a(log_cmds.c.obj)
 .text.cmd_log_backends_list
                0x0000000000006670       0x60 zephyr/libzephyr.a(log_cmds.c.obj)
 .text.log_status
                0x00000000000066d0       0xb8 zephyr/libzephyr.a(log_cmds.c.obj)
 .text.module_name_get
                0x0000000000006788       0x20 zephyr/libzephyr.a(log_cmds.c.obj)
 .text.shell_backend_cmd_execute
                0x00000000000067a8       0x78 zephyr/libzephyr.a(log_cmds.c.obj)
 .text.cmd_log_backend_status
                0x0000000000006820       0x10 zephyr/libzephyr.a(log_cmds.c.obj)
 .text.cmd_log_backend_halt
                0x0000000000006830        0xc zephyr/libzephyr.a(log_cmds.c.obj)
 .text.cmd_log_backend_go
                0x000000000000683c        0xc zephyr/libzephyr.a(log_cmds.c.obj)
 .text.cmd_log_backend_enable
                0x0000000000006848        0xc zephyr/libzephyr.a(log_cmds.c.obj)
 .text.cmd_log_backend_disable
                0x0000000000006854        0xc zephyr/libzephyr.a(log_cmds.c.obj)
 .text.shell_state_precheck
                0x0000000000006860       0x20 zephyr/libzephyr.a(log_cmds.c.obj)
 .text.filters_set
                0x0000000000006880       0xd0 zephyr/libzephyr.a(log_cmds.c.obj)
 .text.log_enable
                0x0000000000006950       0x60 zephyr/libzephyr.a(log_cmds.c.obj)
 .text.read_pnp_id
                0x00000000000069b0       0x1c zephyr/libzephyr.a(dis.c.obj)
 .text.cmd_kernel_version
                0x00000000000069cc       0x2c zephyr/libzephyr.a(kernel_service.c.obj)
 .text.cmd_kernel_uptime
                0x00000000000069f8       0x2c zephyr/libzephyr.a(kernel_service.c.obj)
 .text.cmd_kernel_threads
                0x0000000000006a24       0x38 zephyr/libzephyr.a(kernel_service.c.obj)
 .text.cmd_kernel_stacks
                0x0000000000006a5c       0x60 zephyr/libzephyr.a(kernel_service.c.obj)
 .text.shell_tdata_dump
                0x0000000000006abc       0xc4 zephyr/libzephyr.a(kernel_service.c.obj)
 .text.cmd_kernel_cycles
                0x0000000000006b80       0x1c zephyr/libzephyr.a(kernel_service.c.obj)
 .text.shell_stack_dump
                0x0000000000006b9c       0x64 zephyr/libzephyr.a(kernel_service.c.obj)
 .text.get_device_name
                0x0000000000006c00       0x20 zephyr/libzephyr.a(device_service.c.obj)
 .text.cmd_device_list_visitor
                0x0000000000006c20       0x20 zephyr/libzephyr.a(device_service.c.obj)
 .text.cmd_device_list
                0x0000000000006c40       0x98 zephyr/libzephyr.a(device_service.c.obj)
 .text.device_get_config_level
                0x0000000000006cd8       0x54 zephyr/libzephyr.a(device_service.c.obj)
 .text.cmd_device_levels
                0x0000000000006d2c       0x94 zephyr/libzephyr.a(device_service.c.obj)
 .text.cmd_devmem
                0x0000000000006dc0       0xc4 zephyr/libzephyr.a(devmem_service.c.obj)
 .text.set_bypass.isra.0
                0x0000000000006e84       0x48 zephyr/libzephyr.a(devmem_service.c.obj)
 .text.bypass_cb
                0x0000000000006ecc      0x118 zephyr/libzephyr.a(devmem_service.c.obj)
 .text.cmd_load
                0x0000000000006fe4       0xe0 zephyr/libzephyr.a(devmem_service.c.obj)
 .text.enable_shell_uart
                0x00000000000070c4       0x38 zephyr/libzephyr.a(shell_uart.c.obj)
 .text.init     0x00000000000070fc       0x58 zephyr/libzephyr.a(shell_uart.c.obj)
 .text.uart_callback
                0x0000000000007154      0x140 zephyr/libzephyr.a(shell_uart.c.obj)
 .text.shell_internal_help_print
                0x0000000000007294       0x20 zephyr/libzephyr.a(shell.c.obj)
 .text.z_cursor_next_line_move.isra.0
                0x00000000000072b4        0xc zephyr/libzephyr.a(shell.c.obj)
 .text.history_handle
                0x00000000000072c0       0xa4 zephyr/libzephyr.a(shell.c.obj)
 .text.execute  0x0000000000007364      0x2bc zephyr/libzephyr.a(shell.c.obj)
 .text.state_set.constprop.0
                0x0000000000007620       0x48 zephyr/libzephyr.a(shell.c.obj)
 .text.shell_process
                0x0000000000007668      0x68c zephyr/libzephyr.a(shell.c.obj)
                0x0000000000007668                shell_process
 .text.shell_init
                0x0000000000007cf4       0xf0 zephyr/libzephyr.a(shell.c.obj)
                0x0000000000007cf4                shell_init
 .text.shell_start
                0x0000000000007de4       0x4c zephyr/libzephyr.a(shell.c.obj)
                0x0000000000007de4                shell_start
 .text.shell_thread
                0x0000000000007e30       0xc8 zephyr/libzephyr.a(shell.c.obj)
                0x0000000000007e30                shell_thread
 .text.cmd_help
                0x0000000000007ef8       0x4c zephyr/libzephyr.a(shell.c.obj)
 .text.z_shell_fprintf_fmt
                0x0000000000007f44       0x28 zephyr/libzephyr.a(shell_fprintf.c.obj)
                0x0000000000007f44                z_shell_fprintf_fmt
 .text.z_shell_cmd_get
                0x0000000000007f6c       0x4c zephyr/libzephyr.a(shell_utils.c.obj)
                0x0000000000007f6c                z_shell_cmd_get
 .text.z_clear_eos
                0x0000000000007fb8       0x18 zephyr/libzephyr.a(shell_ops.c.obj)
 .text.z_cursor_next_line_move.isra.0
                0x0000000000007fd0        0xc zephyr/libzephyr.a(shell_ops.c.obj)
 .text.z_shell_op_cursor_vert_move
                0x0000000000007fdc       0x2c zephyr/libzephyr.a(shell_ops.c.obj)
                0x0000000000007fdc                z_shell_op_cursor_vert_move
 .text.z_shell_op_cursor_horiz_move
                0x0000000000008008       0x2c zephyr/libzephyr.a(shell_ops.c.obj)
                0x0000000000008008                z_shell_op_cursor_horiz_move
 .text.z_shell_print_cmd
                0x0000000000008034       0x10 zephyr/libzephyr.a(shell_ops.c.obj)
                0x0000000000008034                z_shell_print_cmd
 .text.z_shell_vt100_color_set
                0x0000000000008044       0x40 zephyr/libzephyr.a(shell_ops.c.obj)
                0x0000000000008044                z_shell_vt100_color_set
 .text.z_shell_vt100_colors_restore
                0x0000000000008084       0x3c zephyr/libzephyr.a(shell_ops.c.obj)
                0x0000000000008084                z_shell_vt100_colors_restore
 .text.z_shell_op_word_remove
                0x00000000000080c0       0xb8 zephyr/libzephyr.a(shell_ops.c.obj)
                0x00000000000080c0                z_shell_op_word_remove
 .text.reprint_from_cursor
                0x0000000000008178       0x78 zephyr/libzephyr.a(shell_ops.c.obj)
 .text.z_shell_op_char_insert
                0x00000000000081f0       0x68 zephyr/libzephyr.a(shell_ops.c.obj)
                0x00000000000081f0                z_shell_op_char_insert
 .text.z_shell_print_prompt_and_cmd
                0x0000000000008258       0x30 zephyr/libzephyr.a(shell_ops.c.obj)
                0x0000000000008258                z_shell_print_prompt_and_cmd
 .text.z_cursor_next_line_move.isra.0
                0x0000000000008288        0xc zephyr/libzephyr.a(shell_help.c.obj)
 .text.z_shell_help_subcmd_print
                0x0000000000008294       0xb0 zephyr/libzephyr.a(shell_help.c.obj)
                0x0000000000008294                z_shell_help_subcmd_print
 .text.z_shell_help_cmd_print
                0x0000000000008344       0x48 zephyr/libzephyr.a(shell_help.c.obj)
                0x0000000000008344                z_shell_help_cmd_print
 .text.z_shell_help_request
                0x000000000000838c       0x28 zephyr/libzephyr.a(shell_help.c.obj)
                0x000000000000838c                z_shell_help_request
 .text.cmd_resize_default
                0x00000000000083b4       0x28 zephyr/libzephyr.a(shell_cmds.c.obj)
 .text.cmd_shell_stats_show
                0x00000000000083dc       0x18 zephyr/libzephyr.a(shell_cmds.c.obj)
 .text.cmd_history
                0x00000000000083f4       0x44 zephyr/libzephyr.a(shell_cmds.c.obj)
 .text.cmd_echo
                0x0000000000008438       0x58 zephyr/libzephyr.a(shell_cmds.c.obj)
 .text.cmd_clear
                0x0000000000008490       0x34 zephyr/libzephyr.a(shell_cmds.c.obj)
 .text.cmd_resize
                0x00000000000084c4      0x190 zephyr/libzephyr.a(shell_cmds.c.obj)
 .text.z_shell_wildcard_process
                0x0000000000008654       0xe4 zephyr/libzephyr.a(shell_wildcard.c.obj)
                0x0000000000008654                z_shell_wildcard_process
 .text.class_handler
                0x0000000000008738       0x40 zephyr/libzephyr.a(usb_device.c.obj)
 .text.custom_handler
                0x0000000000008778       0x60 zephyr/libzephyr.a(usb_device.c.obj)
 .text.vendor_handler
                0x00000000000087d8       0x3c zephyr/libzephyr.a(usb_device.c.obj)
 .text.usb_reset_alt_setting
                0x0000000000008814       0x10 zephyr/libzephyr.a(usb_device.c.obj)
 .text.is_ep_valid.part.0
                0x0000000000008824       0x38 zephyr/libzephyr.a(usb_device.c.obj)
 .text.usb_handle_request.constprop.0
                0x000000000000885c       0x2c zephyr/libzephyr.a(usb_device.c.obj)
 .text.set_endpoint
                0x0000000000008888       0xe8 zephyr/libzephyr.a(usb_device.c.obj)
 .text.forward_status_cb
                0x0000000000008970       0x9c zephyr/libzephyr.a(usb_device.c.obj)
 .text.usb_halt_endpoint_req.isra.0
                0x0000000000008a0c       0xa8 zephyr/libzephyr.a(usb_device.c.obj)
 .text.usb_handle_standard_request
                0x0000000000008ab4      0x360 zephyr/libzephyr.a(usb_device.c.obj)
 .text.usb_write
                0x0000000000008e14       0x68 zephyr/libzephyr.a(usb_device.c.obj)
                0x0000000000008e14                usb_write
 .text.usb_data_to_host
                0x0000000000008e7c       0x54 zephyr/libzephyr.a(usb_device.c.obj)
 .text.usb_handle_control_transfer
                0x0000000000008ed0      0x10c zephyr/libzephyr.a(usb_device.c.obj)
 .text.usb_set_config
                0x0000000000008fdc       0x2c zephyr/libzephyr.a(usb_device.c.obj)
                0x0000000000008fdc                usb_set_config
 .text.usb_device_init
                0x0000000000009008       0x50 zephyr/libzephyr.a(usb_device.c.obj)
 .text.usb_enable
                0x0000000000009058      0x11c zephyr/libzephyr.a(usb_device.c.obj)
                0x0000000000009058                usb_enable
 .text.usb_update_sn_string_descriptor
                0x0000000000009174       0x88 zephyr/libzephyr.a(usb_descriptor.c.obj)
                0x0000000000009174                usb_update_sn_string_descriptor
 .text.usb_fix_descriptor
                0x00000000000091fc      0x240 zephyr/libzephyr.a(usb_descriptor.c.obj)
 .text.usb_get_device_descriptor
                0x000000000000943c       0x48 zephyr/libzephyr.a(usb_descriptor.c.obj)
                0x000000000000943c                usb_get_device_descriptor
 .text.usb_ep_get_transfer
                0x0000000000009484       0x2c zephyr/libzephyr.a(usb_transfer.c.obj)
 .text.usb_transfer_work
                0x00000000000094b0      0x17c zephyr/libzephyr.a(usb_transfer.c.obj)
 .text.usb_transfer_ep_callback
                0x000000000000962c       0x80 zephyr/libzephyr.a(usb_transfer.c.obj)
                0x000000000000962c                usb_transfer_ep_callback
 .text.usb_transfer
                0x00000000000096ac      0x144 zephyr/libzephyr.a(usb_transfer.c.obj)
                0x00000000000096ac                usb_transfer
 .text.usb_cancel_transfer
                0x00000000000097f0       0x3c zephyr/libzephyr.a(usb_transfer.c.obj)
                0x00000000000097f0                usb_cancel_transfer
 .text.usb_cancel_transfers
                0x000000000000982c       0x50 zephyr/libzephyr.a(usb_transfer.c.obj)
                0x000000000000982c                usb_cancel_transfers
 .text.usb_transfer_init
                0x000000000000987c       0x34 zephyr/libzephyr.a(usb_transfer.c.obj)
                0x000000000000987c                usb_transfer_init
 .text.cdc_acm_irq_rx_enable
                0x00000000000098b0       0x20 zephyr/libzephyr.a(cdc_acm.c.obj)
 .text.cdc_acm_irq_tx_enable
                0x00000000000098d0       0x20 zephyr/libzephyr.a(cdc_acm.c.obj)
 .text.cdc_acm_reset_port
                0x00000000000098f0       0x34 zephyr/libzephyr.a(cdc_acm.c.obj)
 .text.cdc_acm_write_cb
                0x0000000000009924       0x3c zephyr/libzephyr.a(cdc_acm.c.obj)
 .text.tx_work_handler
                0x0000000000009960       0x54 zephyr/libzephyr.a(cdc_acm.c.obj)
 .text.cdc_acm_poll_out
                0x00000000000099b4       0xc4 zephyr/libzephyr.a(cdc_acm.c.obj)
 .text.cdc_acm_read_cb
                0x0000000000009a78       0x80 zephyr/libzephyr.a(cdc_acm.c.obj)
 .text.cdc_acm_dev_status_cb
                0x0000000000009af8      0x1ac zephyr/libzephyr.a(cdc_acm.c.obj)
 .text.cdc_acm_fifo_fill
                0x0000000000009ca4       0x8c zephyr/libzephyr.a(cdc_acm.c.obj)
 .text.cdc_acm_int_in
                0x0000000000009d30       0x48 zephyr/libzephyr.a(cdc_acm.c.obj)
 .text.cdc_acm_class_handle_req
                0x0000000000009d78       0x88 zephyr/libzephyr.a(cdc_acm.c.obj)
                0x0000000000009d78                cdc_acm_class_handle_req
 .text.cdc_acm_init
                0x0000000000009e00       0x48 zephyr/libzephyr.a(cdc_acm.c.obj)
 .text.cdc_acm_send_notification.isra.0
                0x0000000000009e48       0x54 zephyr/libzephyr.a(cdc_acm.c.obj)
 .text.z_usb_work_q_init
                0x0000000000009e9c       0x34 zephyr/libzephyr.a(usb_work_q.c.obj)
 .text.pm_state_notify
                0x0000000000009ed0       0x5c zephyr/libzephyr.a(pm.c.obj)
 .text.atomic_clear_bit.constprop.0
                0x0000000000009f2c       0x30 zephyr/libzephyr.a(pm.c.obj)
 .text.pm_system_resume
                0x0000000000009f5c       0x88 zephyr/libzephyr.a(pm.c.obj)
                0x0000000000009f5c                pm_system_resume
 .text.pm_system_suspend
                0x0000000000009fe4       0xf8 zephyr/libzephyr.a(pm.c.obj)
                0x0000000000009fe4                pm_system_suspend
 .text.pm_constraint_get
                0x000000000000a0dc       0x1c zephyr/libzephyr.a(constraint.c.obj)
                0x000000000000a0dc                pm_constraint_get
 .text.pm_state_cpu_get_all
                0x000000000000a0f8       0x10 zephyr/libzephyr.a(state.c.obj)
                0x000000000000a0f8                pm_state_cpu_get_all
 .text.pm_policy_next_state
                0x000000000000a108       0x8c zephyr/libzephyr.a(residency.c.obj)
                0x000000000000a108                pm_policy_next_state
 .text.uECC_get_rng
                0x000000000000a194        0xc zephyr/libzephyr.a(ecc.c.obj)
                0x000000000000a194                uECC_get_rng
 .text.vli_mmod_fast_secp256r1
                0x000000000000a1a0      0x188 zephyr/libzephyr.a(ecc.c.obj)
                0x000000000000a1a0                vli_mmod_fast_secp256r1
 .text.sub_bytes
                0x000000000000a328       0x18 zephyr/libzephyr.a(aes_encrypt.c.obj)
 .text.tc_aes128_set_encrypt_key
                0x000000000000a340       0xa4 zephyr/libzephyr.a(aes_encrypt.c.obj)
                0x000000000000a340                tc_aes128_set_encrypt_key
 .text.z_arm_cpu_idle_init
                0x000000000000a3e4        0xc zephyr/arch/arch/arm/core/aarch32/libarch__arm__core__aarch32.a(cpu_idle.S.obj)
                0x000000000000a3e4                z_arm_cpu_idle_init
 .text.arch_cpu_idle
                0x000000000000a3f0       0x1c zephyr/arch/arch/arm/core/aarch32/libarch__arm__core__aarch32.a(cpu_idle.S.obj)
                0x000000000000a3f0                arch_cpu_idle
 .text.arch_cpu_atomic_idle
                0x000000000000a40c       0x14 zephyr/arch/arch/arm/core/aarch32/libarch__arm__core__aarch32.a(cpu_idle.S.obj)
                0x000000000000a40c                arch_cpu_atomic_idle
 .text.z_arm_fatal_error
                0x000000000000a420       0xdc zephyr/arch/arch/arm/core/aarch32/libarch__arm__core__aarch32.a(fatal.c.obj)
                0x000000000000a420                z_arm_fatal_error
 .text.arch_irq_enable
                0x000000000000a4fc       0x20 zephyr/arch/arch/arm/core/aarch32/libarch__arm__core__aarch32.a(irq_manage.c.obj)
                0x000000000000a4fc                arch_irq_enable
 .text.arch_irq_disable
                0x000000000000a51c       0x28 zephyr/arch/arch/arm/core/aarch32/libarch__arm__core__aarch32.a(irq_manage.c.obj)
                0x000000000000a51c                arch_irq_disable
 .text.arch_irq_is_enabled
                0x000000000000a544       0x1c zephyr/arch/arch/arm/core/aarch32/libarch__arm__core__aarch32.a(irq_manage.c.obj)
                0x000000000000a544                arch_irq_is_enabled
 .text.z_arm_irq_priority_set
                0x000000000000a560       0x30 zephyr/arch/arch/arm/core/aarch32/libarch__arm__core__aarch32.a(irq_manage.c.obj)
                0x000000000000a560                z_arm_irq_priority_set
 .text._arch_isr_direct_pm
                0x000000000000a590       0x1c zephyr/arch/arch/arm/core/aarch32/libarch__arm__core__aarch32.a(irq_manage.c.obj)
                0x000000000000a590                _arch_isr_direct_pm
 .text.z_SysNmiOnReset
                0x000000000000a5ac        0x8 zephyr/arch/arch/arm/core/aarch32/libarch__arm__core__aarch32.a(nmi_on_reset.S.obj)
                0x000000000000a5ac                z_SysNmiOnReset
 .text.z_arm_prep_c
                0x000000000000a5b4       0x48 zephyr/arch/arch/arm/core/aarch32/libarch__arm__core__aarch32.a(prep_c.c.obj)
                0x000000000000a5b4                z_arm_prep_c
 .text.arch_swap
                0x000000000000a5fc       0x38 zephyr/arch/arch/arm/core/aarch32/libarch__arm__core__aarch32.a(swap.c.obj)
                0x000000000000a5fc                arch_swap
 .text.z_arm_pendsv
                0x000000000000a634       0x58 zephyr/arch/arch/arm/core/aarch32/libarch__arm__core__aarch32.a(swap_helper.S.obj)
                0x000000000000a634                z_arm_pendsv
 .text.z_arm_svc
                0x000000000000a68c       0x20 zephyr/arch/arch/arm/core/aarch32/libarch__arm__core__aarch32.a(swap_helper.S.obj)
                0x000000000000a68c                z_arm_svc
 .text.arch_new_thread
                0x000000000000a6ac       0x38 zephyr/arch/arch/arm/core/aarch32/libarch__arm__core__aarch32.a(thread.c.obj)
                0x000000000000a6ac                arch_new_thread
 .text.z_check_thread_stack_fail
                0x000000000000a6e4       0x30 zephyr/arch/arch/arm/core/aarch32/libarch__arm__core__aarch32.a(thread.c.obj)
                0x000000000000a6e4                z_check_thread_stack_fail
 .text.arch_switch_to_main_thread
                0x000000000000a714       0x2c zephyr/arch/arch/arm/core/aarch32/libarch__arm__core__aarch32.a(thread.c.obj)
                0x000000000000a714                arch_switch_to_main_thread
 .text._isr_wrapper
                0x000000000000a740       0x40 zephyr/arch/arch/arm/core/aarch32/libarch__arm__core__aarch32.a(isr_wrapper.S.obj)
                0x000000000000a740                _isr_wrapper
 .text._HandlerModeExit
                0x000000000000a780       0x1c zephyr/arch/arch/arm/core/aarch32/cortex_m/libarch__arm__core__aarch32__cortex_m.a(exc_exit.S.obj)
                0x000000000000a780                z_arm_exc_exit
                0x000000000000a780                z_arm_int_exit
 .text.bus_fault.constprop.0
                0x000000000000a79c      0x158 zephyr/arch/arch/arm/core/aarch32/cortex_m/libarch__arm__core__aarch32__cortex_m.a(fault.c.obj)
 .text.usage_fault.constprop.0
                0x000000000000a8f4      0x134 zephyr/arch/arch/arm/core/aarch32/cortex_m/libarch__arm__core__aarch32__cortex_m.a(fault.c.obj)
 .text.mem_manage_fault
                0x000000000000aa28      0x180 zephyr/arch/arch/arm/core/aarch32/cortex_m/libarch__arm__core__aarch32__cortex_m.a(fault.c.obj)
 .text.z_log_msg2_runtime_create.constprop.0
                0x000000000000aba8       0x24 zephyr/arch/arch/arm/core/aarch32/cortex_m/libarch__arm__core__aarch32__cortex_m.a(fault.c.obj)
 .text.z_arm_fault
                0x000000000000abcc      0x244 zephyr/arch/arch/arm/core/aarch32/cortex_m/libarch__arm__core__aarch32__cortex_m.a(fault.c.obj)
                0x000000000000abcc                z_arm_fault
 .text.z_arm_fault_init
                0x000000000000ae10       0x10 zephyr/arch/arch/arm/core/aarch32/cortex_m/libarch__arm__core__aarch32__cortex_m.a(fault.c.obj)
                0x000000000000ae10                z_arm_fault_init
 .text.__fault  0x000000000000ae20       0x14 zephyr/arch/arch/arm/core/aarch32/cortex_m/libarch__arm__core__aarch32__cortex_m.a(fault_s.S.obj)
                0x000000000000ae20                z_arm_bus_fault
                0x000000000000ae20                z_arm_usage_fault
                0x000000000000ae20                z_arm_mpu_fault
                0x000000000000ae20                z_arm_exc_spurious
                0x000000000000ae20                z_arm_debug_monitor
                0x000000000000ae20                z_arm_hard_fault
 .text.z_arm_interrupt_init
                0x000000000000ae34       0x18 zephyr/arch/arch/arm/core/aarch32/cortex_m/libarch__arm__core__aarch32__cortex_m.a(irq_init.c.obj)
                0x000000000000ae34                z_arm_interrupt_init
 .text._reset_section
                0x000000000000ae4c       0x3c zephyr/arch/arch/arm/core/aarch32/cortex_m/libarch__arm__core__aarch32__cortex_m.a(reset.S.obj)
                0x000000000000ae4c                z_arm_reset
                0x000000000000ae4c                __start
 .text.z_impl_k_thread_abort
                0x000000000000ae88       0x24 zephyr/arch/arch/arm/core/aarch32/cortex_m/libarch__arm__core__aarch32__cortex_m.a(thread_abort.c.obj)
                0x000000000000ae88                z_impl_k_thread_abort
 .text.z_arm_configure_static_mpu_regions
                0x000000000000aeac       0x18 zephyr/arch/arch/arm/core/aarch32/mpu/libarch__arm__core__aarch32__mpu.a(arm_core_mpu.c.obj)
                0x000000000000aeac                z_arm_configure_static_mpu_regions
 .text.z_arm_configure_dynamic_mpu_regions
                0x000000000000aec4       0x24 zephyr/arch/arch/arm/core/aarch32/mpu/libarch__arm__core__aarch32__mpu.a(arm_core_mpu.c.obj)
                0x000000000000aec4                z_arm_configure_dynamic_mpu_regions
 .text.mpu_configure_regions
                0x000000000000aee8       0xc8 zephyr/arch/arch/arm/core/aarch32/mpu/libarch__arm__core__aarch32__mpu.a(arm_mpu.c.obj)
 .text.arm_core_mpu_enable
                0x000000000000afb0       0x18 zephyr/arch/arch/arm/core/aarch32/mpu/libarch__arm__core__aarch32__mpu.a(arm_mpu.c.obj)
                0x000000000000afb0                arm_core_mpu_enable
 .text.arm_core_mpu_disable
                0x000000000000afc8       0x14 zephyr/arch/arch/arm/core/aarch32/mpu/libarch__arm__core__aarch32__mpu.a(arm_mpu.c.obj)
                0x000000000000afc8                arm_core_mpu_disable
 .text.arm_core_mpu_configure_static_mpu_regions
                0x000000000000afdc       0x14 zephyr/arch/arch/arm/core/aarch32/mpu/libarch__arm__core__aarch32__mpu.a(arm_mpu.c.obj)
                0x000000000000afdc                arm_core_mpu_configure_static_mpu_regions
 .text.arm_core_mpu_configure_dynamic_mpu_regions
                0x000000000000aff0       0x30 zephyr/arch/arch/arm/core/aarch32/mpu/libarch__arm__core__aarch32__mpu.a(arm_mpu.c.obj)
                0x000000000000aff0                arm_core_mpu_configure_dynamic_mpu_regions
 .text.z_arm_mpu_init
                0x000000000000b020       0x60 zephyr/arch/arch/arm/core/aarch32/mpu/libarch__arm__core__aarch32__mpu.a(arm_mpu.c.obj)
                0x000000000000b020                z_arm_mpu_init
 .text.snprintf
                0x000000000000b080       0x30 zephyr/lib/libc/minimal/liblib__libc__minimal.a(sprintf.c.obj)
                0x000000000000b080                snprintf
 .text.nordicsemi_nrf52_init
                0x000000000000b0b0       0x60 zephyr/soc/arm/nordic_nrf/nrf52/libsoc__arm__nordic_nrf__nrf52.a(soc.c.obj)
 .text.arch_busy_wait
                0x000000000000b110       0x14 zephyr/soc/arm/nordic_nrf/nrf52/libsoc__arm__nordic_nrf__nrf52.a(soc.c.obj)
                0x000000000000b110                arch_busy_wait
 .text.board_nrf52840dongle_nrf52840_init
                0x000000000000b124       0x7c zephyr/boards/arm/nrf52840dongle_nrf52840/libboards__arm__nrf52840dongle_nrf52840.a(board.c.obj)
 .text.bt_hex_real
                0x000000000000b1a0       0x44 zephyr/subsys/bluetooth/common/libsubsys__bluetooth__common.a(log.c.obj)
                0x000000000000b1a0                bt_hex_real
 .text.bt_addr_le_str_real
                0x000000000000b1e4       0x7c zephyr/subsys/bluetooth/common/libsubsys__bluetooth__common.a(log.c.obj)
                0x000000000000b1e4                bt_addr_le_str_real
 .text.le_gen_dhkey
                0x000000000000b260       0x98 zephyr/subsys/bluetooth/host/libsubsys__bluetooth__host.a(hci_ecc.c.obj)
 .text.ecc_thread
                0x000000000000b2f8      0x1f0 zephyr/subsys/bluetooth/host/libsubsys__bluetooth__host.a(hci_ecc.c.obj)
 .text.bt_hci_ecc_send
                0x000000000000b4e8       0xdc zephyr/subsys/bluetooth/host/libsubsys__bluetooth__host.a(hci_ecc.c.obj)
                0x000000000000b4e8                bt_hci_ecc_send
 .text.bt_hci_ecc_init
                0x000000000000b5c4       0x48 zephyr/subsys/bluetooth/host/libsubsys__bluetooth__host.a(hci_ecc.c.obj)
                0x000000000000b5c4                bt_hci_ecc_init
 .text.uuid_to_uuid128
                0x000000000000b60c       0x6c zephyr/subsys/bluetooth/host/libsubsys__bluetooth__host.a(uuid.c.obj)
 .text.bt_buf_get_rx
                0x000000000000b678       0x20 zephyr/subsys/bluetooth/host/libsubsys__bluetooth__host.a(buf.c.obj)
                0x000000000000b678                bt_buf_get_rx
 .text.bt_buf_get_cmd_complete
                0x000000000000b698       0x34 zephyr/subsys/bluetooth/host/libsubsys__bluetooth__host.a(buf.c.obj)
                0x000000000000b698                bt_buf_get_cmd_complete
 .text.bt_buf_get_evt
                0x000000000000b6cc       0x54 zephyr/subsys/bluetooth/host/libsubsys__bluetooth__host.a(buf.c.obj)
                0x000000000000b6cc                bt_buf_get_evt
 .text.ver_str  0x000000000000b720       0x38 zephyr/subsys/bluetooth/host/libsubsys__bluetooth__host.a(hci_core.c.obj)
 .text.hci_disconn_complete_prio
                0x000000000000b758       0x3c zephyr/subsys/bluetooth/host/libsubsys__bluetooth__host.a(hci_core.c.obj)
 .text.hci_data_buf_overflow
                0x000000000000b794       0x38 zephyr/subsys/bluetooth/host/libsubsys__bluetooth__host.a(hci_core.c.obj)
 .text.le_conn_update_complete
                0x000000000000b7cc       0xb8 zephyr/subsys/bluetooth/host/libsubsys__bluetooth__host.a(hci_core.c.obj)
 .text.hci_hardware_error
                0x000000000000b884       0x3c zephyr/subsys/bluetooth/host/libsubsys__bluetooth__host.a(hci_core.c.obj)
 .text.le_data_len_change
                0x000000000000b8c0       0x44 zephyr/subsys/bluetooth/host/libsubsys__bluetooth__host.a(hci_core.c.obj)
 .text.hci_vendor_event
                0x000000000000b904       0x34 zephyr/subsys/bluetooth/host/libsubsys__bluetooth__host.a(hci_core.c.obj)
 .text.handle_event
                0x000000000000b938       0x90 zephyr/subsys/bluetooth/host/libsubsys__bluetooth__host.a(hci_core.c.obj)
 .text.hci_le_meta_event
                0x000000000000b9c8       0x20 zephyr/subsys/bluetooth/host/libsubsys__bluetooth__host.a(hci_core.c.obj)
 .text.hci_cmd_done
                0x000000000000b9e8      0x180 zephyr/subsys/bluetooth/host/libsubsys__bluetooth__host.a(hci_core.c.obj)
 .text.hci_cmd_status
                0x000000000000bb68       0x2c zephyr/subsys/bluetooth/host/libsubsys__bluetooth__host.a(hci_core.c.obj)
 .text.hci_cmd_complete
                0x000000000000bb94       0x30 zephyr/subsys/bluetooth/host/libsubsys__bluetooth__host.a(hci_core.c.obj)
 .text.hci_tx_thread
                0x000000000000bbc4      0x1b4 zephyr/subsys/bluetooth/host/libsubsys__bluetooth__host.a(hci_core.c.obj)
 .text.hci_num_completed_packets
                0x000000000000bd78      0x114 zephyr/subsys/bluetooth/host/libsubsys__bluetooth__host.a(hci_core.c.obj)
 .text.hci_disconn_complete
                0x000000000000be8c       0x7c zephyr/subsys/bluetooth/host/libsubsys__bluetooth__host.a(hci_core.c.obj)
 .text.bt_hci_cmd_state_set_init
                0x000000000000bf08       0x24 zephyr/subsys/bluetooth/host/libsubsys__bluetooth__host.a(hci_core.c.obj)
                0x000000000000bf08                bt_hci_cmd_state_set_init
 .text.bt_hci_cmd_create
                0x000000000000bf2c       0x74 zephyr/subsys/bluetooth/host/libsubsys__bluetooth__host.a(hci_core.c.obj)
                0x000000000000bf2c                bt_hci_cmd_create
 .text.bt_hci_cmd_send
                0x000000000000bfa0       0x6c zephyr/subsys/bluetooth/host/libsubsys__bluetooth__host.a(hci_core.c.obj)
                0x000000000000bfa0                bt_hci_cmd_send
 .text.le_ltk_request
                0x000000000000c00c       0xcc zephyr/subsys/bluetooth/host/libsubsys__bluetooth__host.a(hci_core.c.obj)
 .text.le_conn_param_neg_reply
                0x000000000000c0d8       0x5c zephyr/subsys/bluetooth/host/libsubsys__bluetooth__host.a(hci_core.c.obj)
 .text.le_conn_param_req
                0x000000000000c134       0xd8 zephyr/subsys/bluetooth/host/libsubsys__bluetooth__host.a(hci_core.c.obj)
 .text.bt_hci_cmd_send_sync
                0x000000000000c20c      0x108 zephyr/subsys/bluetooth/host/libsubsys__bluetooth__host.a(hci_core.c.obj)
                0x000000000000c20c                bt_hci_cmd_send_sync
 .text.hci_le_read_max_data_len
                0x000000000000c314       0x58 zephyr/subsys/bluetooth/host/libsubsys__bluetooth__host.a(hci_core.c.obj)
 .text.bt_le_create_conn_legacy
                0x000000000000c36c       0xc4 zephyr/subsys/bluetooth/host/libsubsys__bluetooth__host.a(hci_core.c.obj)
                0x000000000000c36c                bt_le_create_conn_legacy
 .text.bt_le_create_conn_cancel
                0x000000000000c430       0x34 zephyr/subsys/bluetooth/host/libsubsys__bluetooth__host.a(hci_core.c.obj)
                0x000000000000c430                bt_le_create_conn_cancel
 .text.conn_auto_initiate
                0x000000000000c464      0x114 zephyr/subsys/bluetooth/host/libsubsys__bluetooth__host.a(hci_core.c.obj)
 .text.le_phy_update_complete
                0x000000000000c578       0x78 zephyr/subsys/bluetooth/host/libsubsys__bluetooth__host.a(hci_core.c.obj)
 .text.le_remote_feat_complete
                0x000000000000c5f0       0x68 zephyr/subsys/bluetooth/host/libsubsys__bluetooth__host.a(hci_core.c.obj)
 .text.bt_hci_le_enh_conn_complete
                0x000000000000c658      0x228 zephyr/subsys/bluetooth/host/libsubsys__bluetooth__host.a(hci_core.c.obj)
                0x000000000000c658                bt_hci_le_enh_conn_complete
 .text.le_legacy_conn_complete
                0x000000000000c880       0x70 zephyr/subsys/bluetooth/host/libsubsys__bluetooth__host.a(hci_core.c.obj)
 .text.bt_security_err_get
                0x000000000000c8f0       0x10 zephyr/subsys/bluetooth/host/libsubsys__bluetooth__host.a(hci_core.c.obj)
                0x000000000000c8f0                bt_security_err_get
 .text.hci_encrypt_key_refresh_complete
                0x000000000000c900       0xb4 zephyr/subsys/bluetooth/host/libsubsys__bluetooth__host.a(hci_core.c.obj)
 .text.hci_encrypt_change
                0x000000000000c9b4       0xb8 zephyr/subsys/bluetooth/host/libsubsys__bluetooth__host.a(hci_core.c.obj)
 .text.hci_event_prio
                0x000000000000ca6c       0xa4 zephyr/subsys/bluetooth/host/libsubsys__bluetooth__host.a(hci_core.c.obj)
                0x000000000000ca6c                hci_event_prio
 .text.bt_recv  0x000000000000cb10      0x18c zephyr/subsys/bluetooth/host/libsubsys__bluetooth__host.a(hci_core.c.obj)
                0x000000000000cb10                bt_recv
 .text.bt_recv_prio
                0x000000000000cc9c       0x3c zephyr/subsys/bluetooth/host/libsubsys__bluetooth__host.a(hci_core.c.obj)
                0x000000000000cc9c                bt_recv_prio
 .text.bt_hci_driver_register
                0x000000000000ccd8       0x28 zephyr/subsys/bluetooth/host/libsubsys__bluetooth__host.a(hci_core.c.obj)
                0x000000000000ccd8                bt_hci_driver_register
 .text.bt_finalize_init
                0x000000000000cd00      0x114 zephyr/subsys/bluetooth/host/libsubsys__bluetooth__host.a(hci_core.c.obj)
                0x000000000000cd00                bt_finalize_init
 .text.init_work
                0x000000000000ce14       0x18 zephyr/subsys/bluetooth/host/libsubsys__bluetooth__host.a(hci_core.c.obj)
 .text.bt_enable
                0x000000000000ce2c       0xe4 zephyr/subsys/bluetooth/host/libsubsys__bluetooth__host.a(hci_core.c.obj)
                0x000000000000ce2c                bt_enable
 .text.bt_get_name
                0x000000000000cf10        0x8 zephyr/subsys/bluetooth/host/libsubsys__bluetooth__host.a(hci_core.c.obj)
                0x000000000000cf10                bt_get_name
 .text.bt_data_parse
                0x000000000000cf18       0x74 zephyr/subsys/bluetooth/host/libsubsys__bluetooth__host.a(hci_core.c.obj)
                0x000000000000cf18                bt_data_parse
 .text.id_find  0x000000000000cf8c       0x34 zephyr/subsys/bluetooth/host/libsubsys__bluetooth__host.a(id.c.obj)
 .text.le_rpa_invalidate
                0x000000000000cfc0       0x20 zephyr/subsys/bluetooth/host/libsubsys__bluetooth__host.a(id.c.obj)
 .text.hci_id_add
                0x000000000000cfe0       0x64 zephyr/subsys/bluetooth/host/libsubsys__bluetooth__host.a(id.c.obj)
 .text.atomic_get.constprop.0
                0x000000000000d044       0x14 zephyr/subsys/bluetooth/host/libsubsys__bluetooth__host.a(id.c.obj)
 .text.bt_id_add.part.0
                0x000000000000d058      0x1c8 zephyr/subsys/bluetooth/host/libsubsys__bluetooth__host.a(id.c.obj)
 .text.set_random_address
                0x000000000000d220       0x5c zephyr/subsys/bluetooth/host/libsubsys__bluetooth__host.a(id.c.obj)
 .text.id_create
                0x000000000000d27c       0xb0 zephyr/subsys/bluetooth/host/libsubsys__bluetooth__host.a(id.c.obj)
 .text.bt_id_set_private_addr
                0x000000000000d32c       0x64 zephyr/subsys/bluetooth/host/libsubsys__bluetooth__host.a(id.c.obj)
                0x000000000000d32c                bt_id_set_private_addr
 .text.le_update_private_addr
                0x000000000000d390       0x5c zephyr/subsys/bluetooth/host/libsubsys__bluetooth__host.a(id.c.obj)
 .text.bt_id_pending_keys_update
                0x000000000000d3ec       0x34 zephyr/subsys/bluetooth/host/libsubsys__bluetooth__host.a(id.c.obj)
                0x000000000000d3ec                bt_id_pending_keys_update
 .text.bt_id_add
                0x000000000000d420       0x30 zephyr/subsys/bluetooth/host/libsubsys__bluetooth__host.a(id.c.obj)
                0x000000000000d420                bt_id_add
 .text.bt_id_del
                0x000000000000d450      0x158 zephyr/subsys/bluetooth/host/libsubsys__bluetooth__host.a(id.c.obj)
                0x000000000000d450                bt_id_del
 .text.bt_id_create
                0x000000000000d5a8       0xd4 zephyr/subsys/bluetooth/host/libsubsys__bluetooth__host.a(id.c.obj)
                0x000000000000d5a8                bt_id_create
 .text.bt_id_read_public_addr
                0x000000000000d67c       0xa4 zephyr/subsys/bluetooth/host/libsubsys__bluetooth__host.a(id.c.obj)
                0x000000000000d67c                bt_id_read_public_addr
 .text.bt_setup_public_id_addr
                0x000000000000d720       0x94 zephyr/subsys/bluetooth/host/libsubsys__bluetooth__host.a(id.c.obj)
                0x000000000000d720                bt_setup_public_id_addr
 .text.bt_read_static_addr
                0x000000000000d7b4       0xc4 zephyr/subsys/bluetooth/host/libsubsys__bluetooth__host.a(id.c.obj)
                0x000000000000d7b4                bt_read_static_addr
 .text.bt_setup_random_id_addr
                0x000000000000d878       0x80 zephyr/subsys/bluetooth/host/libsubsys__bluetooth__host.a(id.c.obj)
                0x000000000000d878                bt_setup_random_id_addr
 .text.bt_id_set_create_conn_own_addr
                0x000000000000d8f8       0x68 zephyr/subsys/bluetooth/host/libsubsys__bluetooth__host.a(id.c.obj)
                0x000000000000d8f8                bt_id_set_create_conn_own_addr
 .text.bt_id_set_scan_own_addr
                0x000000000000d960       0x24 zephyr/subsys/bluetooth/host/libsubsys__bluetooth__host.a(id.c.obj)
                0x000000000000d960                bt_id_set_scan_own_addr
 .text.bt_id_init
                0x000000000000d984       0x7c zephyr/subsys/bluetooth/host/libsubsys__bluetooth__host.a(id.c.obj)
                0x000000000000d984                bt_id_init
 .text.bt_le_scan_set_enable_legacy
                0x000000000000da00       0x68 zephyr/subsys/bluetooth/host/libsubsys__bluetooth__host.a(scan.c.obj)
 .text.start_le_scan_legacy
                0x000000000000da68       0xa4 zephyr/subsys/bluetooth/host/libsubsys__bluetooth__host.a(scan.c.obj)
 .text.bt_scan_reset
                0x000000000000db0c        0xc zephyr/subsys/bluetooth/host/libsubsys__bluetooth__host.a(scan.c.obj)
                0x000000000000db0c                bt_scan_reset
 .text.bt_le_scan_update
                0x000000000000db18       0x94 zephyr/subsys/bluetooth/host/libsubsys__bluetooth__host.a(scan.c.obj)
                0x000000000000db18                bt_le_scan_update
 .text.bt_hci_le_adv_report
                0x000000000000dbac      0x1f4 zephyr/subsys/bluetooth/host/libsubsys__bluetooth__host.a(scan.c.obj)
                0x000000000000dbac                bt_hci_le_adv_report
 .text.bt_le_scan_start
                0x000000000000dda0      0x100 zephyr/subsys/bluetooth/host/libsubsys__bluetooth__host.a(scan.c.obj)
                0x000000000000dda0                bt_le_scan_start
 .text.bt_le_scan_stop
                0x000000000000dea0       0x2c zephyr/subsys/bluetooth/host/libsubsys__bluetooth__host.a(scan.c.obj)
                0x000000000000dea0                bt_le_scan_stop
 .text.bt_pub_key_is_debug
                0x000000000000decc       0x18 zephyr/subsys/bluetooth/host/libsubsys__bluetooth__host.a(ecc.c.obj)
                0x000000000000decc                bt_pub_key_is_debug
 .text.bt_pub_key_gen
                0x000000000000dee4      0x148 zephyr/subsys/bluetooth/host/libsubsys__bluetooth__host.a(ecc.c.obj)
                0x000000000000dee4                bt_pub_key_gen
 .text.bt_pub_key_get
                0x000000000000e02c       0x20 zephyr/subsys/bluetooth/host/libsubsys__bluetooth__host.a(ecc.c.obj)
                0x000000000000e02c                bt_pub_key_get
 .text.bt_dh_key_gen
                0x000000000000e04c       0xb8 zephyr/subsys/bluetooth/host/libsubsys__bluetooth__host.a(ecc.c.obj)
                0x000000000000e04c                bt_dh_key_gen
 .text.bt_hci_evt_le_pkey_complete
                0x000000000000e104       0x7c zephyr/subsys/bluetooth/host/libsubsys__bluetooth__host.a(ecc.c.obj)
                0x000000000000e104                bt_hci_evt_le_pkey_complete
 .text.bt_hci_evt_le_dhkey_complete
                0x000000000000e180       0x1c zephyr/subsys/bluetooth/host/libsubsys__bluetooth__host.a(ecc.c.obj)
                0x000000000000e180                bt_hci_evt_le_dhkey_complete
 .text.tx_free  0x000000000000e19c       0x14 zephyr/subsys/bluetooth/host/libsubsys__bluetooth__host.a(conn.c.obj)
 .text.notify_connected
                0x000000000000e1b0       0x48 zephyr/subsys/bluetooth/host/libsubsys__bluetooth__host.a(conn.c.obj)
 .text.send_frag
                0x000000000000e1f8      0x13c zephyr/subsys/bluetooth/host/libsubsys__bluetooth__host.a(conn.c.obj)
 .text.bt_conn_get_pkts
                0x000000000000e334        0x8 zephyr/subsys/bluetooth/host/libsubsys__bluetooth__host.a(conn.c.obj)
                0x000000000000e334                bt_conn_get_pkts
 .text.bt_conn_new
                0x000000000000e33c       0x68 zephyr/subsys/bluetooth/host/libsubsys__bluetooth__host.a(conn.c.obj)
                0x000000000000e33c                bt_conn_new
 .text.bt_conn_recv
                0x000000000000e3a4      0x154 zephyr/subsys/bluetooth/host/libsubsys__bluetooth__host.a(conn.c.obj)
                0x000000000000e3a4                bt_conn_recv
 .text.bt_conn_send_cb
                0x000000000000e4f8       0xe0 zephyr/subsys/bluetooth/host/libsubsys__bluetooth__host.a(conn.c.obj)
                0x000000000000e4f8                bt_conn_send_cb
 .text.bt_conn_prepare_events
                0x000000000000e5d8       0x68 zephyr/subsys/bluetooth/host/libsubsys__bluetooth__host.a(conn.c.obj)
                0x000000000000e5d8                bt_conn_prepare_events
 .text.bt_conn_lookup_handle
                0x000000000000e640       0x10 zephyr/subsys/bluetooth/host/libsubsys__bluetooth__host.a(conn.c.obj)
                0x000000000000e640                bt_conn_lookup_handle
 .text.bt_conn_set_state
                0x000000000000e650      0x250 zephyr/subsys/bluetooth/host/libsubsys__bluetooth__host.a(conn.c.obj)
                0x000000000000e650                bt_conn_set_state
 .text.bt_conn_index
                0x000000000000e8a0       0x18 zephyr/subsys/bluetooth/host/libsubsys__bluetooth__host.a(conn.c.obj)
                0x000000000000e8a0                bt_conn_index
 .text.bt_conn_create_pdu_timeout
                0x000000000000e8b8       0x50 zephyr/subsys/bluetooth/host/libsubsys__bluetooth__host.a(conn.c.obj)
                0x000000000000e8b8                bt_conn_create_pdu_timeout
 .text.notify_le_param_updated
                0x000000000000e908       0x84 zephyr/subsys/bluetooth/host/libsubsys__bluetooth__host.a(conn.c.obj)
                0x000000000000e908                notify_le_param_updated
 .text.le_param_req
                0x000000000000e98c       0x74 zephyr/subsys/bluetooth/host/libsubsys__bluetooth__host.a(conn.c.obj)
                0x000000000000e98c                le_param_req
 .text.bt_conn_identity_resolved
                0x000000000000ea00       0x5c zephyr/subsys/bluetooth/host/libsubsys__bluetooth__host.a(conn.c.obj)
                0x000000000000ea00                bt_conn_identity_resolved
 .text.bt_conn_security_changed
                0x000000000000ea5c       0x4c zephyr/subsys/bluetooth/host/libsubsys__bluetooth__host.a(conn.c.obj)
                0x000000000000ea5c                bt_conn_security_changed
 .text.bt_conn_add_le
                0x000000000000eaa8       0x38 zephyr/subsys/bluetooth/host/libsubsys__bluetooth__host.a(conn.c.obj)
                0x000000000000eaa8                bt_conn_add_le
 .text.bt_conn_lookup_addr_le
                0x000000000000eae0       0x40 zephyr/subsys/bluetooth/host/libsubsys__bluetooth__host.a(conn.c.obj)
                0x000000000000eae0                bt_conn_lookup_addr_le
 .text.bt_conn_lookup_state_le
                0x000000000000eb20       0x48 zephyr/subsys/bluetooth/host/libsubsys__bluetooth__host.a(conn.c.obj)
                0x000000000000eb20                bt_conn_lookup_state_le
 .text.bt_le_set_auto_conn
                0x000000000000eb68       0xe0 zephyr/subsys/bluetooth/host/libsubsys__bluetooth__host.a(conn.c.obj)
                0x000000000000eb68                bt_le_set_auto_conn
 .text.send_conn_le_param_update
                0x000000000000ec48       0x68 zephyr/subsys/bluetooth/host/libsubsys__bluetooth__host.a(conn.c.obj)
 .text.deferred_work
                0x000000000000ecb0       0xcc zephyr/subsys/bluetooth/host/libsubsys__bluetooth__host.a(conn.c.obj)
 .text.bt_conn_create_frag_timeout
                0x000000000000ed7c        0xc zephyr/subsys/bluetooth/host/libsubsys__bluetooth__host.a(conn.c.obj)
                0x000000000000ed7c                bt_conn_create_frag_timeout
 .text.create_frag
                0x000000000000ed88       0x6c zephyr/subsys/bluetooth/host/libsubsys__bluetooth__host.a(conn.c.obj)
 .text.bt_conn_process_tx
                0x000000000000edf4       0xc0 zephyr/subsys/bluetooth/host/libsubsys__bluetooth__host.a(conn.c.obj)
                0x000000000000edf4                bt_conn_process_tx
 .text.bt_conn_init
                0x000000000000eeb4       0x60 zephyr/subsys/bluetooth/host/libsubsys__bluetooth__host.a(conn.c.obj)
                0x000000000000eeb4                bt_conn_init
 .text.l2cap_create_le_sig_pdu.constprop.0
                0x000000000000ef14       0x58 zephyr/subsys/bluetooth/host/libsubsys__bluetooth__host.a(l2cap.c.obj)
 .text.l2cap_accept
                0x000000000000ef6c       0x4c zephyr/subsys/bluetooth/host/libsubsys__bluetooth__host.a(l2cap.c.obj)
 .text.l2cap_rtx_timeout
                0x000000000000efb8       0x44 zephyr/subsys/bluetooth/host/libsubsys__bluetooth__host.a(l2cap.c.obj)
 .text.bt_l2cap_connected
                0x000000000000effc       0xb8 zephyr/subsys/bluetooth/host/libsubsys__bluetooth__host.a(l2cap.c.obj)
                0x000000000000effc                bt_l2cap_connected
 .text.l2cap_recv
                0x000000000000f0b4      0x194 zephyr/subsys/bluetooth/host/libsubsys__bluetooth__host.a(l2cap.c.obj)
 .text.bt_l2cap_recv
                0x000000000000f248       0x80 zephyr/subsys/bluetooth/host/libsubsys__bluetooth__host.a(l2cap.c.obj)
                0x000000000000f248                bt_l2cap_recv
 .text.bt_l2cap_update_conn_param
                0x000000000000f2c8       0x64 zephyr/subsys/bluetooth/host/libsubsys__bluetooth__host.a(l2cap.c.obj)
                0x000000000000f2c8                bt_l2cap_update_conn_param
 .text.att_cfm_sent
                0x000000000000f32c       0x10 zephyr/subsys/bluetooth/host/libsubsys__bluetooth__host.a(att.c.obj)
 .text.att_rsp_sent
                0x000000000000f33c       0x10 zephyr/subsys/bluetooth/host/libsubsys__bluetooth__host.a(att.c.obj)
 .text.att_req_sent
                0x000000000000f34c       0x10 zephyr/subsys/bluetooth/host/libsubsys__bluetooth__host.a(att.c.obj)
 .text.bt_att_released
                0x000000000000f35c       0x18 zephyr/subsys/bluetooth/host/libsubsys__bluetooth__host.a(att.c.obj)
 .text.find_type_cb
                0x000000000000f374      0x174 zephyr/subsys/bluetooth/host/libsubsys__bluetooth__host.a(att.c.obj)
 .text.att_get  0x000000000000f4e8       0x90 zephyr/subsys/bluetooth/host/libsubsys__bluetooth__host.a(att.c.obj)
 .text.bt_att_accept
                0x000000000000f578       0xcc zephyr/subsys/bluetooth/host/libsubsys__bluetooth__host.a(att.c.obj)
 .text.read_group_cb
                0x000000000000f644       0xac zephyr/subsys/bluetooth/host/libsubsys__bluetooth__host.a(att.c.obj)
 .text.chan_send
                0x000000000000f6f0       0xe0 zephyr/subsys/bluetooth/host/libsubsys__bluetooth__host.a(att.c.obj)
 .text.read_type_cb
                0x000000000000f7d0       0xa8 zephyr/subsys/bluetooth/host/libsubsys__bluetooth__host.a(att.c.obj)
 .text.bt_att_connected
                0x000000000000f878       0x68 zephyr/subsys/bluetooth/host/libsubsys__bluetooth__host.a(att.c.obj)
 .text.bt_att_chan_create_pdu
                0x000000000000f8e0       0xac zephyr/subsys/bluetooth/host/libsubsys__bluetooth__host.a(att.c.obj)
                0x000000000000f8e0                bt_att_chan_create_pdu
 .text.att_indicate
                0x000000000000f98c       0x3c zephyr/subsys/bluetooth/host/libsubsys__bluetooth__host.a(att.c.obj)
 .text.send_err_rsp.part.0
                0x000000000000f9c8       0x40 zephyr/subsys/bluetooth/host/libsubsys__bluetooth__host.a(att.c.obj)
 .text.bt_att_recv
                0x000000000000fa08      0x1ac zephyr/subsys/bluetooth/host/libsubsys__bluetooth__host.a(att.c.obj)
 .text.att_write_rsp.constprop.0
                0x000000000000fbb4       0xc8 zephyr/subsys/bluetooth/host/libsubsys__bluetooth__host.a(att.c.obj)
 .text.att_signed_write_cmd
                0x000000000000fc7c       0x94 zephyr/subsys/bluetooth/host/libsubsys__bluetooth__host.a(att.c.obj)
 .text.bt_att_create_pdu
                0x000000000000fd10       0x78 zephyr/subsys/bluetooth/host/libsubsys__bluetooth__host.a(att.c.obj)
                0x000000000000fd10                bt_att_create_pdu
 .text.att_read_group_req
                0x000000000000fd88      0x108 zephyr/subsys/bluetooth/host/libsubsys__bluetooth__host.a(att.c.obj)
 .text.att_read_mult_req
                0x000000000000fe90       0x9c zephyr/subsys/bluetooth/host/libsubsys__bluetooth__host.a(att.c.obj)
 .text.att_read_rsp
                0x000000000000ff2c       0x94 zephyr/subsys/bluetooth/host/libsubsys__bluetooth__host.a(att.c.obj)
 .text.att_read_type_req
                0x000000000000ffc0       0xc8 zephyr/subsys/bluetooth/host/libsubsys__bluetooth__host.a(att.c.obj)
 .text.att_find_type_req
                0x0000000000010088       0xdc zephyr/subsys/bluetooth/host/libsubsys__bluetooth__host.a(att.c.obj)
 .text.att_find_info_req
                0x0000000000010164       0x78 zephyr/subsys/bluetooth/host/libsubsys__bluetooth__host.a(att.c.obj)
 .text.att_mtu_req
                0x00000000000101dc       0x70 zephyr/subsys/bluetooth/host/libsubsys__bluetooth__host.a(att.c.obj)
 .text.bt_att_req_alloc
                0x000000000001024c       0x44 zephyr/subsys/bluetooth/host/libsubsys__bluetooth__host.a(att.c.obj)
                0x000000000001024c                bt_att_req_alloc
 .text.bt_att_req_free
                0x0000000000010290       0x24 zephyr/subsys/bluetooth/host/libsubsys__bluetooth__host.a(att.c.obj)
                0x0000000000010290                bt_att_req_free
 .text.att_handle_rsp
                0x00000000000102b4       0x98 zephyr/subsys/bluetooth/host/libsubsys__bluetooth__host.a(att.c.obj)
 .text.att_error_rsp
                0x000000000001034c       0x68 zephyr/subsys/bluetooth/host/libsubsys__bluetooth__host.a(att.c.obj)
 .text.bt_att_disconnected
                0x00000000000103b4       0xb4 zephyr/subsys/bluetooth/host/libsubsys__bluetooth__host.a(att.c.obj)
 .text.att_timeout
                0x0000000000010468       0x38 zephyr/subsys/bluetooth/host/libsubsys__bluetooth__host.a(att.c.obj)
 .text.bt_att_req_cancel
                0x00000000000104a0       0x5c zephyr/subsys/bluetooth/host/libsubsys__bluetooth__host.a(att.c.obj)
                0x00000000000104a0                bt_att_req_cancel
 .text.find_cf_cfg
                0x00000000000104fc       0x5c zephyr/subsys/bluetooth/host/libsubsys__bluetooth__host.a(gatt.c.obj)
 .text.find_sc_cfg
                0x0000000000010558       0x40 zephyr/subsys/bluetooth/host/libsubsys__bluetooth__host.a(gatt.c.obj)
 .text.gatt_sub_find
                0x0000000000010598       0x5c zephyr/subsys/bluetooth/host/libsubsys__bluetooth__host.a(gatt.c.obj)
 .text.gatt_write_ccc
                0x00000000000105f4       0x24 zephyr/subsys/bluetooth/host/libsubsys__bluetooth__host.a(gatt.c.obj)
 .text.bt_gatt_attr_write_ccc
                0x0000000000010618       0xd4 zephyr/subsys/bluetooth/host/libsubsys__bluetooth__host.a(gatt.c.obj)
                0x0000000000010618                bt_gatt_attr_write_ccc
 .text.sc_save  0x00000000000106ec       0x78 zephyr/subsys/bluetooth/host/libsubsys__bluetooth__host.a(gatt.c.obj)
 .text.cf_write
                0x0000000000010764       0xb8 zephyr/subsys/bluetooth/host/libsubsys__bluetooth__host.a(gatt.c.obj)
 .text.sc_indicate_rsp
                0x000000000001081c       0x54 zephyr/subsys/bluetooth/host/libsubsys__bluetooth__host.a(gatt.c.obj)
 .text.disconnected_cb
                0x0000000000010870       0xbc zephyr/subsys/bluetooth/host/libsubsys__bluetooth__host.a(gatt.c.obj)
 .text.bt_gatt_init
                0x000000000001092c       0xac zephyr/subsys/bluetooth/host/libsubsys__bluetooth__host.a(gatt.c.obj)
                0x000000000001092c                bt_gatt_init
 .text.bt_gatt_attr_get_handle
                0x00000000000109d8       0x60 zephyr/subsys/bluetooth/host/libsubsys__bluetooth__host.a(gatt.c.obj)
                0x00000000000109d8                bt_gatt_attr_get_handle
 .text.bt_gatt_foreach_attr_type
                0x0000000000010a38       0xb4 zephyr/subsys/bluetooth/host/libsubsys__bluetooth__host.a(gatt.c.obj)
                0x0000000000010a38                bt_gatt_foreach_attr_type
 .text.db_hash_gen.constprop.0
                0x0000000000010aec       0xac zephyr/subsys/bluetooth/host/libsubsys__bluetooth__host.a(gatt.c.obj)
 .text.gatt_indicate
                0x0000000000010b98       0xe8 zephyr/subsys/bluetooth/host/libsubsys__bluetooth__host.a(gatt.c.obj)
 .text.bt_gatt_indicate
                0x0000000000010c80       0xf0 zephyr/subsys/bluetooth/host/libsubsys__bluetooth__host.a(gatt.c.obj)
                0x0000000000010c80                bt_gatt_indicate
 .text.sc_process
                0x0000000000010d70       0x70 zephyr/subsys/bluetooth/host/libsubsys__bluetooth__host.a(gatt.c.obj)
 .text.gatt_notify
                0x0000000000010de0       0xb4 zephyr/subsys/bluetooth/host/libsubsys__bluetooth__host.a(gatt.c.obj)
 .text.notify_cb
                0x0000000000010e94      0x134 zephyr/subsys/bluetooth/host/libsubsys__bluetooth__host.a(gatt.c.obj)
 .text.update_ccc
                0x0000000000010fc8      0x134 zephyr/subsys/bluetooth/host/libsubsys__bluetooth__host.a(gatt.c.obj)
 .text.bt_gatt_mult_notification
                0x00000000000110fc       0xc8 zephyr/subsys/bluetooth/host/libsubsys__bluetooth__host.a(gatt.c.obj)
                0x00000000000110fc                bt_gatt_mult_notification
 .text.bt_gatt_connected
                0x00000000000111c4       0x9c zephyr/subsys/bluetooth/host/libsubsys__bluetooth__host.a(gatt.c.obj)
                0x00000000000111c4                bt_gatt_connected
 .text.bt_gatt_att_max_mtu_changed
                0x0000000000011260       0x28 zephyr/subsys/bluetooth/host/libsubsys__bluetooth__host.a(gatt.c.obj)
                0x0000000000011260                bt_gatt_att_max_mtu_changed
 .text.bt_gatt_encrypt_change
                0x0000000000011288       0x20 zephyr/subsys/bluetooth/host/libsubsys__bluetooth__host.a(gatt.c.obj)
                0x0000000000011288                bt_gatt_encrypt_change
 .text.db_hash_read
                0x00000000000112a8       0x5c zephyr/subsys/bluetooth/host/libsubsys__bluetooth__host.a(gatt.c.obj)
 .text.bt_gatt_disconnected
                0x0000000000011304       0xcc zephyr/subsys/bluetooth/host/libsubsys__bluetooth__host.a(gatt.c.obj)
                0x0000000000011304                bt_gatt_disconnected
 .text.get_io_capa
                0x00000000000113d0       0x4c zephyr/subsys/bluetooth/host/libsubsys__bluetooth__host.a(smp.c.obj)
 .text.smp_sign_buf
                0x000000000001141c       0x84 zephyr/subsys/bluetooth/host/libsubsys__bluetooth__host.a(smp.c.obj)
 .text.bt_smp_accept
                0x00000000000114a0       0x54 zephyr/subsys/bluetooth/host/libsubsys__bluetooth__host.a(smp.c.obj)
 .text.smp_chan_get
                0x00000000000114f4       0x40 zephyr/subsys/bluetooth/host/libsubsys__bluetooth__host.a(smp.c.obj)
 .text.smp_find
                0x0000000000011534       0x1c zephyr/subsys/bluetooth/host/libsubsys__bluetooth__host.a(smp.c.obj)
 .text.smp_dhkey_check
                0x0000000000011550      0x118 zephyr/subsys/bluetooth/host/libsubsys__bluetooth__host.a(smp.c.obj)
 .text.smp_dhkey_generate
                0x0000000000011668       0x54 zephyr/subsys/bluetooth/host/libsubsys__bluetooth__host.a(smp.c.obj)
 .text.smp_ident_info
                0x00000000000116bc       0x70 zephyr/subsys/bluetooth/host/libsubsys__bluetooth__host.a(smp.c.obj)
 .text.smp_encrypt_info
                0x000000000001172c       0x70 zephyr/subsys/bluetooth/host/libsubsys__bluetooth__host.a(smp.c.obj)
 .text.bt_smp_distribute_keys
                0x000000000001179c      0x280 zephyr/subsys/bluetooth/host/libsubsys__bluetooth__host.a(smp.c.obj)
 .text.smp_send_pairing_req
                0x0000000000011a1c      0x1b0 zephyr/subsys/bluetooth/host/libsubsys__bluetooth__host.a(smp.c.obj)
 .text.smp_security_request
                0x0000000000011bcc      0x14c zephyr/subsys/bluetooth/host/libsubsys__bluetooth__host.a(smp.c.obj)
 .text.sc_send_public_key
                0x0000000000011d18       0x44 zephyr/subsys/bluetooth/host/libsubsys__bluetooth__host.a(smp.c.obj)
 .text.compute_and_send_central_dhcheck
                0x0000000000011d5c      0x1d8 zephyr/subsys/bluetooth/host/libsubsys__bluetooth__host.a(smp.c.obj)
 .text.smp_send_pairing_confirm
                0x0000000000011f34       0xa4 zephyr/subsys/bluetooth/host/libsubsys__bluetooth__host.a(smp.c.obj)
 .text.smp_public_key
                0x0000000000011fd8      0x238 zephyr/subsys/bluetooth/host/libsubsys__bluetooth__host.a(smp.c.obj)
 .text.bt_smp_connected
                0x0000000000012210       0x1c zephyr/subsys/bluetooth/host/libsubsys__bluetooth__host.a(smp.c.obj)
 .text.smp_pairing_rsp
                0x000000000001222c      0x34c zephyr/subsys/bluetooth/host/libsubsys__bluetooth__host.a(smp.c.obj)
 .text.smp_pairing_random
                0x0000000000012578      0x270 zephyr/subsys/bluetooth/host/libsubsys__bluetooth__host.a(smp.c.obj)
 .text.bt_smp_sign_verify
                0x00000000000127e8       0xf8 zephyr/subsys/bluetooth/host/libsubsys__bluetooth__host.a(smp.c.obj)
                0x00000000000127e8                bt_smp_sign_verify
 .text.bt_smp_sign
                0x00000000000128e0       0xb0 zephyr/subsys/bluetooth/host/libsubsys__bluetooth__host.a(smp.c.obj)
                0x00000000000128e0                bt_smp_sign
 .text.smp_pairing_complete
                0x0000000000012990       0xbc zephyr/subsys/bluetooth/host/libsubsys__bluetooth__host.a(smp.c.obj)
 .text.bt_smp_recv
                0x0000000000012a4c      0x168 zephyr/subsys/bluetooth/host/libsubsys__bluetooth__host.a(smp.c.obj)
 .text.bt_smp_pkey_ready
                0x0000000000012bb4       0x90 zephyr/subsys/bluetooth/host/libsubsys__bluetooth__host.a(smp.c.obj)
 .text.smp_signing_info
                0x0000000000012c44       0x9c zephyr/subsys/bluetooth/host/libsubsys__bluetooth__host.a(smp.c.obj)
 .text.smp_ident_addr_info
                0x0000000000012ce0      0x18c zephyr/subsys/bluetooth/host/libsubsys__bluetooth__host.a(smp.c.obj)
 .text.smp_central_ident
                0x0000000000012e6c       0xc0 zephyr/subsys/bluetooth/host/libsubsys__bluetooth__host.a(smp.c.obj)
 .text.smp_pairing_failed
                0x0000000000012f2c       0x74 zephyr/subsys/bluetooth/host/libsubsys__bluetooth__host.a(smp.c.obj)
 .text.bt_smp_encrypt_change
                0x0000000000012fa0      0x108 zephyr/subsys/bluetooth/host/libsubsys__bluetooth__host.a(smp.c.obj)
 .text.smp_timeout
                0x00000000000130a8       0x48 zephyr/subsys/bluetooth/host/libsubsys__bluetooth__host.a(smp.c.obj)
 .text.bt_smp_update_keys
                0x00000000000130f0      0x120 zephyr/subsys/bluetooth/host/libsubsys__bluetooth__host.a(smp.c.obj)
                0x00000000000130f0                bt_smp_update_keys
 .text.bt_smp_init
                0x0000000000013210       0x2c zephyr/subsys/bluetooth/host/libsubsys__bluetooth__host.a(smp.c.obj)
                0x0000000000013210                bt_smp_init
 .text.bt_keys_get_addr
                0x000000000001323c       0x50 zephyr/subsys/bluetooth/host/libsubsys__bluetooth__host.a(keys.c.obj)
                0x000000000001323c                bt_keys_get_addr
 .text.bt_keys_foreach
                0x000000000001328c       0x1c zephyr/subsys/bluetooth/host/libsubsys__bluetooth__host.a(keys.c.obj)
                0x000000000001328c                bt_keys_foreach
 .text.bt_keys_find
                0x00000000000132a8       0x2c zephyr/subsys/bluetooth/host/libsubsys__bluetooth__host.a(keys.c.obj)
                0x00000000000132a8                bt_keys_find
 .text.bt_keys_find_irk
                0x00000000000132d4       0x70 zephyr/subsys/bluetooth/host/libsubsys__bluetooth__host.a(keys.c.obj)
                0x00000000000132d4                bt_keys_find_irk
 .text.bt_keys_find_addr
                0x0000000000013344       0x20 zephyr/subsys/bluetooth/host/libsubsys__bluetooth__host.a(keys.c.obj)
                0x0000000000013344                bt_keys_find_addr
 .text.mem_init
                0x0000000000013364       0x60 zephyr/subsys/bluetooth/controller/libsubsys__bluetooth__controller.a(mem.c.obj)
                0x0000000000013364                mem_init
 .text.mem_acquire
                0x00000000000133c4       0x34 zephyr/subsys/bluetooth/controller/libsubsys__bluetooth__controller.a(mem.c.obj)
                0x00000000000133c4                mem_acquire
 .text.mem_release
                0x00000000000133f8       0x30 zephyr/subsys/bluetooth/controller/libsubsys__bluetooth__controller.a(mem.c.obj)
                0x00000000000133f8                mem_release
 .text.mem_get  0x0000000000013428        0x8 zephyr/subsys/bluetooth/controller/libsubsys__bluetooth__controller.a(mem.c.obj)
                0x0000000000013428                mem_get
 .text.mem_index_get
                0x0000000000013430        0xc zephyr/subsys/bluetooth/controller/libsubsys__bluetooth__controller.a(mem.c.obj)
                0x0000000000013430                mem_index_get
 .text.mem_rcopy
                0x000000000001343c       0x1c zephyr/subsys/bluetooth/controller/libsubsys__bluetooth__controller.a(mem.c.obj)
                0x000000000001343c                mem_rcopy
 .text.mem_nz   0x0000000000013458       0x18 zephyr/subsys/bluetooth/controller/libsubsys__bluetooth__controller.a(mem.c.obj)
                0x0000000000013458                mem_nz
 .text.memq_init
                0x0000000000013470        0x8 zephyr/subsys/bluetooth/controller/libsubsys__bluetooth__controller.a(memq.c.obj)
                0x0000000000013470                memq_init
 .text.memq_deinit
                0x0000000000013478       0x14 zephyr/subsys/bluetooth/controller/libsubsys__bluetooth__controller.a(memq.c.obj)
                0x0000000000013478                memq_deinit
 .text.memq_enqueue
                0x000000000001348c       0x14 zephyr/subsys/bluetooth/controller/libsubsys__bluetooth__controller.a(memq.c.obj)
                0x000000000001348c                memq_enqueue
 .text.memq_peek
                0x00000000000134a0       0x10 zephyr/subsys/bluetooth/controller/libsubsys__bluetooth__controller.a(memq.c.obj)
                0x00000000000134a0                memq_peek
 .text.memq_dequeue
                0x00000000000134b0       0x20 zephyr/subsys/bluetooth/controller/libsubsys__bluetooth__controller.a(memq.c.obj)
                0x00000000000134b0                memq_dequeue
 .text.mayfly_init
                0x00000000000134d0       0x40 zephyr/subsys/bluetooth/controller/libsubsys__bluetooth__controller.a(mayfly.c.obj)
                0x00000000000134d0                mayfly_init
 .text.mayfly_enable
                0x0000000000013510       0x64 zephyr/subsys/bluetooth/controller/libsubsys__bluetooth__controller.a(mayfly.c.obj)
                0x0000000000013510                mayfly_enable
 .text.mayfly_enqueue
                0x0000000000013574       0xb0 zephyr/subsys/bluetooth/controller/libsubsys__bluetooth__controller.a(mayfly.c.obj)
                0x0000000000013574                mayfly_enqueue
 .text.mayfly_run
                0x0000000000013624      0x14c zephyr/subsys/bluetooth/controller/libsubsys__bluetooth__controller.a(mayfly.c.obj)
                0x0000000000013624                mayfly_run
 .text.util_ones_count_get
                0x0000000000013770       0x28 zephyr/subsys/bluetooth/controller/libsubsys__bluetooth__controller.a(util.c.obj)
                0x0000000000013770                util_ones_count_get
 .text.util_aa_le32
                0x0000000000013798      0x12c zephyr/subsys/bluetooth/controller/libsubsys__bluetooth__controller.a(util.c.obj)
                0x0000000000013798                util_aa_le32
 .text.ticker_dequeue
                0x00000000000138c4       0x74 zephyr/subsys/bluetooth/controller/libsubsys__bluetooth__controller.a(ticker.c.obj)
 .text.ticks_to_expire_prep
                0x0000000000013938       0x48 zephyr/subsys/bluetooth/controller/libsubsys__bluetooth__controller.a(ticker.c.obj)
 .text.ticker_job_list_insert
                0x0000000000013980      0x208 zephyr/subsys/bluetooth/controller/libsubsys__bluetooth__controller.a(ticker.c.obj)
 .text.ticker_worker
                0x0000000000013b88      0x2e0 zephyr/subsys/bluetooth/controller/libsubsys__bluetooth__controller.a(ticker.c.obj)
                0x0000000000013b88                ticker_worker
 .text.ticker_job
                0x0000000000013e68      0x940 zephyr/subsys/bluetooth/controller/libsubsys__bluetooth__controller.a(ticker.c.obj)
                0x0000000000013e68                ticker_job
 .text.ticker_init
                0x00000000000147a8       0x88 zephyr/subsys/bluetooth/controller/libsubsys__bluetooth__controller.a(ticker.c.obj)
                0x00000000000147a8                ticker_init
 .text.ticker_trigger
                0x0000000000014830       0x30 zephyr/subsys/bluetooth/controller/libsubsys__bluetooth__controller.a(ticker.c.obj)
                0x0000000000014830                ticker_trigger
 .text.ticker_start_ext
                0x0000000000014860       0xac zephyr/subsys/bluetooth/controller/libsubsys__bluetooth__controller.a(ticker.c.obj)
                0x0000000000014860                ticker_start_ext
 .text.ticker_start
                0x000000000001490c       0x38 zephyr/subsys/bluetooth/controller/libsubsys__bluetooth__controller.a(ticker.c.obj)
                0x000000000001490c                ticker_start
 .text.ticker_update_ext
                0x0000000000014944       0xac zephyr/subsys/bluetooth/controller/libsubsys__bluetooth__controller.a(ticker.c.obj)
                0x0000000000014944                ticker_update_ext
 .text.ticker_update
                0x00000000000149f0       0x30 zephyr/subsys/bluetooth/controller/libsubsys__bluetooth__controller.a(ticker.c.obj)
                0x00000000000149f0                ticker_update
 .text.ticker_stop
                0x0000000000014a20       0x84 zephyr/subsys/bluetooth/controller/libsubsys__bluetooth__controller.a(ticker.c.obj)
                0x0000000000014a20                ticker_stop
 .text.ticker_next_slot_get
                0x0000000000014aa4       0x8c zephyr/subsys/bluetooth/controller/libsubsys__bluetooth__controller.a(ticker.c.obj)
                0x0000000000014aa4                ticker_next_slot_get
 .text.ticker_job_sched
                0x0000000000014b30       0x30 zephyr/subsys/bluetooth/controller/libsubsys__bluetooth__controller.a(ticker.c.obj)
                0x0000000000014b30                ticker_job_sched
 .text.ticker_ticks_now_get
                0x0000000000014b60        0x4 zephyr/subsys/bluetooth/controller/libsubsys__bluetooth__controller.a(ticker.c.obj)
                0x0000000000014b60                ticker_ticks_now_get
 .text.ticker_ticks_diff_get
                0x0000000000014b64        0x8 zephyr/subsys/bluetooth/controller/libsubsys__bluetooth__controller.a(ticker.c.obj)
                0x0000000000014b64                ticker_ticks_diff_get
 .text.ll_addr_set
                0x0000000000014b6c       0x3c zephyr/subsys/bluetooth/controller/libsubsys__bluetooth__controller.a(ll_addr.c.obj)
                0x0000000000014b6c                ll_addr_set
 .text.ll_addr_get
                0x0000000000014ba8       0x20 zephyr/subsys/bluetooth/controller/libsubsys__bluetooth__controller.a(ll_addr.c.obj)
                0x0000000000014ba8                ll_addr_get
 .text.ll_addr_read
                0x0000000000014bc8       0x30 zephyr/subsys/bluetooth/controller/libsubsys__bluetooth__controller.a(ll_addr.c.obj)
                0x0000000000014bc8                ll_addr_read
 .text.ll_tx_pwr_lvl_get
                0x0000000000014bf8       0x24 zephyr/subsys/bluetooth/controller/libsubsys__bluetooth__controller.a(ll_tx_pwr.c.obj)
                0x0000000000014bf8                ll_tx_pwr_lvl_get
 .text.ll_tx_pwr_get
                0x0000000000014c1c        0x8 zephyr/subsys/bluetooth/controller/libsubsys__bluetooth__controller.a(ll_tx_pwr.c.obj)
                0x0000000000014c1c                ll_tx_pwr_get
 .text.hci_driver_init
                0x0000000000014c24       0x10 zephyr/subsys/bluetooth/controller/libsubsys__bluetooth__controller.a(hci_driver.c.obj)
 .text.hci_driver_send
                0x0000000000014c34       0xc8 zephyr/subsys/bluetooth/controller/libsubsys__bluetooth__controller.a(hci_driver.c.obj)
 .text.recv_thread
                0x0000000000014cfc      0x118 zephyr/subsys/bluetooth/controller/libsubsys__bluetooth__controller.a(hci_driver.c.obj)
 .text.prio_recv_thread
                0x0000000000014e14       0xc8 zephyr/subsys/bluetooth/controller/libsubsys__bluetooth__controller.a(hci_driver.c.obj)
 .text.hci_driver_open
                0x0000000000014edc       0xc4 zephyr/subsys/bluetooth/controller/libsubsys__bluetooth__controller.a(hci_driver.c.obj)
 .text.dup_found.part.0
                0x0000000000014fa0       0xc0 zephyr/subsys/bluetooth/controller/libsubsys__bluetooth__controller.a(hci.c.obj)
 .text.le_remote_feat_complete
                0x0000000000015060       0x70 zephyr/subsys/bluetooth/controller/libsubsys__bluetooth__controller.a(hci.c.obj)
 .text.hci_vendor_cmd_handle_common
                0x00000000000150d0      0x17c zephyr/subsys/bluetooth/controller/libsubsys__bluetooth__controller.a(hci.c.obj)
                0x00000000000150d0                hci_vendor_cmd_handle_common
 .text.hci_cmd_handle
                0x000000000001524c      0xa24 zephyr/subsys/bluetooth/controller/libsubsys__bluetooth__controller.a(hci.c.obj)
                0x000000000001524c                hci_cmd_handle
 .text.hci_acl_handle
                0x0000000000015c70      0x168 zephyr/subsys/bluetooth/controller/libsubsys__bluetooth__controller.a(hci.c.obj)
                0x0000000000015c70                hci_acl_handle
 .text.hci_disconn_complete_encode
                0x0000000000015dd8       0x40 zephyr/subsys/bluetooth/controller/libsubsys__bluetooth__controller.a(hci.c.obj)
                0x0000000000015dd8                hci_disconn_complete_encode
 .text.hci_disconn_complete_process
                0x0000000000015e18       0x10 zephyr/subsys/bluetooth/controller/libsubsys__bluetooth__controller.a(hci.c.obj)
                0x0000000000015e18                hci_disconn_complete_process
 .text.hci_acl_encode
                0x0000000000015e28       0x74 zephyr/subsys/bluetooth/controller/libsubsys__bluetooth__controller.a(hci.c.obj)
                0x0000000000015e28                hci_acl_encode
 .text.hci_evt_encode
                0x0000000000015e9c      0x8b0 zephyr/subsys/bluetooth/controller/libsubsys__bluetooth__controller.a(hci.c.obj)
                0x0000000000015e9c                hci_evt_encode
 .text.hci_num_cmplt_encode
                0x000000000001674c       0x30 zephyr/subsys/bluetooth/controller/libsubsys__bluetooth__controller.a(hci.c.obj)
                0x000000000001674c                hci_num_cmplt_encode
 .text.hci_get_class
                0x000000000001677c       0x2c zephyr/subsys/bluetooth/controller/libsubsys__bluetooth__controller.a(hci.c.obj)
                0x000000000001677c                hci_get_class
 .text.hci_init
                0x00000000000167a8       0x4c zephyr/subsys/bluetooth/controller/libsubsys__bluetooth__controller.a(hci.c.obj)
                0x00000000000167a8                hci_init
 .text.bt_rand  0x00000000000167f4        0x4 zephyr/subsys/bluetooth/controller/libsubsys__bluetooth__controller.a(crypto.c.obj)
                0x00000000000167f4                bt_rand
 .text.bt_encrypt_le
                0x00000000000167f8        0xc zephyr/subsys/bluetooth/controller/libsubsys__bluetooth__controller.a(crypto.c.obj)
                0x00000000000167f8                bt_encrypt_le
 .text.ll_feat_get
                0x0000000000016804        0xc zephyr/subsys/bluetooth/controller/libsubsys__bluetooth__controller.a(ll_feat.c.obj)
                0x0000000000016804                ll_feat_get
 .text.perform_lll_reset
                0x0000000000016810       0x94 zephyr/subsys/bluetooth/controller/libsubsys__bluetooth__controller.a(ull.c.obj)
 .text.ull_ticker_status_give
                0x00000000000168a4        0xc zephyr/subsys/bluetooth/controller/libsubsys__bluetooth__controller.a(ull.c.obj)
                0x00000000000168a4                ull_ticker_status_give
 .text.disabled_cb
                0x00000000000168b0        0x4 zephyr/subsys/bluetooth/controller/libsubsys__bluetooth__controller.a(ull.c.obj)
 .text.tx_cmplt_get
                0x00000000000168b4       0xc0 zephyr/subsys/bluetooth/controller/libsubsys__bluetooth__controller.a(ull.c.obj)
 .text.ull_done
                0x0000000000016974      0x114 zephyr/subsys/bluetooth/controller/libsubsys__bluetooth__controller.a(ull.c.obj)
 .text.rx_alloc
                0x0000000000016a88       0xe8 zephyr/subsys/bluetooth/controller/libsubsys__bluetooth__controller.a(ull.c.obj)
 .text.rx_demux
                0x0000000000016b70      0x1d4 zephyr/subsys/bluetooth/controller/libsubsys__bluetooth__controller.a(ull.c.obj)
 .text.ll_rx_get
                0x0000000000016d44      0x1c4 zephyr/subsys/bluetooth/controller/libsubsys__bluetooth__controller.a(ull.c.obj)
                0x0000000000016d44                ll_rx_get
 .text.ll_rx_dequeue
                0x0000000000016f08       0xe8 zephyr/subsys/bluetooth/controller/libsubsys__bluetooth__controller.a(ull.c.obj)
                0x0000000000016f08                ll_rx_dequeue
 .text.ll_rx_mem_release
                0x0000000000016ff0      0x190 zephyr/subsys/bluetooth/controller/libsubsys__bluetooth__controller.a(ull.c.obj)
                0x0000000000016ff0                ll_rx_mem_release
 .text.ll_rx_link_alloc
                0x0000000000017180        0xc zephyr/subsys/bluetooth/controller/libsubsys__bluetooth__controller.a(ull.c.obj)
                0x0000000000017180                ll_rx_link_alloc
 .text.ll_rx_link_release
                0x000000000001718c        0xc zephyr/subsys/bluetooth/controller/libsubsys__bluetooth__controller.a(ull.c.obj)
                0x000000000001718c                ll_rx_link_release
 .text.ll_rx_put
                0x0000000000017198       0x14 zephyr/subsys/bluetooth/controller/libsubsys__bluetooth__controller.a(ull.c.obj)
                0x0000000000017198                ll_rx_put
 .text.ll_rx_sched
                0x00000000000171ac        0xc zephyr/subsys/bluetooth/controller/libsubsys__bluetooth__controller.a(ull.c.obj)
                0x00000000000171ac                ll_rx_sched
 .text.ll_pdu_rx_alloc_peek
                0x00000000000171b8       0x3c zephyr/subsys/bluetooth/controller/libsubsys__bluetooth__controller.a(ull.c.obj)
                0x00000000000171b8                ll_pdu_rx_alloc_peek
 .text.ll_pdu_rx_alloc
                0x00000000000171f4       0x2c zephyr/subsys/bluetooth/controller/libsubsys__bluetooth__controller.a(ull.c.obj)
                0x00000000000171f4                ll_pdu_rx_alloc
 .text.ll_tx_ack_put
                0x0000000000017220       0x68 zephyr/subsys/bluetooth/controller/libsubsys__bluetooth__controller.a(ull.c.obj)
                0x0000000000017220                ll_tx_ack_put
 .text.ull_ticker_status_take
                0x0000000000017288       0x50 zephyr/subsys/bluetooth/controller/libsubsys__bluetooth__controller.a(ull.c.obj)
                0x0000000000017288                ull_ticker_status_take
 .text.ull_disable_mark_get
                0x00000000000172d8        0xc zephyr/subsys/bluetooth/controller/libsubsys__bluetooth__controller.a(ull.c.obj)
                0x00000000000172d8                ull_disable_mark_get
 .text.ull_update_mark
                0x00000000000172e4       0x14 zephyr/subsys/bluetooth/controller/libsubsys__bluetooth__controller.a(ull.c.obj)
                0x00000000000172e4                ull_update_mark
 .text.ull_update_unmark
                0x00000000000172f8       0x18 zephyr/subsys/bluetooth/controller/libsubsys__bluetooth__controller.a(ull.c.obj)
                0x00000000000172f8                ull_update_unmark
 .text.ull_update_mark_get
                0x0000000000017310        0xc zephyr/subsys/bluetooth/controller/libsubsys__bluetooth__controller.a(ull.c.obj)
                0x0000000000017310                ull_update_mark_get
 .text.ull_disable
                0x000000000001731c       0x7c zephyr/subsys/bluetooth/controller/libsubsys__bluetooth__controller.a(ull.c.obj)
                0x000000000001731c                ull_disable
 .text.ull_ticker_stop_with_mark
                0x0000000000017398       0x8c zephyr/subsys/bluetooth/controller/libsubsys__bluetooth__controller.a(ull.c.obj)
                0x0000000000017398                ull_ticker_stop_with_mark
 .text.ull_pdu_rx_alloc_peek
                0x0000000000017424       0x3c zephyr/subsys/bluetooth/controller/libsubsys__bluetooth__controller.a(ull.c.obj)
                0x0000000000017424                ull_pdu_rx_alloc_peek
 .text.ull_pdu_rx_alloc
                0x0000000000017460       0x2c zephyr/subsys/bluetooth/controller/libsubsys__bluetooth__controller.a(ull.c.obj)
                0x0000000000017460                ull_pdu_rx_alloc
 .text.ull_rx_put
                0x000000000001748c       0x20 zephyr/subsys/bluetooth/controller/libsubsys__bluetooth__controller.a(ull.c.obj)
                0x000000000001748c                ull_rx_put
 .text.ull_rx_sched
                0x00000000000174ac       0x10 zephyr/subsys/bluetooth/controller/libsubsys__bluetooth__controller.a(ull.c.obj)
                0x00000000000174ac                ull_rx_sched
 .text.ull_prepare_enqueue
                0x00000000000174bc       0x60 zephyr/subsys/bluetooth/controller/libsubsys__bluetooth__controller.a(ull.c.obj)
                0x00000000000174bc                ull_prepare_enqueue
 .text.ull_prepare_dequeue_get
                0x000000000001751c       0x1c zephyr/subsys/bluetooth/controller/libsubsys__bluetooth__controller.a(ull.c.obj)
                0x000000000001751c                ull_prepare_dequeue_get
 .text.ull_prepare_dequeue_iter
                0x0000000000017538       0x40 zephyr/subsys/bluetooth/controller/libsubsys__bluetooth__controller.a(ull.c.obj)
                0x0000000000017538                ull_prepare_dequeue_iter
 .text.ull_prepare_dequeue
                0x0000000000017578       0xa8 zephyr/subsys/bluetooth/controller/libsubsys__bluetooth__controller.a(ull.c.obj)
                0x0000000000017578                ull_prepare_dequeue
 .text.ull_event_done_extra_get
                0x0000000000017620       0x20 zephyr/subsys/bluetooth/controller/libsubsys__bluetooth__controller.a(ull.c.obj)
                0x0000000000017620                ull_event_done_extra_get
 .text.ull_event_done
                0x0000000000017640       0x5c zephyr/subsys/bluetooth/controller/libsubsys__bluetooth__controller.a(ull.c.obj)
                0x0000000000017640                ull_event_done
 .text.ull_rxfifo_alloc
                0x000000000001769c       0x7c zephyr/subsys/bluetooth/controller/libsubsys__bluetooth__controller.a(ull.c.obj)
                0x000000000001769c                ull_rxfifo_alloc
 .text.init_reset
                0x0000000000017718      0x130 zephyr/subsys/bluetooth/controller/libsubsys__bluetooth__controller.a(ull.c.obj)
 .text.ll_init  0x0000000000017848       0xdc zephyr/subsys/bluetooth/controller/libsubsys__bluetooth__controller.a(ull.c.obj)
                0x0000000000017848                ll_init
 .text.ll_reset
                0x0000000000017924       0xfc zephyr/subsys/bluetooth/controller/libsubsys__bluetooth__controller.a(ull.c.obj)
                0x0000000000017924                ll_reset
 .text.lll_prepare
                0x0000000000017a20       0x14 zephyr/subsys/bluetooth/controller/libsubsys__bluetooth__controller.a(lll_common.c.obj)
                0x0000000000017a20                lll_prepare
 .text.lll_resume
                0x0000000000017a34       0x4c zephyr/subsys/bluetooth/controller/libsubsys__bluetooth__controller.a(lll_common.c.obj)
                0x0000000000017a34                lll_resume
 .text.ticker_cb
                0x0000000000017a80       0x94 zephyr/subsys/bluetooth/controller/libsubsys__bluetooth__controller.a(ull_scan.c.obj)
 .text.ull_scan_init