Archive member included to satisfy reference by file (symbol)

app/libapp.a(ble_mobile_scan.c.obj)
                              (--whole-archive)
app/libapp.a(mobile_ble.c.obj)
                              (--whole-archive)
app/libapp.a(shell_base.c.obj)
                              (--whole-archive)
app/libapp.a(hci_driver.c.obj)
                              (--whole-archive)
app/libapp.a(main.c.obj)      (--whole-archive)
zephyr/libzephyr.a(cbprintf.c.obj)
                              (--whole-archive)
zephyr/libzephyr.a(cbprintf_packaged.c.obj)
                              (--whole-archive)
zephyr/libzephyr.a(crc32c_sw.c.obj)
                              (--whole-archive)
zephyr/libzephyr.a(crc32_sw.c.obj)
                              (--whole-archive)
zephyr/libzephyr.a(crc16_sw.c.obj)
                              (--whole-archive)
zephyr/libzephyr.a(crc8_sw.c.obj)
                              (--whole-archive)
zephyr/libzephyr.a(crc7_sw.c.obj)
                              (--whole-archive)
zephyr/libzephyr.a(dec.c.obj)
                              (--whole-archive)
zephyr/libzephyr.a(fdtable.c.obj)
                              (--whole-archive)
zephyr/libzephyr.a(hex.c.obj)
                              (--whole-archive)
zephyr/libzephyr.a(notify.c.obj)
                              (--whole-archive)
zephyr/libzephyr.a(printk.c.obj)
                              (--whole-archive)
zephyr/libzephyr.a(onoff.c.obj)
                              (--whole-archive)
zephyr/libzephyr.a(rb.c.obj)  (--whole-archive)
zephyr/libzephyr.a(sem.c.obj)
                              (--whole-archive)
zephyr/libzephyr.a(thread_entry.c.obj)
                              (--whole-archive)
zephyr/libzephyr.a(timeutil.c.obj)
                              (--whole-archive)
zephyr/libzephyr.a(heap.c.obj)
                              (--whole-archive)
zephyr/libzephyr.a(heap-validate.c.obj)
                              (--whole-archive)
zephyr/libzephyr.a(bitarray.c.obj)
                              (--whole-archive)
zephyr/libzephyr.a(multi_heap.c.obj)
                              (--whole-archive)
zephyr/libzephyr.a(cbprintf_complete.c.obj)
                              (--whole-archive)
zephyr/libzephyr.a(ring_buffer.c.obj)
                              (--whole-archive)
zephyr/libzephyr.a(mpsc_pbuf.c.obj)
                              (--whole-archive)
zephyr/libzephyr.a(fnmatch.c.obj)
                              (--whole-archive)
zephyr/libzephyr.a(configs.c.obj)
                              (--whole-archive)
zephyr/libzephyr.a(soc_nrf_common.S.obj)
                              (--whole-archive)
zephyr/libzephyr.a(validate_base_addresses.c.obj)
                              (--whole-archive)
zephyr/libzephyr.a(validate_enabled_instances.c.obj)
                              (--whole-archive)
zephyr/libzephyr.a(log_list.c.obj)
                              (--whole-archive)
zephyr/libzephyr.a(log_core.c.obj)
                              (--whole-archive)
zephyr/libzephyr.a(log_mgmt.c.obj)
                              (--whole-archive)
zephyr/libzephyr.a(log_msg.c.obj)
                              (--whole-archive)
zephyr/libzephyr.a(log_output.c.obj)
                              (--whole-archive)
zephyr/libzephyr.a(log_msg2.c.obj)
                              (--whole-archive)
zephyr/libzephyr.a(log_cmds.c.obj)
                              (--whole-archive)
zephyr/libzephyr.a(dis.c.obj)
                              (--whole-archive)
zephyr/libzephyr.a(kernel_service.c.obj)
                              (--whole-archive)
zephyr/libzephyr.a(device_service.c.obj)
                              (--whole-archive)
zephyr/libzephyr.a(devmem_service.c.obj)
                              (--whole-archive)
zephyr/libzephyr.a(shell_uart.c.obj)
                              (--whole-archive)
zephyr/libzephyr.a(shell.c.obj)
                              (--whole-archive)
zephyr/libzephyr.a(shell_fprintf.c.obj)
                              (--whole-archive)
zephyr/libzephyr.a(shell_utils.c.obj)
                              (--whole-archive)
zephyr/libzephyr.a(shell_ops.c.obj)
                              (--whole-archive)
zephyr/libzephyr.a(shell_log_backend.c.obj)
                              (--whole-archive)
zephyr/libzephyr.a(shell_help.c.obj)
                              (--whole-archive)
zephyr/libzephyr.a(shell_cmds.c.obj)
                              (--whole-archive)
zephyr/libzephyr.a(shell_history.c.obj)
                              (--whole-archive)
zephyr/libzephyr.a(shell_wildcard.c.obj)
                              (--whole-archive)
zephyr/libzephyr.a(addr_utils.c.obj)
                              (--whole-archive)
zephyr/libzephyr.a(usb_device.c.obj)
                              (--whole-archive)
zephyr/libzephyr.a(usb_descriptor.c.obj)
                              (--whole-archive)
zephyr/libzephyr.a(usb_transfer.c.obj)
                              (--whole-archive)
[...]
Memory Configuration

Name             Origin             Length             Attributes
FLASH            0x0000000000001000 0x00000000000ff000 xr
SRAM             0x0000000020000000 0x0000000000040000 xw
IDT_LIST         0x00000000fffff7ff 0x0000000000000800 xw
*default*        0x0000000000000000 0xffffffffffffffff

Linker script and memory map

LOAD zephyr/CMakeFiles/zephyr_pre0.dir/misc/empty_file.c.obj
LOAD zephyr/CMakeFiles/offsets.dir/./arch/arm/core/offsets/offsets.c.obj
                0x0000000000000020                _region_min_align = 0x20

.rel.plt        0x0000000000001000        0x0
 *(SORT_BY_ALIGNMENT(.rel.plt))
                [!provide]                        PROVIDE (__rel_iplt_start = .)
 *(SORT_BY_ALIGNMENT(.rel.iplt))
 .rel.iplt      0x0000000000001000        0x0 app/libapp.a(ble_mobile_scan.c.obj)
                [!provide]                        PROVIDE (__rel_iplt_end = .)

.rela.plt       0x0000000000000000        0x0
 *(SORT_BY_ALIGNMENT(.rela.plt))
                [!provide]                        PROVIDE (__rela_iplt_start = .)
 *(SORT_BY_ALIGNMENT(.rela.iplt))
                [!provide]                        PROVIDE (__rela_iplt_end = .)

.rel.dyn
 *(SORT_BY_ALIGNMENT(.rel.*))

.rela.dyn
 *(SORT_BY_ALIGNMENT(.rela.*))

/DISCARD/
 *(SORT_BY_ALIGNMENT(.plt))
 *(SORT_BY_ALIGNMENT(.iplt))
 *(SORT_BY_ALIGNMENT(.got.plt))
 *(SORT_BY_ALIGNMENT(.igot.plt))
 *(SORT_BY_ALIGNMENT(.got))
 *(SORT_BY_ALIGNMENT(.igot))
 *(SORT_BY_ALIGNMENT(.note.GNU-stack))
                0x0000000000001000                __rom_region_start = 0x1000

rom_start       0x0000000000001000      0x100
                0x0000000000000000                . = 0x0
                0x0000000000000000                . = ALIGN (0x4)
                0x0000000000000000                . = ALIGN (0x80)
                0x0000000000000000                . = ALIGN (0x100)
                0x0000000000001000                _vector_start = .
 *(SORT_BY_ALIGNMENT(.exc_vector_table))
 *(SORT_BY_ALIGNMENT(.exc_vector_table.*))
 .exc_vector_table._vector_table_section
                0x0000000000001000       0x40 zephyr/arch/arch/arm/core/aarch32/cortex_m/libarch__arm__core__aarch32__cortex_m.a(vector_table.S.obj)
                0x0000000000001000                _vector_table
 *(SORT_BY_ALIGNMENT(.gnu.linkonce.irq_vector_table*))
 .gnu.linkonce.irq_vector_table
                0x0000000000001040       0xc0 zephyr/arch/common/libisr_tables.a(isr_tables.c.obj)
                0x0000000000001040                _irq_vector_table
 *(SORT_BY_ALIGNMENT(.vectors))
                0x0000000000001100                _vector_end = .

text            0x0000000000001100    0x30760
                0x0000000000001100                __text_region_start = .
 *(SORT_BY_ALIGNMENT(.text))
 .text          0x0000000000001100       0x30 /opt/zephyr-sdk-0.13.2/arm-zephyr-eabi/bin/../lib/gcc/arm-zephyr-eabi/10.3.0/thumb/v7e-m/nofp/libgcc.a(_aeabi_uldivmod.o)
                0x0000000000001100                __aeabi_uldivmod
 .text          0x0000000000001130        0x4 /opt/zephyr-sdk-0.13.2/arm-zephyr-eabi/bin/../lib/gcc/arm-zephyr-eabi/10.3.0/thumb/v7e-m/nofp/libgcc.a(_dvmd_tls.o)
                0x0000000000001130                __aeabi_ldiv0
                0x0000000000001130                __aeabi_idiv0
 .text          0x0000000000001134      0x2a6 /opt/zephyr-sdk-0.13.2/arm-zephyr-eabi/bin/../lib/gcc/arm-zephyr-eabi/10.3.0/thumb/v7e-m/nofp/libgcc.a(_udivmoddi4.o)
                0x0000000000001134                __udivmoddi4
 *(SORT_BY_ALIGNMENT(.text.*))
 *fill*         0x00000000000013da        0x6 
 .text.bt_init  0x00000000000013e0      0x5b8 zephyr/subsys/bluetooth/host/libsubsys__bluetooth__host.a(hci_core.c.obj)
 .text.ull_drift_ticks_get
                0x0000000000001998       0x8c zephyr/subsys/bluetooth/controller/libsubsys__bluetooth__controller.a(ull.c.obj)
                0x0000000000001998                ull_drift_ticks_get
 *fill*         0x0000000000001a24        0x4 
 .text.ll_adv_enable
                0x0000000000001a28      0x458 zephyr/subsys/bluetooth/controller/libsubsys__bluetooth__controller.a(ull_adv.c.obj)
                0x0000000000001a28                ll_adv_enable
 .text.ull_adv_time_update
                0x0000000000001e80       0xb0 zephyr/subsys/bluetooth/controller/libsubsys__bluetooth__controller.a(ull_adv.c.obj)
                0x0000000000001e80                ull_adv_time_update
 .text.ll_scan_params_set
                0x0000000000001f30       0x70 zephyr/subsys/bluetooth/controller/libsubsys__bluetooth__controller.a(ull_scan.c.obj)
                0x0000000000001f30                ll_scan_params_set
 .text.ull_scan_params_set
                0x0000000000001fa0       0x54 zephyr/subsys/bluetooth/controller/libsubsys__bluetooth__controller.a(ull_scan.c.obj)
                0x0000000000001fa0                ull_scan_params_set
 *fill*         0x0000000000001ff4        0x4 
 .text.ull_scan_enable
                0x0000000000001ff8      0x178 zephyr/subsys/bluetooth/controller/libsubsys__bluetooth__controller.a(ull_scan.c.obj)
                0x0000000000001ff8                ull_scan_enable
 .text.event_conn_upd_prep
                0x0000000000002170      0x734 zephyr/subsys/bluetooth/controller/libsubsys__bluetooth__controller.a(ull_conn.c.obj)
 *fill*         0x00000000000028a4        0x4 
 .text.ull_periph_setup
                0x00000000000028a8      0x48c zephyr/subsys/bluetooth/controller/libsubsys__bluetooth__controller.a(ull_peripheral.c.obj)
                0x00000000000028a8                ull_periph_setup
 *fill*         0x0000000000002d34        0x4 
 .text.ll_create_connection
                0x0000000000002d38      0x478 zephyr/subsys/bluetooth/controller/libsubsys__bluetooth__controller.a(ull_central.c.obj)
                0x0000000000002d38                ll_create_connection
 .text.ull_central_setup
                0x00000000000031b0      0x298 zephyr/subsys/bluetooth/controller/libsubsys__bluetooth__controller.a(ull_central.c.obj)
                0x00000000000031b0                ull_central_setup
 .text.ull_sched_after_mstr_slot_get
                0x0000000000003448      0x12c zephyr/subsys/bluetooth/controller/libsubsys__bluetooth__controller.a(ull_sched.c.obj)
                0x0000000000003448                ull_sched_after_mstr_slot_get
 *fill*         0x0000000000003574        0x4 
 .text.after_mstr_offset_get
                0x0000000000003578       0x94 zephyr/subsys/bluetooth/controller/libsubsys__bluetooth__controller.a(ull_sched.c.obj)
 *fill*         0x000000000000360c        0x4 
 .text.ull_sched_mfy_win_offset_select
                0x0000000000003610      0x134 zephyr/subsys/bluetooth/controller/libsubsys__bluetooth__controller.a(ull_sched.c.obj)
                0x0000000000003610                ull_sched_mfy_win_offset_select
 *fill*         0x0000000000003744        0x4 
 .text.isr_window
                0x0000000000003748       0x9c zephyr/subsys/bluetooth/controller/libsubsys__bluetooth__controller.a(lll_scan.c.obj)
 *fill*         0x00000000000037e4        0x4 
 .text.isr_rx   0x00000000000037e8      0x53c zephyr/subsys/bluetooth/controller/libsubsys__bluetooth__controller.a(lll_scan.c.obj)
 .text.device_found
                0x0000000000003d24       0x30 app/libapp.a(ble_mobile_scan.c.obj)
 .text.start_scan
                0x0000000000003d54       0x50 app/libapp.a(ble_mobile_scan.c.obj)
 .text.parse_device
                0x0000000000003da4       0x58 app/libapp.a(ble_mobile_scan.c.obj)
 .text.thread_ble_mobile_scan
                0x0000000000003dfc       0x40 app/libapp.a(ble_mobile_scan.c.obj)
                0x0000000000003dfc                thread_ble_mobile_scan
 .text.bt_ready
                0x0000000000003e3c       0x44 app/libapp.a(mobile_ble.c.obj)
 .text.disconnected
                0x0000000000003e80       0x2c app/libapp.a(mobile_ble.c.obj)
 .text.gatt_write_cb
                0x0000000000003eac       0x20 app/libapp.a(mobile_ble.c.obj)
 .text.discover_func
                0x0000000000003ecc       0xb8 app/libapp.a(mobile_ble.c.obj)
 .text.auth_passkey_display
                0x0000000000003f84       0x88 app/libapp.a(mobile_ble.c.obj)
 .text.connected
                0x000000000000400c       0x68 app/libapp.a(mobile_ble.c.obj)
 .text.thread_ble_connect
                0x0000000000004074       0x40 app/libapp.a(mobile_ble.c.obj)
                0x0000000000004074                thread_ble_connect
 .text.thread_ble_discover
                0x00000000000040b4       0xdc app/libapp.a(mobile_ble.c.obj)
                0x00000000000040b4                thread_ble_discover
 .text.begin_shell
                0x0000000000004190       0x5c app/libapp.a(shell_base.c.obj)
                0x0000000000004190                begin_shell
 .text.cbvprintf_package
                0x00000000000041ec      0x414 zephyr/libzephyr.a(cbprintf_packaged.c.obj)
                0x00000000000041ec                cbvprintf_package
 .text.vsnprintk
                0x0000000000004600       0x28 zephyr/libzephyr.a(printk.c.obj)
                0x0000000000004600                vsnprintk
 .text.process_event
                0x0000000000004628      0x1c0 zephyr/libzephyr.a(onoff.c.obj)
 .text.cbvprintf
                0x00000000000047e8      0xd08 zephyr/libzephyr.a(cbprintf_complete.c.obj)
                0x00000000000047e8                cbvprintf
 .text.enable_logger
                0x00000000000054f0       0x5c zephyr/libzephyr.a(log_core.c.obj)
 .text.log_process_thread_timer_expiry_fn
                0x000000000000554c        0xc zephyr/libzephyr.a(log_core.c.obj)
 .text.log_init
                0x0000000000005558       0x58 zephyr/libzephyr.a(log_core.c.obj)
                0x0000000000005558                log_init
 .text.z_log_notify_backend_enabled
                0x00000000000055b0       0x1c zephyr/libzephyr.a(log_core.c.obj)
                0x00000000000055b0                z_log_notify_backend_enabled
 .text.z_log_dropped
                0x00000000000055cc       0x3c zephyr/libzephyr.a(log_core.c.obj)
                0x00000000000055cc                z_log_dropped
 .text.z_log_dropped_read_and_clear
                0x0000000000005608       0x20 zephyr/libzephyr.a(log_core.c.obj)
                0x0000000000005608                z_log_dropped_read_and_clear
 .text.dropped_notify
                0x0000000000005628       0x38 zephyr/libzephyr.a(log_core.c.obj)
                0x0000000000005628                dropped_notify
 .text.z_log_msg2_init
                0x0000000000005660       0x10 zephyr/libzephyr.a(log_core.c.obj)
                0x0000000000005660                z_log_msg2_init
 .text.log_core_init
                0x0000000000005670       0x38 zephyr/libzephyr.a(log_core.c.obj)
                0x0000000000005670                log_core_init
 .text.z_log_msg2_alloc
                0x00000000000056a8       0x10 zephyr/libzephyr.a(log_core.c.obj)
                0x00000000000056a8                z_log_msg2_alloc
 .text.z_log_msg2_claim
                0x00000000000056b8        0xc zephyr/libzephyr.a(log_core.c.obj)
                0x00000000000056b8                z_log_msg2_claim
 .text.z_log_msg2_free
                0x00000000000056c4        0xc zephyr/libzephyr.a(log_core.c.obj)
                0x00000000000056c4                z_log_msg2_free
 .text.z_log_msg2_pending
                0x00000000000056d0        0xc zephyr/libzephyr.a(log_core.c.obj)
                0x00000000000056d0                z_log_msg2_pending
 .text.z_impl_log_process
                0x00000000000056dc       0xc4 zephyr/libzephyr.a(log_core.c.obj)
                0x00000000000056dc                z_impl_log_process
 .text.log_process_thread_func
                0x00000000000057a0       0x48 zephyr/libzephyr.a(log_core.c.obj)
 .text.z_log_msg_post_finalize
                0x00000000000057e8       0x8c zephyr/libzephyr.a(log_core.c.obj)
 .text.z_log_msg2_commit
                0x0000000000005874       0x24 zephyr/libzephyr.a(log_core.c.obj)
                0x0000000000005874                z_log_msg2_commit
 .text.z_impl_log_panic
                0x0000000000005898       0x48 zephyr/libzephyr.a(log_core.c.obj)
                0x0000000000005898                z_impl_log_panic
 .text.z_log_runtime_filters_init
                0x00000000000058e0       0x3c zephyr/libzephyr.a(log_mgmt.c.obj)
                0x00000000000058e0                z_log_runtime_filters_init
 .text.log_source_name_get
                0x000000000000591c       0x1c zephyr/libzephyr.a(log_mgmt.c.obj)
                0x000000000000591c                log_source_name_get
 .text.z_impl_log_filter_set
                0x0000000000005938       0xa4 zephyr/libzephyr.a(log_mgmt.c.obj)
                0x0000000000005938                z_impl_log_filter_set
 .text.backend_filter_set
                0x00000000000059dc       0x30 zephyr/libzephyr.a(log_mgmt.c.obj)
 .text.log_backend_enable
                0x0000000000005a0c       0x2c zephyr/libzephyr.a(log_mgmt.c.obj)
                0x0000000000005a0c                log_backend_enable
 .text.log_filter_get
                0x0000000000005a38       0x34 zephyr/libzephyr.a(log_mgmt.c.obj)
                0x0000000000005a38                log_filter_get
 .text.log_msg_mem_get_free
                0x0000000000005a6c       0x10 zephyr/libzephyr.a(log_msg.c.obj)
                0x0000000000005a6c                log_msg_mem_get_free
 .text.log_msg_mem_get_used
                0x0000000000005a7c        0xc zephyr/libzephyr.a(log_msg.c.obj)
                0x0000000000005a7c                log_msg_mem_get_used
 .text.print_formatted
                0x0000000000005a88       0x24 zephyr/libzephyr.a(log_output.c.obj)
 .text.hexdump_line_print
                0x0000000000005aac       0xdc zephyr/libzephyr.a(log_output.c.obj)
 .text.prefix_print
                0x0000000000005b88      0x148 zephyr/libzephyr.a(log_output.c.obj)
 .text.postfix_print
                0x0000000000005cd0       0x3c zephyr/libzephyr.a(log_output.c.obj)
 .text.log_output_msg2_process
                0x0000000000005d0c       0xc8 zephyr/libzephyr.a(log_output.c.obj)
                0x0000000000005d0c                log_output_msg2_process
 .text.log_output_dropped_process
                0x0000000000005dd4       0x58 zephyr/libzephyr.a(log_output.c.obj)
                0x0000000000005dd4                log_output_dropped_process
 .text.log_output_timestamp_freq_set
                0x0000000000005e2c       0x30 zephyr/libzephyr.a(log_output.c.obj)
                0x0000000000005e2c                log_output_timestamp_freq_set
 .text.z_impl_z_log_msg2_runtime_vcreate
                0x0000000000005e5c       0x98 zephyr/libzephyr.a(log_msg2.c.obj)
                0x0000000000005e5c                z_impl_z_log_msg2_runtime_vcreate
 .text.severity_lvl_get
                0x0000000000005ef4       0x24 zephyr/libzephyr.a(log_cmds.c.obj)
 .text.backend_name_get
                0x0000000000005f18       0x30 zephyr/libzephyr.a(log_cmds.c.obj)
 .text.cmd_log_memory_slabs
                0x0000000000005f48       0x40 zephyr/libzephyr.a(log_cmds.c.obj)
 .text.cmd_log_backends_list
                0x0000000000005f88       0x60 zephyr/libzephyr.a(log_cmds.c.obj)
 .text.log_status
                0x0000000000005fe8       0xb8 zephyr/libzephyr.a(log_cmds.c.obj)
 .text.module_name_get
                0x00000000000060a0       0x20 zephyr/libzephyr.a(log_cmds.c.obj)
 .text.shell_backend_cmd_execute
                0x00000000000060c0       0x78 zephyr/libzephyr.a(log_cmds.c.obj)
 .text.cmd_log_backend_status
                0x0000000000006138       0x10 zephyr/libzephyr.a(log_cmds.c.obj)
 .text.cmd_log_backend_halt
                0x0000000000006148        0xc zephyr/libzephyr.a(log_cmds.c.obj)
 .text.cmd_log_backend_go
                0x0000000000006154        0xc zephyr/libzephyr.a(log_cmds.c.obj)
 .text.cmd_log_backend_enable
                0x0000000000006160        0xc zephyr/libzephyr.a(log_cmds.c.obj)
 .text.cmd_log_backend_disable
                0x000000000000616c        0xc zephyr/libzephyr.a(log_cmds.c.obj)
 .text.shell_state_precheck
                0x0000000000006178       0x20 zephyr/libzephyr.a(log_cmds.c.obj)
 .text.filters_set
                0x0000000000006198       0xd0 zephyr/libzephyr.a(log_cmds.c.obj)
 .text.log_enable
                0x0000000000006268       0x60 zephyr/libzephyr.a(log_cmds.c.obj)
 .text.read_pnp_id
                0x00000000000062c8       0x1c zephyr/libzephyr.a(dis.c.obj)
 .text.cmd_kernel_version
                0x00000000000062e4       0x2c zephyr/libzephyr.a(kernel_service.c.obj)
 .text.cmd_kernel_uptime
                0x0000000000006310       0x2c zephyr/libzephyr.a(kernel_service.c.obj)
 .text.cmd_kernel_threads
                0x000000000000633c       0x38 zephyr/libzephyr.a(kernel_service.c.obj)
 .text.cmd_kernel_stacks
                0x0000000000006374       0x60 zephyr/libzephyr.a(kernel_service.c.obj)
 .text.shell_tdata_dump
                0x00000000000063d4       0xc4 zephyr/libzephyr.a(kernel_service.c.obj)
 .text.cmd_kernel_cycles
                0x0000000000006498       0x1c zephyr/libzephyr.a(kernel_service.c.obj)
 .text.shell_stack_dump
                0x00000000000064b4       0x64 zephyr/libzephyr.a(kernel_service.c.obj)
 .text.get_device_name
                0x0000000000006518       0x20 zephyr/libzephyr.a(device_service.c.obj)
 .text.cmd_device_list_visitor
                0x0000000000006538       0x20 zephyr/libzephyr.a(device_service.c.obj)
 .text.cmd_device_list
                0x0000000000006558       0x98 zephyr/libzephyr.a(device_service.c.obj)
 .text.device_get_config_level
                0x00000000000065f0       0x54 zephyr/libzephyr.a(device_service.c.obj)
 .text.cmd_device_levels
                0x0000000000006644       0x94 zephyr/libzephyr.a(device_service.c.obj)
 .text.cmd_devmem
                0x00000000000066d8       0xc4 zephyr/libzephyr.a(devmem_service.c.obj)
 .text.set_bypass.isra.0
                0x000000000000679c       0x48 zephyr/libzephyr.a(devmem_service.c.obj)
 .text.bypass_cb
                0x00000000000067e4      0x118 zephyr/libzephyr.a(devmem_service.c.obj)
 .text.cmd_load
                0x00000000000068fc       0xe0 zephyr/libzephyr.a(devmem_service.c.obj)
 .text.enable_shell_uart
                0x00000000000069dc       0x38 zephyr/libzephyr.a(shell_uart.c.obj)
 .text.init     0x0000000000006a14       0x58 zephyr/libzephyr.a(shell_uart.c.obj)
 .text.uart_callback
                0x0000000000006a6c      0x140 zephyr/libzephyr.a(shell_uart.c.obj)
 .text.shell_internal_help_print
                0x0000000000006bac       0x20 zephyr/libzephyr.a(shell.c.obj)
 .text.z_cursor_next_line_move.isra.0
                0x0000000000006bcc        0xc zephyr/libzephyr.a(shell.c.obj)
 .text.history_handle
                0x0000000000006bd8       0xa4 zephyr/libzephyr.a(shell.c.obj)
 .text.execute  0x0000000000006c7c      0x2bc zephyr/libzephyr.a(shell.c.obj)
 .text.state_set.constprop.0
                0x0000000000006f38       0x48 zephyr/libzephyr.a(shell.c.obj)
 .text.shell_process
                0x0000000000006f80      0x68c zephyr/libzephyr.a(shell.c.obj)
                0x0000000000006f80                shell_process
 .text.shell_init
                0x000000000000760c       0xf0 zephyr/libzephyr.a(shell.c.obj)
                0x000000000000760c                shell_init
 .text.shell_start
                0x00000000000076fc       0x4c zephyr/libzephyr.a(shell.c.obj)
                0x00000000000076fc                shell_start
 .text.shell_thread
                0x0000000000007748       0xc8 zephyr/libzephyr.a(shell.c.obj)
                0x0000000000007748                shell_thread
 .text.cmd_help
                0x0000000000007810       0x4c zephyr/libzephyr.a(shell.c.obj)
 .text.z_shell_fprintf_fmt
                0x000000000000785c       0x28 zephyr/libzephyr.a(shell_fprintf.c.obj)
                0x000000000000785c                z_shell_fprintf_fmt
 .text.z_shell_cmd_get
                0x0000000000007884       0x4c zephyr/libzephyr.a(shell_utils.c.obj)
                0x0000000000007884                z_shell_cmd_get
 .text.z_clear_eos
                0x00000000000078d0       0x18 zephyr/libzephyr.a(shell_ops.c.obj)
 .text.z_cursor_next_line_move.isra.0
                0x00000000000078e8        0xc zephyr/libzephyr.a(shell_ops.c.obj)
 .text.z_shell_op_cursor_vert_move
                0x00000000000078f4       0x2c zephyr/libzephyr.a(shell_ops.c.obj)
                0x00000000000078f4                z_shell_op_cursor_vert_move
 .text.z_shell_op_cursor_horiz_move
                0x0000000000007920       0x2c zephyr/libzephyr.a(shell_ops.c.obj)
                0x0000000000007920                z_shell_op_cursor_horiz_move
 .text.z_shell_print_cmd
                0x000000000000794c       0x10 zephyr/libzephyr.a(shell_ops.c.obj)
                0x000000000000794c                z_shell_print_cmd
 .text.z_shell_vt100_color_set
                0x000000000000795c       0x40 zephyr/libzephyr.a(shell_ops.c.obj)
                0x000000000000795c                z_shell_vt100_color_set
 .text.z_shell_vt100_colors_restore
                0x000000000000799c       0x3c zephyr/libzephyr.a(shell_ops.c.obj)
                0x000000000000799c                z_shell_vt100_colors_restore
 .text.z_shell_op_word_remove
                0x00000000000079d8       0xb8 zephyr/libzephyr.a(shell_ops.c.obj)
                0x00000000000079d8                z_shell_op_word_remove
 .text.reprint_from_cursor
                0x0000000000007a90       0x78 zephyr/libzephyr.a(shell_ops.c.obj)
 .text.z_shell_op_char_insert
                0x0000000000007b08       0x68 zephyr/libzephyr.a(shell_ops.c.obj)
                0x0000000000007b08                z_shell_op_char_insert
 .text.z_shell_print_prompt_and_cmd
                0x0000000000007b70       0x30 zephyr/libzephyr.a(shell_ops.c.obj)
                0x0000000000007b70                z_shell_print_prompt_and_cmd
 .text.z_cursor_next_line_move.isra.0
                0x0000000000007ba0        0xc zephyr/libzephyr.a(shell_help.c.obj)
 .text.z_shell_help_subcmd_print
                0x0000000000007bac       0xb0 zephyr/libzephyr.a(shell_help.c.obj)
                0x0000000000007bac                z_shell_help_subcmd_print
 .text.z_shell_help_cmd_print
                0x0000000000007c5c       0x48 zephyr/libzephyr.a(shell_help.c.obj)
                0x0000000000007c5c                z_shell_help_cmd_print
 .text.z_shell_help_request
                0x0000000000007ca4       0x28 zephyr/libzephyr.a(shell_help.c.obj)
                0x0000000000007ca4                z_shell_help_request
 .text.cmd_resize_default
                0x0000000000007ccc       0x28 zephyr/libzephyr.a(shell_cmds.c.obj)
 .text.cmd_shell_stats_show
                0x0000000000007cf4       0x18 zephyr/libzephyr.a(shell_cmds.c.obj)
 .text.cmd_history
                0x0000000000007d0c       0x44 zephyr/libzephyr.a(shell_cmds.c.obj)
 .text.cmd_echo
                0x0000000000007d50       0x58 zephyr/libzephyr.a(shell_cmds.c.obj)
 .text.cmd_clear
                0x0000000000007da8       0x34 zephyr/libzephyr.a(shell_cmds.c.obj)
 .text.cmd_resize
                0x0000000000007ddc      0x190 zephyr/libzephyr.a(shell_cmds.c.obj)
 .text.z_shell_wildcard_process
                0x0000000000007f6c       0xe4 zephyr/libzephyr.a(shell_wildcard.c.obj)
                0x0000000000007f6c                z_shell_wildcard_process
 .text.class_handler
                0x0000000000008050       0x40 zephyr/libzephyr.a(usb_device.c.obj)
 .text.custom_handler
                0x0000000000008090       0x60 zephyr/libzephyr.a(usb_device.c.obj)
 .text.vendor_handler
                0x00000000000080f0       0x3c zephyr/libzephyr.a(usb_device.c.obj)
 .text.usb_reset_alt_setting
                0x000000000000812c       0x10 zephyr/libzephyr.a(usb_device.c.obj)
 .text.is_ep_valid.part.0
                0x000000000000813c       0x38 zephyr/libzephyr.a(usb_device.c.obj)
 .text.usb_handle_request.constprop.0
                0x0000000000008174       0x2c zephyr/libzephyr.a(usb_device.c.obj)
 .text.set_endpoint
                0x00000000000081a0       0xe8 zephyr/libzephyr.a(usb_device.c.obj)
 .text.forward_status_cb
                0x0000000000008288       0x9c zephyr/libzephyr.a(usb_device.c.obj)
 .text.usb_halt_endpoint_req.isra.0
                0x0000000000008324       0xa8 zephyr/libzephyr.a(usb_device.c.obj)
 .text.usb_handle_standard_request
                0x00000000000083cc      0x360 zephyr/libzephyr.a(usb_device.c.obj)
 .text.usb_write
                0x000000000000872c       0x68 zephyr/libzephyr.a(usb_device.c.obj)
                0x000000000000872c                usb_write
 .text.usb_data_to_host
                0x0000000000008794       0x54 zephyr/libzephyr.a(usb_device.c.obj)
 .text.usb_handle_control_transfer
                0x00000000000087e8      0x10c zephyr/libzephyr.a(usb_device.c.obj)
 .text.usb_set_config
                0x00000000000088f4       0x2c zephyr/libzephyr.a(usb_device.c.obj)
                0x00000000000088f4                usb_set_config
 .text.usb_device_init
                0x0000000000008920       0x50 zephyr/libzephyr.a(usb_device.c.obj)
 .text.usb_enable
                0x0000000000008970      0x11c zephyr/libzephyr.a(usb_device.c.obj)
                0x0000000000008970                usb_enable
 .text.usb_update_sn_string_descriptor
                0x0000000000008a8c       0x88 zephyr/libzephyr.a(usb_descriptor.c.obj)
                0x0000000000008a8c                usb_update_sn_string_descriptor
 .text.usb_fix_descriptor
                0x0000000000008b14      0x240 zephyr/libzephyr.a(usb_descriptor.c.obj)
 .text.usb_get_device_descriptor
                0x0000000000008d54       0x48 zephyr/libzephyr.a(usb_descriptor.c.obj)
                0x0000000000008d54                usb_get_device_descriptor
 .text.usb_ep_get_transfer
                0x0000000000008d9c       0x2c zephyr/libzephyr.a(usb_transfer.c.obj)
 .text.usb_transfer_work
                0x0000000000008dc8      0x17c zephyr/libzephyr.a(usb_transfer.c.obj)
 .text.usb_transfer_ep_callback
                0x0000000000008f44       0x80 zephyr/libzephyr.a(usb_transfer.c.obj)
                0x0000000000008f44                usb_transfer_ep_callback
 .text.usb_transfer
                0x0000000000008fc4      0x144 zephyr/libzephyr.a(usb_transfer.c.obj)
                0x0000000000008fc4                usb_transfer
 .text.usb_cancel_transfer
                0x0000000000009108       0x3c zephyr/libzephyr.a(usb_transfer.c.obj)
                0x0000000000009108                usb_cancel_transfer
 .text.usb_cancel_transfers
                0x0000000000009144       0x50 zephyr/libzephyr.a(usb_transfer.c.obj)
                0x0000000000009144                usb_cancel_transfers
 .text.usb_transfer_init
                0x0000000000009194       0x34 zephyr/libzephyr.a(usb_transfer.c.obj)
                0x0000000000009194                usb_transfer_init
 .text.cdc_acm_irq_rx_enable
                0x00000000000091c8       0x20 zephyr/libzephyr.a(cdc_acm.c.obj)
 .text.cdc_acm_irq_tx_enable
                0x00000000000091e8       0x20 zephyr/libzephyr.a(cdc_acm.c.obj)
 .text.cdc_acm_reset_port
                0x0000000000009208       0x34 zephyr/libzephyr.a(cdc_acm.c.obj)
 .text.cdc_acm_write_cb
                0x000000000000923c       0x3c zephyr/libzephyr.a(cdc_acm.c.obj)
 .text.tx_work_handler
                0x0000000000009278       0x54 zephyr/libzephyr.a(cdc_acm.c.obj)
 .text.cdc_acm_poll_out
                0x00000000000092cc       0xc4 zephyr/libzephyr.a(cdc_acm.c.obj)
 .text.cdc_acm_read_cb
                0x0000000000009390       0x80 zephyr/libzephyr.a(cdc_acm.c.obj)
 .text.cdc_acm_dev_status_cb
                0x0000000000009410      0x1ac zephyr/libzephyr.a(cdc_acm.c.obj)
 .text.cdc_acm_fifo_fill
                0x00000000000095bc       0x8c zephyr/libzephyr.a(cdc_acm.c.obj)
 .text.cdc_acm_int_in
                0x0000000000009648       0x48 zephyr/libzephyr.a(cdc_acm.c.obj)
 .text.cdc_acm_class_handle_req
                0x0000000000009690       0x88 zephyr/libzephyr.a(cdc_acm.c.obj)
                0x0000000000009690                cdc_acm_class_handle_req
 .text.cdc_acm_init
                0x0000000000009718       0x48 zephyr/libzephyr.a(cdc_acm.c.obj)
 .text.cdc_acm_send_notification.isra.0
                0x0000000000009760       0x54 zephyr/libzephyr.a(cdc_acm.c.obj)
 .text.z_usb_work_q_init
                0x00000000000097b4       0x34 zephyr/libzephyr.a(usb_work_q.c.obj)
 .text.pm_state_notify
                0x00000000000097e8       0x5c zephyr/libzephyr.a(pm.c.obj)
 .text.atomic_clear_bit.constprop.0
                0x0000000000009844       0x30 zephyr/libzephyr.a(pm.c.obj)
 .text.pm_system_resume
                0x0000000000009874       0x88 zephyr/libzephyr.a(pm.c.obj)
                0x0000000000009874                pm_system_resume
 .text.pm_system_suspend
                0x00000000000098fc       0xf8 zephyr/libzephyr.a(pm.c.obj)
                0x00000000000098fc                pm_system_suspend
 .text.pm_constraint_get
                0x00000000000099f4       0x1c zephyr/libzephyr.a(constraint.c.obj)
                0x00000000000099f4                pm_constraint_get
 .text.pm_state_cpu_get_all
                0x0000000000009a10       0x10 zephyr/libzephyr.a(state.c.obj)
                0x0000000000009a10                pm_state_cpu_get_all
 .text.pm_policy_next_state
                0x0000000000009a20       0x8c zephyr/libzephyr.a(residency.c.obj)
                0x0000000000009a20                pm_policy_next_state
 .text.uECC_get_rng
                0x0000000000009aac        0xc zephyr/libzephyr.a(ecc.c.obj)
                0x0000000000009aac                uECC_get_rng
 .text.vli_mmod_fast_secp256r1
                0x0000000000009ab8      0x188 zephyr/libzephyr.a(ecc.c.obj)
                0x0000000000009ab8                vli_mmod_fast_secp256r1
 .text.sub_bytes
                0x0000000000009c40       0x18 zephyr/libzephyr.a(aes_encrypt.c.obj)
 .text.tc_aes128_set_encrypt_key
                0x0000000000009c58       0xa4 zephyr/libzephyr.a(aes_encrypt.c.obj)
                0x0000000000009c58                tc_aes128_set_encrypt_key
 .text.z_arm_cpu_idle_init
                0x0000000000009cfc        0xc zephyr/arch/arch/arm/core/aarch32/libarch__arm__core__aarch32.a(cpu_idle.S.obj)
                0x0000000000009cfc                z_arm_cpu_idle_init
 .text.arch_cpu_idle
                0x0000000000009d08       0x1c zephyr/arch/arch/arm/core/aarch32/libarch__arm__core__aarch32.a(cpu_idle.S.obj)
                0x0000000000009d08                arch_cpu_idle
 .text.arch_cpu_atomic_idle
                0x0000000000009d24       0x14 zephyr/arch/arch/arm/core/aarch32/libarch__arm__core__aarch32.a(cpu_idle.S.obj)
                0x0000000000009d24                arch_cpu_atomic_idle
 .text.z_arm_fatal_error
                0x0000000000009d38       0xdc zephyr/arch/arch/arm/core/aarch32/libarch__arm__core__aarch32.a(fatal.c.obj)
                0x0000000000009d38                z_arm_fatal_error
 .text.arch_irq_enable
                0x0000000000009e14       0x20 zephyr/arch/arch/arm/core/aarch32/libarch__arm__core__aarch32.a(irq_manage.c.obj)
                0x0000000000009e14                arch_irq_enable
 .text.arch_irq_disable
                0x0000000000009e34       0x28 zephyr/arch/arch/arm/core/aarch32/libarch__arm__core__aarch32.a(irq_manage.c.obj)
                0x0000000000009e34                arch_irq_disable
 .text.arch_irq_is_enabled
                0x0000000000009e5c       0x1c zephyr/arch/arch/arm/core/aarch32/libarch__arm__core__aarch32.a(irq_manage.c.obj)
                0x0000000000009e5c                arch_irq_is_enabled
 .text.z_arm_irq_priority_set
                0x0000000000009e78       0x30 zephyr/arch/arch/arm/core/aarch32/libarch__arm__core__aarch32.a(irq_manage.c.obj)
                0x0000000000009e78                z_arm_irq_priority_set
 .text._arch_isr_direct_pm
                0x0000000000009ea8       0x1c zephyr/arch/arch/arm/core/aarch32/libarch__arm__core__aarch32.a(irq_manage.c.obj)
                0x0000000000009ea8                _arch_isr_direct_pm
 .text.z_SysNmiOnReset
                0x0000000000009ec4        0x8 zephyr/arch/arch/arm/core/aarch32/libarch__arm__core__aarch32.a(nmi_on_reset.S.obj)
                0x0000000000009ec4                z_SysNmiOnReset
 .text.z_arm_prep_c
                0x0000000000009ecc       0x48 zephyr/arch/arch/arm/core/aarch32/libarch__arm__core__aarch32.a(prep_c.c.obj)
                0x0000000000009ecc                z_arm_prep_c
 .text.arch_swap
                0x0000000000009f14       0x38 zephyr/arch/arch/arm/core/aarch32/libarch__arm__core__aarch32.a(swap.c.obj)
                0x0000000000009f14                arch_swap
 .text.z_arm_pendsv
                0x0000000000009f4c       0x58 zephyr/arch/arch/arm/core/aarch32/libarch__arm__core__aarch32.a(swap_helper.S.obj)
                0x0000000000009f4c                z_arm_pendsv
 .text.z_arm_svc
                0x0000000000009fa4       0x20 zephyr/arch/arch/arm/core/aarch32/libarch__arm__core__aarch32.a(swap_helper.S.obj)
                0x0000000000009fa4                z_arm_svc
 .text.arch_new_thread
                0x0000000000009fc4       0x38 zephyr/arch/arch/arm/core/aarch32/libarch__arm__core__aarch32.a(thread.c.obj)
                0x0000000000009fc4                arch_new_thread
 .text.z_check_thread_stack_fail
                0x0000000000009ffc       0x30 zephyr/arch/arch/arm/core/aarch32/libarch__arm__core__aarch32.a(thread.c.obj)
                0x0000000000009ffc                z_check_thread_stack_fail
 .text.arch_switch_to_main_thread
                0x000000000000a02c       0x2c zephyr/arch/arch/arm/core/aarch32/libarch__arm__core__aarch32.a(thread.c.obj)
                0x000000000000a02c                arch_switch_to_main_thread
 .text._isr_wrapper
                0x000000000000a058       0x40 zephyr/arch/arch/arm/core/aarch32/libarch__arm__core__aarch32.a(isr_wrapper.S.obj)
                0x000000000000a058                _isr_wrapper
 .text._HandlerModeExit
                0x000000000000a098       0x1c zephyr/arch/arch/arm/core/aarch32/cortex_m/libarch__arm__core__aarch32__cortex_m.a(exc_exit.S.obj)
                0x000000000000a098                z_arm_exc_exit
                0x000000000000a098                z_arm_int_exit
 .text.bus_fault.constprop.0
                0x000000000000a0b4      0x158 zephyr/arch/arch/arm/core/aarch32/cortex_m/libarch__arm__core__aarch32__cortex_m.a(fault.c.obj)
 .text.usage_fault.constprop.0
                0x000000000000a20c      0x134 zephyr/arch/arch/arm/core/aarch32/cortex_m/libarch__arm__core__aarch32__cortex_m.a(fault.c.obj)
 .text.mem_manage_fault
                0x000000000000a340      0x180 zephyr/arch/arch/arm/core/aarch32/cortex_m/libarch__arm__core__aarch32__cortex_m.a(fault.c.obj)
 .text.z_log_msg2_runtime_create.constprop.0
                0x000000000000a4c0       0x24 zephyr/arch/arch/arm/core/aarch32/cortex_m/libarch__arm__core__aarch32__cortex_m.a(fault.c.obj)
 .text.z_arm_fault
                0x000000000000a4e4      0x244 zephyr/arch/arch/arm/core/aarch32/cortex_m/libarch__arm__core__aarch32__cortex_m.a(fault.c.obj)
                0x000000000000a4e4                z_arm_fault
 .text.z_arm_fault_init
                0x000000000000a728       0x10 zephyr/arch/arch/arm/core/aarch32/cortex_m/libarch__arm__core__aarch32__cortex_m.a(fault.c.obj)
                0x000000000000a728                z_arm_fault_init
 .text.__fault  0x000000000000a738       0x14 zephyr/arch/arch/arm/core/aarch32/cortex_m/libarch__arm__core__aarch32__cortex_m.a(fault_s.S.obj)
                0x000000000000a738                z_arm_bus_fault
                0x000000000000a738                z_arm_usage_fault
                0x000000000000a738                z_arm_mpu_fault
                0x000000000000a738                z_arm_exc_spurious
                0x000000000000a738                z_arm_debug_monitor
                0x000000000000a738                z_arm_hard_fault
 .text.z_arm_interrupt_init
                0x000000000000a74c       0x18 zephyr/arch/arch/arm/core/aarch32/cortex_m/libarch__arm__core__aarch32__cortex_m.a(irq_init.c.obj)
                0x000000000000a74c                z_arm_interrupt_init
 .text._reset_section
                0x000000000000a764       0x3c zephyr/arch/arch/arm/core/aarch32/cortex_m/libarch__arm__core__aarch32__cortex_m.a(reset.S.obj)
                0x000000000000a764                z_arm_reset
                0x000000000000a764                __start
 .text.z_impl_k_thread_abort
                0x000000000000a7a0       0x24 zephyr/arch/arch/arm/core/aarch32/cortex_m/libarch__arm__core__aarch32__cortex_m.a(thread_abort.c.obj)
                0x000000000000a7a0                z_impl_k_thread_abort
 .text.z_arm_configure_static_mpu_regions
                0x000000000000a7c4       0x18 zephyr/arch/arch/arm/core/aarch32/mpu/libarch__arm__core__aarch32__mpu.a(arm_core_mpu.c.obj)
                0x000000000000a7c4                z_arm_configure_static_mpu_regions
 .text.z_arm_configure_dynamic_mpu_regions
                0x000000000000a7dc       0x24 zephyr/arch/arch/arm/core/aarch32/mpu/libarch__arm__core__aarch32__mpu.a(arm_core_mpu.c.obj)
                0x000000000000a7dc                z_arm_configure_dynamic_mpu_regions
 .text.mpu_configure_regions
                0x000000000000a800       0xc8 zephyr/arch/arch/arm/core/aarch32/mpu/libarch__arm__core__aarch32__mpu.a(arm_mpu.c.obj)
 .text.arm_core_mpu_enable
                0x000000000000a8c8       0x18 zephyr/arch/arch/arm/core/aarch32/mpu/libarch__arm__core__aarch32__mpu.a(arm_mpu.c.obj)
                0x000000000000a8c8                arm_core_mpu_enable
 .text.arm_core_mpu_disable
                0x000000000000a8e0       0x14 zephyr/arch/arch/arm/core/aarch32/mpu/libarch__arm__core__aarch32__mpu.a(arm_mpu.c.obj)
                0x000000000000a8e0                arm_core_mpu_disable
 .text.arm_core_mpu_configure_static_mpu_regions
                0x000000000000a8f4       0x14 zephyr/arch/arch/arm/core/aarch32/mpu/libarch__arm__core__aarch32__mpu.a(arm_mpu.c.obj)
                0x000000000000a8f4                arm_core_mpu_configure_static_mpu_regions
 .text.arm_core_mpu_configure_dynamic_mpu_regions
                0x000000000000a908       0x30 zephyr/arch/arch/arm/core/aarch32/mpu/libarch__arm__core__aarch32__mpu.a(arm_mpu.c.obj)
                0x000000000000a908                arm_core_mpu_configure_dynamic_mpu_regions
 .text.z_arm_mpu_init
                0x000000000000a938       0x60 zephyr/arch/arch/arm/core/aarch32/mpu/libarch__arm__core__aarch32__mpu.a(arm_mpu.c.obj)
                0x000000000000a938                z_arm_mpu_init
 .text.snprintf
                0x000000000000a998       0x30 zephyr/lib/libc/minimal/liblib__libc__minimal.a(sprintf.c.obj)
                0x000000000000a998                snprintf
 .text.nordicsemi_nrf52_init
                0x000000000000a9c8       0x60 zephyr/soc/arm/nordic_nrf/nrf52/libsoc__arm__nordic_nrf__nrf52.a(soc.c.obj)
 .text.arch_busy_wait
                0x000000000000aa28       0x14 zephyr/soc/arm/nordic_nrf/nrf52/libsoc__arm__nordic_nrf__nrf52.a(soc.c.obj)
                0x000000000000aa28                arch_busy_wait
 .text.board_nrf52840dongle_nrf52840_init
                0x000000000000aa3c       0x7c zephyr/boards/arm/nrf52840dongle_nrf52840/libboards__arm__nrf52840dongle_nrf52840.a(board.c.obj)
 .text.bt_hex_real
                0x000000000000aab8       0x44 zephyr/subsys/bluetooth/common/libsubsys__bluetooth__common.a(log.c.obj)
                0x000000000000aab8                bt_hex_real
 .text.bt_addr_le_str_real
                0x000000000000aafc       0x7c zephyr/subsys/bluetooth/common/libsubsys__bluetooth__common.a(log.c.obj)
                0x000000000000aafc                bt_addr_le_str_real
 .text.le_gen_dhkey
                0x000000000000ab78       0x98 zephyr/subsys/bluetooth/host/libsubsys__bluetooth__host.a(hci_ecc.c.obj)
 .text.ecc_thread
                0x000000000000ac10      0x1f0 zephyr/subsys/bluetooth/host/libsubsys__bluetooth__host.a(hci_ecc.c.obj)
 .text.bt_hci_ecc_send
                0x000000000000ae00       0xdc zephyr/subsys/bluetooth/host/libsubsys__bluetooth__host.a(hci_ecc.c.obj)
                0x000000000000ae00                bt_hci_ecc_send
 .text.bt_hci_ecc_init
                0x000000000000aedc       0x48 zephyr/subsys/bluetooth/host/libsubsys__bluetooth__host.a(hci_ecc.c.obj)
                0x000000000000aedc                bt_hci_ecc_init
 .text.uuid_to_uuid128
                0x000000000000af24       0x6c zephyr/subsys/bluetooth/host/libsubsys__bluetooth__host.a(uuid.c.obj)
 .text.bt_buf_get_rx
                0x000000000000af90       0x20 zephyr/subsys/bluetooth/host/libsubsys__bluetooth__host.a(buf.c.obj)
                0x000000000000af90                bt_buf_get_rx
 .text.bt_buf_get_cmd_complete
                0x000000000000afb0       0x34 zephyr/subsys/bluetooth/host/libsubsys__bluetooth__host.a(buf.c.obj)
                0x000000000000afb0                bt_buf_get_cmd_complete
 .text.bt_buf_get_evt
                0x000000000000afe4       0x54 zephyr/subsys/bluetooth/host/libsubsys__bluetooth__host.a(buf.c.obj)
                0x000000000000afe4                bt_buf_get_evt
 .text.ver_str  0x000000000000b038       0x38 zephyr/subsys/bluetooth/host/libsubsys__bluetooth__host.a(hci_core.c.obj)
 .text.hci_disconn_complete_prio
                0x000000000000b070       0x3c zephyr/subsys/bluetooth/host/libsubsys__bluetooth__host.a(hci_core.c.obj)
 .text.find_pending_connect.part.0
                0x000000000000b0ac       0x40 zephyr/subsys/bluetooth/host/libsubsys__bluetooth__host.a(hci_core.c.obj)
 .text.hci_data_buf_overflow
                0x000000000000b0ec       0x38 zephyr/subsys/bluetooth/host/libsubsys__bluetooth__host.a(hci_core.c.obj)
 .text.le_conn_update_complete
                0x000000000000b124       0xb8 zephyr/subsys/bluetooth/host/libsubsys__bluetooth__host.a(hci_core.c.obj)
 .text.hci_hardware_error
                0x000000000000b1dc       0x3c zephyr/subsys/bluetooth/host/libsubsys__bluetooth__host.a(hci_core.c.obj)
 .text.le_data_len_change
                0x000000000000b218       0x44 zephyr/subsys/bluetooth/host/libsubsys__bluetooth__host.a(hci_core.c.obj)
 .text.hci_vendor_event
                0x000000000000b25c       0x34 zephyr/subsys/bluetooth/host/libsubsys__bluetooth__host.a(hci_core.c.obj)
 .text.handle_event
                0x000000000000b290       0x90 zephyr/subsys/bluetooth/host/libsubsys__bluetooth__host.a(hci_core.c.obj)
 .text.hci_le_meta_event
                0x000000000000b320       0x20 zephyr/subsys/bluetooth/host/libsubsys__bluetooth__host.a(hci_core.c.obj)
 .text.hci_cmd_done
                0x000000000000b340      0x16c zephyr/subsys/bluetooth/host/libsubsys__bluetooth__host.a(hci_core.c.obj)
 .text.hci_cmd_status
                0x000000000000b4ac       0x2c zephyr/subsys/bluetooth/host/libsubsys__bluetooth__host.a(hci_core.c.obj)
 .text.hci_cmd_complete
                0x000000000000b4d8       0x30 zephyr/subsys/bluetooth/host/libsubsys__bluetooth__host.a(hci_core.c.obj)
 .text.hci_tx_thread
                0x000000000000b508      0x1b4 zephyr/subsys/bluetooth/host/libsubsys__bluetooth__host.a(hci_core.c.obj)
 .text.hci_num_completed_packets
                0x000000000000b6bc      0x114 zephyr/subsys/bluetooth/host/libsubsys__bluetooth__host.a(hci_core.c.obj)
 .text.hci_disconn_complete
                0x000000000000b7d0       0x7c zephyr/subsys/bluetooth/host/libsubsys__bluetooth__host.a(hci_core.c.obj)
 .text.bt_hci_cmd_state_set_init
                0x000000000000b84c       0x24 zephyr/subsys/bluetooth/host/libsubsys__bluetooth__host.a(hci_core.c.obj)
                0x000000000000b84c                bt_hci_cmd_state_set_init
 .text.bt_hci_cmd_create
                0x000000000000b870       0x74 zephyr/subsys/bluetooth/host/libsubsys__bluetooth__host.a(hci_core.c.obj)
                0x000000000000b870                bt_hci_cmd_create
 .text.bt_hci_cmd_send
                0x000000000000b8e4       0x6c zephyr/subsys/bluetooth/host/libsubsys__bluetooth__host.a(hci_core.c.obj)
                0x000000000000b8e4                bt_hci_cmd_send
 .text.le_ltk_request
                0x000000000000b950       0xcc zephyr/subsys/bluetooth/host/libsubsys__bluetooth__host.a(hci_core.c.obj)
 .text.le_conn_param_neg_reply
                0x000000000000ba1c       0x5c zephyr/subsys/bluetooth/host/libsubsys__bluetooth__host.a(hci_core.c.obj)
 .text.le_conn_param_req
                0x000000000000ba78       0xd8 zephyr/subsys/bluetooth/host/libsubsys__bluetooth__host.a(hci_core.c.obj)
 .text.bt_hci_cmd_send_sync
                0x000000000000bb50      0x108 zephyr/subsys/bluetooth/host/libsubsys__bluetooth__host.a(hci_core.c.obj)
                0x000000000000bb50                bt_hci_cmd_send_sync
 .text.hci_le_read_max_data_len
                0x000000000000bc58       0x58 zephyr/subsys/bluetooth/host/libsubsys__bluetooth__host.a(hci_core.c.obj)
 .text.bt_le_create_conn_legacy
                0x000000000000bcb0       0xc4 zephyr/subsys/bluetooth/host/libsubsys__bluetooth__host.a(hci_core.c.obj)
                0x000000000000bcb0                bt_le_create_conn_legacy
 .text.bt_le_create_conn_cancel
                0x000000000000bd74       0x34 zephyr/subsys/bluetooth/host/libsubsys__bluetooth__host.a(hci_core.c.obj)
                0x000000000000bd74                bt_le_create_conn_cancel
 .text.conn_auto_initiate
                0x000000000000bda8      0x114 zephyr/subsys/bluetooth/host/libsubsys__bluetooth__host.a(hci_core.c.obj)
 .text.le_phy_update_complete
                0x000000000000bebc       0x6c zephyr/subsys/bluetooth/host/libsubsys__bluetooth__host.a(hci_core.c.obj)
 .text.le_remote_feat_complete
                0x000000000000bf28       0x68 zephyr/subsys/bluetooth/host/libsubsys__bluetooth__host.a(hci_core.c.obj)
 .text.bt_hci_le_enh_conn_complete
                0x000000000000bf90      0x310 zephyr/subsys/bluetooth/host/libsubsys__bluetooth__host.a(hci_core.c.obj)
                0x000000000000bf90                bt_hci_le_enh_conn_complete
 .text.le_legacy_conn_complete
                0x000000000000c2a0       0x70 zephyr/subsys/bluetooth/host/libsubsys__bluetooth__host.a(hci_core.c.obj)
 .text.bt_security_err_get
                0x000000000000c310       0x10 zephyr/subsys/bluetooth/host/libsubsys__bluetooth__host.a(hci_core.c.obj)
                0x000000000000c310                bt_security_err_get
 .text.hci_encrypt_key_refresh_complete
                0x000000000000c320       0xb4 zephyr/subsys/bluetooth/host/libsubsys__bluetooth__host.a(hci_core.c.obj)
 .text.hci_encrypt_change
                0x000000000000c3d4       0xb8 zephyr/subsys/bluetooth/host/libsubsys__bluetooth__host.a(hci_core.c.obj)
 .text.hci_event_prio
                0x000000000000c48c       0xa4 zephyr/subsys/bluetooth/host/libsubsys__bluetooth__host.a(hci_core.c.obj)
                0x000000000000c48c                hci_event_prio
 .text.bt_recv  0x000000000000c530      0x18c zephyr/subsys/bluetooth/host/libsubsys__bluetooth__host.a(hci_core.c.obj)
                0x000000000000c530                bt_recv
 .text.bt_recv_prio
                0x000000000000c6bc       0x3c zephyr/subsys/bluetooth/host/libsubsys__bluetooth__host.a(hci_core.c.obj)
                0x000000000000c6bc                bt_recv_prio
 .text.bt_hci_driver_register
                0x000000000000c6f8       0x28 zephyr/subsys/bluetooth/host/libsubsys__bluetooth__host.a(hci_core.c.obj)
                0x000000000000c6f8                bt_hci_driver_register
 .text.bt_finalize_init
                0x000000000000c720      0x114 zephyr/subsys/bluetooth/host/libsubsys__bluetooth__host.a(hci_core.c.obj)
                0x000000000000c720                bt_finalize_init
 .text.init_work
                0x000000000000c834       0x18 zephyr/subsys/bluetooth/host/libsubsys__bluetooth__host.a(hci_core.c.obj)
 .text.bt_enable
                0x000000000000c84c       0xe4 zephyr/subsys/bluetooth/host/libsubsys__bluetooth__host.a(hci_core.c.obj)
                0x000000000000c84c                bt_enable
 .text.bt_get_name
                0x000000000000c930        0x8 zephyr/subsys/bluetooth/host/libsubsys__bluetooth__host.a(hci_core.c.obj)
                0x000000000000c930                bt_get_name
 .text.bt_data_parse
                0x000000000000c938       0x74 zephyr/subsys/bluetooth/host/libsubsys__bluetooth__host.a(hci_core.c.obj)
                0x000000000000c938                bt_data_parse
 .text.id_find  0x000000000000c9ac       0x34 zephyr/subsys/bluetooth/host/libsubsys__bluetooth__host.a(id.c.obj)
 .text.hci_id_add
                0x000000000000c9e0       0x64 zephyr/subsys/bluetooth/host/libsubsys__bluetooth__host.a(id.c.obj)
 .text.set_random_address
                0x000000000000ca44       0x5c zephyr/subsys/bluetooth/host/libsubsys__bluetooth__host.a(id.c.obj)
 .text.bt_id_add.part.0
                0x000000000000caa0      0x1d8 zephyr/subsys/bluetooth/host/libsubsys__bluetooth__host.a(id.c.obj)
 .text.id_create
                0x000000000000cc78       0xb0 zephyr/subsys/bluetooth/host/libsubsys__bluetooth__host.a(id.c.obj)
 .text.le_rpa_invalidate
                0x000000000000cd28       0x2c zephyr/subsys/bluetooth/host/libsubsys__bluetooth__host.a(id.c.obj)
 .text.bt_id_set_private_addr
                0x000000000000cd54       0x60 zephyr/subsys/bluetooth/host/libsubsys__bluetooth__host.a(id.c.obj)
                0x000000000000cd54                bt_id_set_private_addr
 .text.le_update_private_addr
                0x000000000000cdb4       0xa4 zephyr/subsys/bluetooth/host/libsubsys__bluetooth__host.a(id.c.obj)
 .text.rpa_timeout
                0x000000000000ce58       0x60 zephyr/subsys/bluetooth/host/libsubsys__bluetooth__host.a(id.c.obj)
 .text.bt_id_scan_random_addr_check
                0x000000000000ceb8       0x44 zephyr/subsys/bluetooth/host/libsubsys__bluetooth__host.a(id.c.obj)
                0x000000000000ceb8                bt_id_scan_random_addr_check
 .text.bt_id_adv_random_addr_check
                0x000000000000cefc       0x40 zephyr/subsys/bluetooth/host/libsubsys__bluetooth__host.a(id.c.obj)
                0x000000000000cefc                bt_id_adv_random_addr_check
 .text.bt_id_pending_keys_update
                0x000000000000cf3c       0x34 zephyr/subsys/bluetooth/host/libsubsys__bluetooth__host.a(id.c.obj)
                0x000000000000cf3c                bt_id_pending_keys_update
 .text.bt_id_add
                0x000000000000cf70       0x30 zephyr/subsys/bluetooth/host/libsubsys__bluetooth__host.a(id.c.obj)
                0x000000000000cf70                bt_id_add
 .text.bt_id_del
                0x000000000000cfa0      0x178 zephyr/subsys/bluetooth/host/libsubsys__bluetooth__host.a(id.c.obj)
                0x000000000000cfa0                bt_id_del
 .text.bt_id_create
                0x000000000000d118       0xd8 zephyr/subsys/bluetooth/host/libsubsys__bluetooth__host.a(id.c.obj)
                0x000000000000d118                bt_id_create
 .text.bt_id_read_public_addr
                0x000000000000d1f0       0xa4 zephyr/subsys/bluetooth/host/libsubsys__bluetooth__host.a(id.c.obj)
                0x000000000000d1f0                bt_id_read_public_addr
 .text.bt_setup_public_id_addr
                0x000000000000d294       0x94 zephyr/subsys/bluetooth/host/libsubsys__bluetooth__host.a(id.c.obj)
                0x000000000000d294                bt_setup_public_id_addr
 .text.bt_read_static_addr
                0x000000000000d328       0xc4 zephyr/subsys/bluetooth/host/libsubsys__bluetooth__host.a(id.c.obj)
                0x000000000000d328                bt_read_static_addr
 .text.bt_setup_random_id_addr
                0x000000000000d3ec       0x80 zephyr/subsys/bluetooth/host/libsubsys__bluetooth__host.a(id.c.obj)
                0x000000000000d3ec                bt_setup_random_id_addr
 .text.bt_id_set_create_conn_own_addr
                0x000000000000d46c       0x68 zephyr/subsys/bluetooth/host/libsubsys__bluetooth__host.a(id.c.obj)
                0x000000000000d46c                bt_id_set_create_conn_own_addr
 .text.bt_id_set_scan_own_addr
                0x000000000000d4d4       0x24 zephyr/subsys/bluetooth/host/libsubsys__bluetooth__host.a(id.c.obj)
                0x000000000000d4d4                bt_id_set_scan_own_addr
 .text.bt_id_set_adv_own_addr
                0x000000000000d4f8       0xc0 zephyr/subsys/bluetooth/host/libsubsys__bluetooth__host.a(id.c.obj)
                0x000000000000d4f8                bt_id_set_adv_own_addr
 .text.bt_id_init
                0x000000000000d5b8       0x7c zephyr/subsys/bluetooth/host/libsubsys__bluetooth__host.a(id.c.obj)
                0x000000000000d5b8                bt_id_init
 .text.valid_adv_param
                0x000000000000d634       0x90 zephyr/subsys/bluetooth/host/libsubsys__bluetooth__host.a(adv.c.obj)
 .text.hci_set_ad
                0x000000000000d6c4       0xec zephyr/subsys/bluetooth/host/libsubsys__bluetooth__host.a(adv.c.obj)
 .text.le_adv_start_add_conn
                0x000000000000d7b0       0x88 zephyr/subsys/bluetooth/host/libsubsys__bluetooth__host.a(adv.c.obj)
 .text.bt_le_ext_adv_foreach
                0x000000000000d838        0xc zephyr/subsys/bluetooth/host/libsubsys__bluetooth__host.a(adv.c.obj)
                0x000000000000d838                bt_le_ext_adv_foreach
 .text.bt_le_adv_lookup_legacy
                0x000000000000d844        0x8 zephyr/subsys/bluetooth/host/libsubsys__bluetooth__host.a(adv.c.obj)
                0x000000000000d844                bt_le_adv_lookup_legacy
 .text.bt_le_adv_start_legacy
                0x000000000000d84c      0x270 zephyr/subsys/bluetooth/host/libsubsys__bluetooth__host.a(adv.c.obj)
                0x000000000000d84c                bt_le_adv_start_legacy
 .text.bt_le_adv_start
                0x000000000000dabc       0x64 zephyr/subsys/bluetooth/host/libsubsys__bluetooth__host.a(adv.c.obj)
                0x000000000000dabc                bt_le_adv_start
 .text.bt_le_adv_stop
                0x000000000000db20       0xa0 zephyr/subsys/bluetooth/host/libsubsys__bluetooth__host.a(adv.c.obj)
                0x000000000000db20                bt_le_adv_stop
 .text.adv_timeout
                0x000000000000dbc0       0x3c zephyr/subsys/bluetooth/host/libsubsys__bluetooth__host.a(adv.c.obj)
 .text.bt_le_adv_resume
                0x000000000000dbfc       0x94 zephyr/subsys/bluetooth/host/libsubsys__bluetooth__host.a(adv.c.obj)
                0x000000000000dbfc                bt_le_adv_resume
 .text.bt_le_scan_set_enable_legacy
                0x000000000000dc90       0x68 zephyr/subsys/bluetooth/host/libsubsys__bluetooth__host.a(scan.c.obj)
 .text.start_le_scan_legacy
                0x000000000000dcf8       0xa4 zephyr/subsys/bluetooth/host/libsubsys__bluetooth__host.a(scan.c.obj)
 .text.bt_scan_reset
                0x000000000000dd9c        0xc zephyr/subsys/bluetooth/host/libsubsys__bluetooth__host.a(scan.c.obj)
                0x000000000000dd9c                bt_scan_reset
 .text.bt_le_scan_update
                0x000000000000dda8       0x94 zephyr/subsys/bluetooth/host/libsubsys__bluetooth__host.a(scan.c.obj)
                0x000000000000dda8                bt_le_scan_update
 .text.bt_hci_le_adv_report
                0x000000000000de3c      0x1f4 zephyr/subsys/bluetooth/host/libsubsys__bluetooth__host.a(scan.c.obj)
                0x000000000000de3c                bt_hci_le_adv_report
 .text.bt_le_scan_start
                0x000000000000e030      0x100 zephyr/subsys/bluetooth/host/libsubsys__bluetooth__host.a(scan.c.obj)
                0x000000000000e030                bt_le_scan_start
 .text.bt_le_scan_stop
                0x000000000000e130       0x2c zephyr/subsys/bluetooth/host/libsubsys__bluetooth__host.a(scan.c.obj)
                0x000000000000e130                bt_le_scan_stop
 .text.bt_pub_key_is_debug
                0x000000000000e15c       0x18 zephyr/subsys/bluetooth/host/libsubsys__bluetooth__host.a(ecc.c.obj)
                0x000000000000e15c                bt_pub_key_is_debug
 .text.bt_pub_key_gen
                0x000000000000e174      0x148 zephyr/subsys/bluetooth/host/libsubsys__bluetooth__host.a(ecc.c.obj)
                0x000000000000e174                bt_pub_key_gen
 .text.bt_pub_key_get
                0x000000000000e2bc       0x20 zephyr/subsys/bluetooth/host/libsubsys__bluetooth__host.a(ecc.c.obj)
                0x000000000000e2bc                bt_pub_key_get
 .text.bt_dh_key_gen
                0x000000000000e2dc       0xb8 zephyr/subsys/bluetooth/host/libsubsys__bluetooth__host.a(ecc.c.obj)
                0x000000000000e2dc                bt_dh_key_gen
 .text.bt_hci_evt_le_pkey_complete
                0x000000000000e394       0x7c zephyr/subsys/bluetooth/host/libsubsys__bluetooth__host.a(ecc.c.obj)
                0x000000000000e394                bt_hci_evt_le_pkey_complete
 .text.bt_hci_evt_le_dhkey_complete
                0x000000000000e410       0x1c zephyr/subsys/bluetooth/host/libsubsys__bluetooth__host.a(ecc.c.obj)
                0x000000000000e410                bt_hci_evt_le_dhkey_complete
 .text.tx_free  0x000000000000e42c       0x14 zephyr/subsys/bluetooth/host/libsubsys__bluetooth__host.a(conn.c.obj)
 .text.notify_connected
                0x000000000000e440       0x48 zephyr/subsys/bluetooth/host/libsubsys__bluetooth__host.a(conn.c.obj)
 .text.send_frag
                0x000000000000e488      0x13c zephyr/subsys/bluetooth/host/libsubsys__bluetooth__host.a(conn.c.obj)
 .text.bt_conn_get_pkts
                0x000000000000e5c4        0x8 zephyr/subsys/bluetooth/host/libsubsys__bluetooth__host.a(conn.c.obj)
                0x000000000000e5c4                bt_conn_get_pkts
 .text.bt_conn_new
                0x000000000000e5cc       0x68 zephyr/subsys/bluetooth/host/libsubsys__bluetooth__host.a(conn.c.obj)
                0x000000000000e5cc                bt_conn_new
 .text.bt_conn_recv
                0x000000000000e634      0x154 zephyr/subsys/bluetooth/host/libsubsys__bluetooth__host.a(conn.c.obj)
                0x000000000000e634                bt_conn_recv
 .text.bt_conn_send_cb
                0x000000000000e788       0xe0 zephyr/subsys/bluetooth/host/libsubsys__bluetooth__host.a(conn.c.obj)
                0x000000000000e788                bt_conn_send_cb
 .text.bt_conn_prepare_events
                0x000000000000e868       0x68 zephyr/subsys/bluetooth/host/libsubsys__bluetooth__host.a(conn.c.obj)
                0x000000000000e868                bt_conn_prepare_events
 .text.bt_conn_lookup_handle
                0x000000000000e8d0       0x10 zephyr/subsys/bluetooth/host/libsubsys__bluetooth__host.a(conn.c.obj)
                0x000000000000e8d0                bt_conn_lookup_handle
 .text.bt_conn_set_state
                0x000000000000e8e0      0x24c zephyr/subsys/bluetooth/host/libsubsys__bluetooth__host.a(conn.c.obj)
                0x000000000000e8e0                bt_conn_set_state
 .text.bt_conn_index
                0x000000000000eb2c       0x18 zephyr/subsys/bluetooth/host/libsubsys__bluetooth__host.a(conn.c.obj)
                0x000000000000eb2c                bt_conn_index
 .text.bt_conn_create_pdu_timeout
                0x000000000000eb44       0x50 zephyr/subsys/bluetooth/host/libsubsys__bluetooth__host.a(conn.c.obj)
                0x000000000000eb44                bt_conn_create_pdu_timeout
 .text.notify_le_param_updated
                0x000000000000eb94       0x84 zephyr/subsys/bluetooth/host/libsubsys__bluetooth__host.a(conn.c.obj)
                0x000000000000eb94                notify_le_param_updated
 .text.le_param_req
                0x000000000000ec18       0x74 zephyr/subsys/bluetooth/host/libsubsys__bluetooth__host.a(conn.c.obj)
                0x000000000000ec18                le_param_req
 .text.bt_conn_identity_resolved
                0x000000000000ec8c       0x5c zephyr/subsys/bluetooth/host/libsubsys__bluetooth__host.a(conn.c.obj)
                0x000000000000ec8c                bt_conn_identity_resolved
 .text.bt_conn_security_changed
                0x000000000000ece8       0x4c zephyr/subsys/bluetooth/host/libsubsys__bluetooth__host.a(conn.c.obj)
                0x000000000000ece8                bt_conn_security_changed
 .text.bt_conn_cb_register
                0x000000000000ed34       0x10 zephyr/subsys/bluetooth/host/libsubsys__bluetooth__host.a(conn.c.obj)
                0x000000000000ed34                bt_conn_cb_register
 .text.bt_conn_add_le
                0x000000000000ed44       0x38 zephyr/subsys/bluetooth/host/libsubsys__bluetooth__host.a(conn.c.obj)
                0x000000000000ed44                bt_conn_add_le
 .text.bt_conn_lookup_addr_le
                0x000000000000ed7c       0x3c zephyr/subsys/bluetooth/host/libsubsys__bluetooth__host.a(conn.c.obj)
                0x000000000000ed7c                bt_conn_lookup_addr_le
 .text.bt_conn_exists_le
                0x000000000000edb8       0x54 zephyr/subsys/bluetooth/host/libsubsys__bluetooth__host.a(conn.c.obj)
                0x000000000000edb8                bt_conn_exists_le
 .text.bt_conn_lookup_state_le
                0x000000000000ee0c       0x44 zephyr/subsys/bluetooth/host/libsubsys__bluetooth__host.a(conn.c.obj)
                0x000000000000ee0c                bt_conn_lookup_state_le
 .text.bt_le_set_auto_conn
                0x000000000000ee50       0xc8 zephyr/subsys/bluetooth/host/libsubsys__bluetooth__host.a(conn.c.obj)
                0x000000000000ee50                bt_le_set_auto_conn
 .text.send_conn_le_param_update
                0x000000000000ef18       0x68 zephyr/subsys/bluetooth/host/libsubsys__bluetooth__host.a(conn.c.obj)
 .text.deferred_work
                0x000000000000ef80       0xd0 zephyr/subsys/bluetooth/host/libsubsys__bluetooth__host.a(conn.c.obj)
 .text.bt_conn_create_frag_timeout
                0x000000000000f050        0xc zephyr/subsys/bluetooth/host/libsubsys__bluetooth__host.a(conn.c.obj)
                0x000000000000f050                bt_conn_create_frag_timeout
 .text.create_frag
                0x000000000000f05c       0x6c zephyr/subsys/bluetooth/host/libsubsys__bluetooth__host.a(conn.c.obj)
 .text.bt_conn_process_tx
                0x000000000000f0c8       0xc0 zephyr/subsys/bluetooth/host/libsubsys__bluetooth__host.a(conn.c.obj)
                0x000000000000f0c8                bt_conn_process_tx
 .text.bt_conn_auth_cb_register
                0x000000000000f188       0x38 zephyr/subsys/bluetooth/host/libsubsys__bluetooth__host.a(conn.c.obj)
                0x000000000000f188                bt_conn_auth_cb_register
 .text.bt_conn_init
                0x000000000000f1c0       0x60 zephyr/subsys/bluetooth/host/libsubsys__bluetooth__host.a(conn.c.obj)
                0x000000000000f1c0                bt_conn_init
 .text.l2cap_create_le_sig_pdu.constprop.0
                0x000000000000f220       0x58 zephyr/subsys/bluetooth/host/libsubsys__bluetooth__host.a(l2cap.c.obj)
 .text.l2cap_accept
                0x000000000000f278       0x4c zephyr/subsys/bluetooth/host/libsubsys__bluetooth__host.a(l2cap.c.obj)
 .text.l2cap_rtx_timeout
                0x000000000000f2c4       0x44 zephyr/subsys/bluetooth/host/libsubsys__bluetooth__host.a(l2cap.c.obj)
 .text.bt_l2cap_connected
                0x000000000000f308       0xb8 zephyr/subsys/bluetooth/host/libsubsys__bluetooth__host.a(l2cap.c.obj)
                0x000000000000f308                bt_l2cap_connected
 .text.l2cap_recv
                0x000000000000f3c0      0x194 zephyr/subsys/bluetooth/host/libsubsys__bluetooth__host.a(l2cap.c.obj)
 .text.bt_l2cap_recv
                0x000000000000f554       0x80 zephyr/subsys/bluetooth/host/libsubsys__bluetooth__host.a(l2cap.c.obj)
                0x000000000000f554                bt_l2cap_recv
 .text.bt_l2cap_update_conn_param
                0x000000000000f5d4       0x64 zephyr/subsys/bluetooth/host/libsubsys__bluetooth__host.a(l2cap.c.obj)
                0x000000000000f5d4                bt_l2cap_update_conn_param
 .text.att_cfm_sent
                0x000000000000f638       0x10 zephyr/subsys/bluetooth/host/libsubsys__bluetooth__host.a(att.c.obj)
 .text.att_rsp_sent
                0x000000000000f648       0x10 zephyr/subsys/bluetooth/host/libsubsys__bluetooth__host.a(att.c.obj)
 .text.att_req_sent
                0x000000000000f658       0x10 zephyr/subsys/bluetooth/host/libsubsys__bluetooth__host.a(att.c.obj)
 .text.bt_att_released
                0x000000000000f668       0x18 zephyr/subsys/bluetooth/host/libsubsys__bluetooth__host.a(att.c.obj)
 .text.find_type_cb
                0x000000000000f680      0x174 zephyr/subsys/bluetooth/host/libsubsys__bluetooth__host.a(att.c.obj)
 .text.att_get  0x000000000000f7f4       0x90 zephyr/subsys/bluetooth/host/libsubsys__bluetooth__host.a(att.c.obj)
 .text.bt_att_accept
                0x000000000000f884       0xcc zephyr/subsys/bluetooth/host/libsubsys__bluetooth__host.a(att.c.obj)
 .text.read_group_cb
                0x000000000000f950       0xac zephyr/subsys/bluetooth/host/libsubsys__bluetooth__host.a(att.c.obj)
 .text.chan_send
                0x000000000000f9fc       0xe0 zephyr/subsys/bluetooth/host/libsubsys__bluetooth__host.a(att.c.obj)
 .text.read_type_cb
                0x000000000000fadc       0xa8 zephyr/subsys/bluetooth/host/libsubsys__bluetooth__host.a(att.c.obj)
 .text.bt_att_connected
                0x000000000000fb84       0x68 zephyr/subsys/bluetooth/host/libsubsys__bluetooth__host.a(att.c.obj)
 .text.bt_att_chan_create_pdu
                0x000000000000fbec       0xac zephyr/subsys/bluetooth/host/libsubsys__bluetooth__host.a(att.c.obj)
                0x000000000000fbec                bt_att_chan_create_pdu
 .text.att_indicate
                0x000000000000fc98       0x3c zephyr/subsys/bluetooth/host/libsubsys__bluetooth__host.a(att.c.obj)
 .text.send_err_rsp.part.0
                0x000000000000fcd4       0x40 zephyr/subsys/bluetooth/host/libsubsys__bluetooth__host.a(att.c.obj)
 .text.bt_att_recv
                0x000000000000fd14      0x1ac zephyr/subsys/bluetooth/host/libsubsys__bluetooth__host.a(att.c.obj)
 .text.att_write_rsp.constprop.0
                0x000000000000fec0       0xc8 zephyr/subsys/bluetooth/host/libsubsys__bluetooth__host.a(att.c.obj)
 .text.att_signed_write_cmd
                0x000000000000ff88       0x94 zephyr/subsys/bluetooth/host/libsubsys__bluetooth__host.a(att.c.obj)
 .text.bt_att_create_pdu
                0x000000000001001c       0x78 zephyr/subsys/bluetooth/host/libsubsys__bluetooth__host.a(att.c.obj)
                0x000000000001001c                bt_att_create_pdu
 .text.att_read_group_req
                0x0000000000010094      0x108 zephyr/subsys/bluetooth/host/libsubsys__bluetooth__host.a(att.c.obj)
 .text.att_read_mult_req
                0x000000000001019c       0x9c zephyr/subsys/bluetooth/host/libsubsys__bluetooth__host.a(att.c.obj)
 .text.att_read_rsp
                0x0000000000010238       0x94 zephyr/subsys/bluetooth/host/libsubsys__bluetooth__host.a(att.c.obj)
 .text.att_read_type_req
                0x00000000000102cc       0xc8 zephyr/subsys/bluetooth/host/libsubsys__bluetooth__host.a(att.c.obj)
 .text.att_find_type_req
                0x0000000000010394       0xdc zephyr/subsys/bluetooth/host/libsubsys__bluetooth__host.a(att.c.obj)
 .text.att_find_info_req
                0x0000000000010470       0x78 zephyr/subsys/bluetooth/host/libsubsys__bluetooth__host.a(att.c.obj)
 .text.att_mtu_req
                0x00000000000104e8       0x70 zephyr/subsys/bluetooth/host/libsubsys__bluetooth__host.a(att.c.obj)
 .text.bt_att_req_alloc
                0x0000000000010558       0x44 zephyr/subsys/bluetooth/host/libsubsys__bluetooth__host.a(att.c.obj)
                0x0000000000010558                bt_att_req_alloc
 .text.bt_att_req_free
                0x000000000001059c       0x24 zephyr/subsys/bluetooth/host/libsubsys__bluetooth__host.a(att.c.obj)
                0x000000000001059c                bt_att_req_free
 .text.att_handle_rsp
                0x00000000000105c0       0x98 zephyr/subsys/bluetooth/host/libsubsys__bluetooth__host.a(att.c.obj)
 .text.att_error_rsp
                0x0000000000010658       0x68 zephyr/subsys/bluetooth/host/libsubsys__bluetooth__host.a(att.c.obj)
 .text.bt_att_disconnected
                0x00000000000106c0       0xb4 zephyr/subsys/bluetooth/host/libsubsys__bluetooth__host.a(att.c.obj)
 .text.att_timeout
                0x0000000000010774       0x38 zephyr/subsys/bluetooth/host/libsubsys__bluetooth__host.a(att.c.obj)
 .text.bt_att_req_cancel
                0x00000000000107ac       0x5c zephyr/subsys/bluetooth/host/libsubsys__bluetooth__host.a(att.c.obj)
                0x00000000000107ac                bt_att_req_cancel
 .text.find_cf_cfg
                0x0000000000010808       0x5c zephyr/subsys/bluetooth/host/libsubsys__bluetooth__host.a(gatt.c.obj)
 .text.find_sc_cfg
                0x0000000000010864       0x40 zephyr/subsys/bluetooth/host/libsubsys__bluetooth__host.a(gatt.c.obj)
 .text.gatt_sub_find
                0x00000000000108a4       0x5c zephyr/subsys/bluetooth/host/libsubsys__bluetooth__host.a(gatt.c.obj)
 .text.gatt_write_ccc
                0x0000000000010900       0x24 zephyr/subsys/bluetooth/host/libsubsys__bluetooth__host.a(gatt.c.obj)
 .text.bt_gatt_attr_write_ccc
                0x0000000000010924       0xd4 zephyr/subsys/bluetooth/host/libsubsys__bluetooth__host.a(gatt.c.obj)
                0x0000000000010924                bt_gatt_attr_write_ccc
 .text.sc_save  0x00000000000109f8       0x78 zephyr/subsys/bluetooth/host/libsubsys__bluetooth__host.a(gatt.c.obj)
 .text.cf_write
                0x0000000000010a70       0xb8 zephyr/subsys/bluetooth/host/libsubsys__bluetooth__host.a(gatt.c.obj)
 .text.sc_indicate_rsp
                0x0000000000010b28       0x54 zephyr/subsys/bluetooth/host/libsubsys__bluetooth__host.a(gatt.c.obj)
 .text.disconnected_cb
                0x0000000000010b7c       0xbc zephyr/subsys/bluetooth/host/libsubsys__bluetooth__host.a(gatt.c.obj)
 .text.bt_gatt_init
                0x0000000000010c38       0xac zephyr/subsys/bluetooth/host/libsubsys__bluetooth__host.a(gatt.c.obj)
                0x0000000000010c38                bt_gatt_init
 .text.bt_gatt_attr_get_handle
                0x0000000000010ce4       0x60 zephyr/subsys/bluetooth/host/libsubsys__bluetooth__host.a(gatt.c.obj)
                0x0000000000010ce4                bt_gatt_attr_get_handle
 .text.bt_gatt_foreach_attr_type
                0x0000000000010d44       0xb4 zephyr/subsys/bluetooth/host/libsubsys__bluetooth__host.a(gatt.c.obj)
                0x0000000000010d44                bt_gatt_foreach_attr_type
 .text.db_hash_gen.constprop.0
                0x0000000000010df8       0xac zephyr/subsys/bluetooth/host/libsubsys__bluetooth__host.a(gatt.c.obj)
 .text.gatt_indicate
                0x0000000000010ea4       0xe8 zephyr/subsys/bluetooth/host/libsubsys__bluetooth__host.a(gatt.c.obj)
 .text.bt_gatt_indicate
                0x0000000000010f8c       0xf0 zephyr/subsys/bluetooth/host/libsubsys__bluetooth__host.a(gatt.c.obj)
                0x0000000000010f8c                bt_gatt_indicate
 .text.sc_process
                0x000000000001107c       0x70 zephyr/subsys/bluetooth/host/libsubsys__bluetooth__host.a(gatt.c.obj)
 .text.gatt_notify
                0x00000000000110ec       0xb4 zephyr/subsys/bluetooth/host/libsubsys__bluetooth__host.a(gatt.c.obj)
 .text.notify_cb
                0x00000000000111a0      0x134 zephyr/subsys/bluetooth/host/libsubsys__bluetooth__host.a(gatt.c.obj)
 .text.update_ccc
                0x00000000000112d4      0x134 zephyr/subsys/bluetooth/host/libsubsys__bluetooth__host.a(gatt.c.obj)
 .text.bt_gatt_discover
                0x0000000000011408      0x1a4 zephyr/subsys/bluetooth/host/libsubsys__bluetooth__host.a(gatt.c.obj)
                0x0000000000011408                bt_gatt_discover
 .text.gatt_read_group_rsp
                0x00000000000115ac      0x124 zephyr/subsys/bluetooth/host/libsubsys__bluetooth__host.a(gatt.c.obj)
 .text.gatt_read_type_rsp
                0x00000000000116d0      0x2f0 zephyr/subsys/bluetooth/host/libsubsys__bluetooth__host.a(gatt.c.obj)
 .text.read_included_uuid_cb
                0x00000000000119c0       0xb4 zephyr/subsys/bluetooth/host/libsubsys__bluetooth__host.a(gatt.c.obj)
 .text.gatt_find_info_rsp
                0x0000000000011a74      0x164 zephyr/subsys/bluetooth/host/libsubsys__bluetooth__host.a(gatt.c.obj)
 .text.bt_gatt_write
                0x0000000000011bd8       0x70 zephyr/subsys/bluetooth/host/libsubsys__bluetooth__host.a(gatt.c.obj)
                0x0000000000011bd8                bt_gatt_write
 .text.gatt_prepare_write_rsp
                0x0000000000011c48       0xc4 zephyr/subsys/bluetooth/host/libsubsys__bluetooth__host.a(gatt.c.obj)
 .text.bt_gatt_mult_notification
                0x0000000000011d0c       0xc8 zephyr/subsys/bluetooth/host/libsubsys__bluetooth__host.a(gatt.c.obj)
                0x0000000000011d0c                bt_gatt_mult_notification
 .text.bt_gatt_connected
                0x0000000000011dd4       0x9c zephyr/subsys/bluetooth/host/libsubsys__bluetooth__host.a(gatt.c.obj)
                0x0000000000011dd4                bt_gatt_connected
 .text.bt_gatt_att_max_mtu_changed
                0x0000000000011e70       0x28 zephyr/subsys/bluetooth/host/libsubsys__bluetooth__host.a(gatt.c.obj)
                0x0000000000011e70                bt_gatt_att_max_mtu_changed
 .text.bt_gatt_encrypt_change
                0x0000000000011e98       0x20 zephyr/subsys/bluetooth/host/libsubsys__bluetooth__host.a(gatt.c.obj)
                0x0000000000011e98                bt_gatt_encrypt_change
 .text.db_hash_read
                0x0000000000011eb8       0x50 zephyr/subsys/bluetooth/host/libsubsys__bluetooth__host.a(gatt.c.obj)
 .text.bt_gatt_disconnected
                0x0000000000011f08       0xcc zephyr/subsys/bluetooth/host/libsubsys__bluetooth__host.a(gatt.c.obj)
                0x0000000000011f08                bt_gatt_disconnected
 .text.get_io_capa
                0x0000000000011fd4       0x4c zephyr/subsys/bluetooth/host/libsubsys__bluetooth__host.a(smp.c.obj)
 .text.smp_f5   0x0000000000012020       0xd4 zephyr/subsys/bluetooth/host/libsubsys__bluetooth__host.a(smp.c.obj)
 .text.smp_g2   0x00000000000120f4       0x68 zephyr/subsys/bluetooth/host/libsubsys__bluetooth__host.a(smp.c.obj)
 .text.get_auth.constprop.0
                0x000000000001215c       0x3c zephyr/subsys/bluetooth/host/libsubsys__bluetooth__host.a(smp.c.obj)
 .text.sc_smp_check_confirm
                0x0000000000012198       0xac zephyr/subsys/bluetooth/host/libsubsys__bluetooth__host.a(smp.c.obj)
 .text.smp_sign_buf
                0x0000000000012244       0x84 zephyr/subsys/bluetooth/host/libsubsys__bluetooth__host.a(smp.c.obj)
 .text.bt_smp_accept
                0x00000000000122c8       0x54 zephyr/subsys/bluetooth/host/libsubsys__bluetooth__host.a(smp.c.obj)
 .text.smp_chan_get
                0x000000000001231c       0x40 zephyr/subsys/bluetooth/host/libsubsys__bluetooth__host.a(smp.c.obj)
 .text.sec_level_reachable.isra.0
                0x000000000001235c       0x60 zephyr/subsys/bluetooth/host/libsubsys__bluetooth__host.a(smp.c.obj)
 .text.smp_find
                0x00000000000123bc       0x1c zephyr/subsys/bluetooth/host/libsubsys__bluetooth__host.a(smp.c.obj)
 .text.get_pair_method
                0x00000000000123d8       0x94 zephyr/subsys/bluetooth/host/libsubsys__bluetooth__host.a(smp.c.obj)
 .text.display_passkey
                0x000000000001246c       0x58 zephyr/subsys/bluetooth/host/libsubsys__bluetooth__host.a(smp.c.obj)
 .text.smp_init
                0x00000000000124c4       0x38 zephyr/subsys/bluetooth/host/libsubsys__bluetooth__host.a(smp.c.obj)
 .text.smp_dhkey_generate
                0x00000000000124fc       0x54 zephyr/subsys/bluetooth/host/libsubsys__bluetooth__host.a(smp.c.obj)
 .text.smp_ident_info
                0x0000000000012550       0x70 zephyr/subsys/bluetooth/host/libsubsys__bluetooth__host.a(smp.c.obj)
 .text.smp_encrypt_info
                0x00000000000125c0       0x70 zephyr/subsys/bluetooth/host/libsubsys__bluetooth__host.a(smp.c.obj)
 .text.legacy_request_tk
                0x0000000000012630      0x134 zephyr/subsys/bluetooth/host/libsubsys__bluetooth__host.a(smp.c.obj)
 .text.bt_smp_distribute_keys
                0x0000000000012764      0x280 zephyr/subsys/bluetooth/host/libsubsys__bluetooth__host.a(smp.c.obj)
 .text.smp_send_pairing_req
                0x00000000000129e4      0x108 zephyr/subsys/bluetooth/host/libsubsys__bluetooth__host.a(smp.c.obj)
 .text.smp_security_request
                0x0000000000012aec      0x14c zephyr/subsys/bluetooth/host/libsubsys__bluetooth__host.a(smp.c.obj)
 .text.smp_pairing_req
                0x0000000000012c38      0x1a8 zephyr/subsys/bluetooth/host/libsubsys__bluetooth__host.a(smp.c.obj)
 .text.sc_send_public_key
                0x0000000000012de0       0x44 zephyr/subsys/bluetooth/host/libsubsys__bluetooth__host.a(smp.c.obj)
 .text.compute_and_send_central_dhcheck
                0x0000000000012e24      0x104 zephyr/subsys/bluetooth/host/libsubsys__bluetooth__host.a(smp.c.obj)
 .text.compute_and_check_and_send_periph_dhcheck
                0x0000000000012f28      0x17c zephyr/subsys/bluetooth/host/libsubsys__bluetooth__host.a(smp.c.obj)
 .text.smp_dhkey_check
                0x00000000000130a4      0x164 zephyr/subsys/bluetooth/host/libsubsys__bluetooth__host.a(smp.c.obj)
 .text.smp_send_pairing_confirm
                0x0000000000013208       0xa4 zephyr/subsys/bluetooth/host/libsubsys__bluetooth__host.a(smp.c.obj)
 .text.smp_public_key_periph
                0x00000000000132ac       0xf0 zephyr/subsys/bluetooth/host/libsubsys__bluetooth__host.a(smp.c.obj)
 .text.smp_public_key
                0x000000000001339c      0x1dc zephyr/subsys/bluetooth/host/libsubsys__bluetooth__host.a(smp.c.obj)
 .text.bt_smp_connected
                0x0000000000013578       0x1c zephyr/subsys/bluetooth/host/libsubsys__bluetooth__host.a(smp.c.obj)
 .text.smp_pairing_confirm
                0x0000000000013594       0xb0 zephyr/subsys/bluetooth/host/libsubsys__bluetooth__host.a(smp.c.obj)
 .text.smp_pairing_rsp
                0x0000000000013644      0x178 zephyr/subsys/bluetooth/host/libsubsys__bluetooth__host.a(smp.c.obj)
 .text.smp_pairing_random
                0x00000000000137bc      0x31c zephyr/subsys/bluetooth/host/libsubsys__bluetooth__host.a(smp.c.obj)
 .text.bt_smp_sign_verify
                0x0000000000013ad8       0xf8 zephyr/subsys/bluetooth/host/libsubsys__bluetooth__host.a(smp.c.obj)
                0x0000000000013ad8                bt_smp_sign_verify
 .text.bt_smp_sign
                0x0000000000013bd0       0xb0 zephyr/subsys/bluetooth/host/libsubsys__bluetooth__host.a(smp.c.obj)
                0x0000000000013bd0                bt_smp_sign
 .text.smp_pairing_complete
                0x0000000000013c80       0xbc zephyr/subsys/bluetooth/host/libsubsys__bluetooth__host.a(smp.c.obj)
 .text.bt_smp_recv
                0x0000000000013d3c      0x168 zephyr/subsys/bluetooth/host/libsubsys__bluetooth__host.a(smp.c.obj)
 .text.bt_smp_pkey_ready
                0x0000000000013ea4       0xa4 zephyr/subsys/bluetooth/host/libsubsys__bluetooth__host.a(smp.c.obj)
 .text.smp_signing_info
                0x0000000000013f48       0x9c zephyr/subsys/bluetooth/host/libsubsys__bluetooth__host.a(smp.c.obj)
 .text.smp_ident_addr_info
                0x0000000000013fe4      0x18c zephyr/subsys/bluetooth/host/libsubsys__bluetooth__host.a(smp.c.obj)
 .text.smp_central_ident
                0x0000000000014170       0xc0 zephyr/subsys/bluetooth/host/libsubsys__bluetooth__host.a(smp.c.obj)
 .text.smp_pairing_failed
                0x0000000000014230       0x74 zephyr/subsys/bluetooth/host/libsubsys__bluetooth__host.a(smp.c.obj)
 .text.bt_smp_encrypt_change
                0x00000000000142a4      0x108 zephyr/subsys/bluetooth/host/libsubsys__bluetooth__host.a(smp.c.obj)
 .text.smp_timeout
                0x00000000000143ac       0x48 zephyr/subsys/bluetooth/host/libsubsys__bluetooth__host.a(smp.c.obj)
 .text.bt_smp_update_keys
                0x00000000000143f4      0x120 zephyr/subsys/bluetooth/host/libsubsys__bluetooth__host.a(smp.c.obj)
                0x00000000000143f4                bt_smp_update_keys
 .text.bt_smp_init
                0x0000000000014514       0x2c zephyr/subsys/bluetooth/host/libsubsys__bluetooth__host.a(smp.c.obj)
                0x0000000000014514                bt_smp_init
 .text.bt_keys_get_addr
                0x0000000000014540       0x50 zephyr/subsys/bluetooth/host/libsubsys__bluetooth__host.a(keys.c.obj)
                0x0000000000014540                bt_keys_get_addr
 .text.bt_keys_foreach
                0x0000000000014590       0x1c zephyr/subsys/bluetooth/host/libsubsys__bluetooth__host.a(keys.c.obj)
                0x0000000000014590                bt_keys_foreach
 .text.bt_keys_find
                0x00000000000145ac       0x2c zephyr/subsys/bluetooth/host/libsubsys__bluetooth__host.a(keys.c.obj)
                0x00000000000145ac                bt_keys_find
 .text.bt_keys_find_irk
                0x00000000000145d8       0x70 zephyr/subsys/bluetooth/host/libsubsys__bluetooth__host.a(keys.c.obj)
                0x00000000000145d8                bt_keys_find_irk
 .text.bt_keys_find_addr
                0x0000000000014648       0x20 zephyr/subsys/bluetooth/host/libsubsys__bluetooth__host.a(keys.c.obj)
                0x0000000000014648                bt_keys_find_addr
 .text.mem_init
                0x0000000000014668       0x60 zephyr/subsys/bluetooth/controller/libsubsys__bluetooth__controller.a(mem.c.obj)
                0x0000000000014668                mem_init
 .text.mem_acquire
                0x00000000000146c8       0x34 zephyr/subsys/bluetooth/controller/libsubsys__bluetooth__controller.a(mem.c.obj)
                0x00000000000146c8                mem_acquire
 .text.mem_release
                0x00000000000146fc       0x30 zephyr/subsys/bluetooth/controller/libsubsys__bluetooth__controller.a(mem.c.obj)
                0x00000000000146fc                mem_release
 .text.mem_get  0x000000000001472c        0x8 zephyr/subsys/bluetooth/controller/libsubsys__bluetooth__controller.a(mem.c.obj)
                0x000000000001472c                mem_get
 .text.mem_index_get
                0x0000000000014734        0xc zephyr/subsys/bluetooth/controller/libsubsys__bluetooth__controller.a(mem.c.obj)
                0x0000000000014734                mem_index_get
 .text.mem_rcopy
                0x0000000000014740       0x1c zephyr/subsys/bluetooth/controller/libsubsys__bluetooth__controller.a(mem.c.obj)
                0x0000000000014740                mem_rcopy
 .text.mem_nz   0x000000000001475c       0x18 zephyr/subsys/bluetooth/controller/libsubsys__bluetooth__controller.a(mem.c.obj)
                0x000000000001475c                mem_nz
 .text.memq_init
                0x0000000000014774        0x8 zephyr/subsys/bluetooth/controller/libsubsys__bluetooth__controller.a(memq.c.obj)
                0x0000000000014774                memq_init
 .text.memq_deinit
                0x000000000001477c       0x14 zephyr/subsys/bluetooth/controller/libsubsys__bluetooth__controller.a(memq.c.obj)
                0x000000000001477c                memq_deinit
 .text.memq_enqueue
                0x0000000000014790       0x14 zephyr/subsys/bluetooth/controller/libsubsys__bluetooth__controller.a(memq.c.obj)
                0x0000000000014790                memq_enqueue
 .text.memq_peek
                0x00000000000147a4       0x10 zephyr/subsys/bluetooth/controller/libsubsys__bluetooth__controller.a(memq.c.obj)
                0x00000000000147a4                memq_peek
 .text.memq_dequeue
                0x00000000000147b4       0x20 zephyr/subsys/bluetooth/controller/libsubsys__bluetooth__controller.a(memq.c.obj)
                0x00000000000147b4                memq_dequeue
 .text.mayfly_init
                0x00000000000147d4       0x40 zephyr/subsys/bluetooth/controller/libsubsys__bluetooth__controller.a(mayfly.c.obj)
                0x00000000000147d4                mayfly_init
 .text.mayfly_enable
                0x0000000000014814       0x64 zephyr/subsys/bluetooth/controller/libsubsys__bluetooth__controller.a(mayfly.c.obj)
                0x0000000000014814                mayfly_enable
 .text.mayfly_enqueue
                0x0000000000014878       0xb0 zephyr/subsys/bluetooth/controller/libsubsys__bluetooth__controller.a(mayfly.c.obj)
                0x0000000000014878                mayfly_enqueue
 .text.mayfly_run
                0x0000000000014928      0x14c zephyr/subsys/bluetooth/controller/libsubsys__bluetooth__controller.a(mayfly.c.obj)
                0x0000000000014928                mayfly_run
 .text.util_ones_count_get
                0x0000000000014a74       0x28 zephyr/subsys/bluetooth/controller/libsubsys__bluetooth__controller.a(util.c.obj)
                0x0000000000014a74                util_ones_count_get
 .text.util_aa_le32
                0x0000000000014a9c      0x12c zephyr/subsys/bluetooth/controller/libsubsys__bluetooth__controller.a(util.c.obj)
                0x0000000000014a9c                util_aa_le32
 .text.ticker_dequeue
                0x0000000000014bc8       0x74 zephyr/subsys/bluetooth/controller/libsubsys__bluetooth__controller.a(ticker.c.obj)
 .text.ticks_to_expire_prep
                0x0000000000014c3c       0x48 zephyr/subsys/bluetooth/controller/libsubsys__bluetooth__controller.a(ticker.c.obj)
 .text.ticker_job_list_insert
                0x0000000000014c84      0x208 zephyr/subsys/bluetooth/controller/libsubsys__bluetooth__controller.a(ticker.c.obj)
 .text.ticker_worker
                0x0000000000014e8c      0x2e0 zephyr/subsys/bluetooth/controller/libsubsys__bluetooth__controller.a(ticker.c.obj)
                0x0000000000014e8c                ticker_worker
 .text.ticker_job
                0x000000000001516c      0x940 zephyr/subsys/bluetooth/controller/libsubsys__bluetooth__controller.a(ticker.c.obj)
                0x000000000001516c                ticker_job
 .text.ticker_init
                0x0000000000015aac       0x88 zephyr/subsys/bluetooth/controller/libsubsys__bluetooth__controller.a(ticker.c.obj)
                0x0000000000015aac                ticker_init
 .text.ticker_trigger
                0x0000000000015b34       0x30 zephyr/subsys/bluetooth/controller/libsubsys__bluetooth__controller.a(ticker.c.obj)
                0x0000000000015b34                ticker_trigger
 .text.ticker_start_ext
                0x0000000000015b64       0xac zephyr/subsys/bluetooth/controller/libsubsys__bluetooth__controller.a(ticker.c.obj)
                0x0000000000015b64                ticker_start_ext
 .text.ticker_start
                0x0000000000015c10       0x38 zephyr/subsys/bluetooth/controller/libsubsys__bluetooth__controller.a(ticker.c.obj)
                0x0000000000015c10                ticker_start
 .text.ticker_update_ext
                0x0000000000015c48       0xac zephyr/subsys/bluetooth/controller/libsubsys__bluetooth__controller.a(ticker.c.obj)
                0x0000000000015c48                ticker_update_ext
 .text.ticker_update
                0x0000000000015cf4       0x30 zephyr/subsys/bluetooth/controller/libsubsys__bluetooth__controller.a(ticker.c.obj)
                0x0000000000015cf4                ticker_update
 .text.ticker_stop
                0x0000000000015d24       0x84 zephyr/subsys/bluetooth/controller/libsubsys__bluetooth__controller.a(ticker.c.obj)
                0x0000000000015d24                ticker_stop
 .text.ticker_next_slot_get
                0x0000000000015da8       0x8c zephyr/subsys/bluetooth/controller/libsubsys__bluetooth__controller.a(ticker.c.obj)
                0x0000000000015da8                ticker_next_slot_get
 .text.ticker_job_sched
                0x0000000000015e34       0x30 zephyr/subsys/bluetooth/controller/libsubsys__bluetooth__controller.a(ticker.c.obj)
                0x0000000000015e34                ticker_job_sched
 .text.ticker_ticks_now_get
                0x0000000000015e64        0x4 zephyr/subsys/bluetooth/controller/libsubsys__bluetooth__controller.a(ticker.c.obj)
                0x0000000000015e64                ticker_ticks_now_get
 .text.ticker_ticks_diff_get
                0x0000000000015e68        0x8 zephyr/subsys/bluetooth/controller/libsubsys__bluetooth__controller.a(ticker.c.obj)
                0x0000000000015e68                ticker_ticks_diff_get
 .text.ll_addr_set
                0x0000000000015e70       0x44 zephyr/subsys/bluetooth/controller/libsubsys__bluetooth__controller.a(ll_addr.c.obj)
                0x0000000000015e70                ll_addr_set
 .text.ll_addr_get
                0x0000000000015eb4       0x20 zephyr/subsys/bluetooth/controller/libsubsys__bluetooth__controller.a(ll_addr.c.obj)
                0x0000000000015eb4                ll_addr_get
 .text.ll_addr_read
                0x0000000000015ed4       0x30 zephyr/subsys/bluetooth/controller/libsubsys__bluetooth__controller.a(ll_addr.c.obj)
                0x0000000000015ed4                ll_addr_read
 .text.ll_tx_pwr_lvl_get
                0x0000000000015f04       0x24 zephyr/subsys/bluetooth/controller/libsubsys__bluetooth__controller.a(ll_tx_pwr.c.obj)
                0x0000000000015f04                ll_tx_pwr_lvl_get
 .text.ll_tx_pwr_get
                0x0000000000015f28        0x8 zephyr/subsys/bluetooth/controller/libsubsys__bluetooth__controller.a(ll_tx_pwr.c.obj)
                0x0000000000015f28                ll_tx_pwr_get
 .text.hci_driver_init
                0x0000000000015f30       0x10 zephyr/subsys/bluetooth/controller/libsubsys__bluetooth__controller.a(hci_driver.c.obj)
 .text.hci_driver_send
                0x0000000000015f40       0xc8 zephyr/subsys/bluetooth/controller/libsubsys__bluetooth__controller.a(hci_driver.c.obj)
 .text.recv_thread
                0x0000000000016008      0x118 zephyr/subsys/bluetooth/controller/libsubsys__bluetooth__controller.a(hci_driver.c.obj)
 .text.prio_recv_thread
                0x0000000000016120       0xc8 zephyr/subsys/bluetooth/controller/libsubsys__bluetooth__controller.a(hci_driver.c.obj)
 .text.hci_driver_open
                0x00000000000161e8       0xc4 zephyr/subsys/bluetooth/controller/libsubsys__bluetooth__controller.a(hci_driver.c.obj)
 .text.dup_found.part.0
                0x00000000000162ac       0xc0 zephyr/subsys/bluetooth/controller/libsubsys__bluetooth__controller.a(hci.c.obj)
 .text.le_remote_feat_complete
                0x000000000001636c       0x70 zephyr/subsys/bluetooth/controller/libsubsys__bluetooth__controller.a(hci.c.obj)
 .text.hci_vendor_cmd_handle_common
                0x00000000000163dc      0x17c zephyr/subsys/bluetooth/controller/libsubsys__bluetooth__controller.a(hci.c.obj)
                0x00000000000163dc                hci_vendor_cmd_handle_common
 .text.hci_cmd_handle
                0x0000000000016558      0xa90 zephyr/subsys/bluetooth/controller/libsubsys__bluetooth__controller.a(hci.c.obj)
                0x0000000000016558                hci_cmd_handle
 .text.hci_acl_handle
                0x0000000000016fe8      0x168 zephyr/subsys/bluetooth/controller/libsubsys__bluetooth__controller.a(hci.c.obj)
                0x0000000000016fe8                hci_acl_handle
 .text.hci_disconn_complete_encode
                0x0000000000017150       0x40 zephyr/subsys/bluetooth/controller/libsubsys__bluetooth__controller.a(hci.c.obj)
                0x0000000000017150                hci_disconn_complete_encode
 .text.hci_disconn_complete_process
                0x0000000000017190       0x10 zephyr/subsys/bluetooth/controller/libsubsys__bluetooth__controller.a(hci.c.obj)
                0x0000000000017190                hci_disconn_complete_process
 .text.hci_acl_encode
                0x00000000000171a0       0x74 zephyr/subsys/bluetooth/controller/libsubsys__bluetooth__controller.a(hci.c.obj)
                0x00000000000171a0                hci_acl_encode
 .text.hci_evt_encode
                0x0000000000017214      0x8b0 zephyr/subsys/bluetooth/controller/libsubsys__bluetooth__controller.a(hci.c.obj)
                0x0000000000017214                hci_evt_encode
 .text.hci_num_cmplt_encode
                0x0000000000017ac4       0x30 zephyr/subsys/bluetooth/controller/libsubsys__bluetooth__controller.a(hci.c.obj)
                0x0000000000017ac4                hci_num_cmplt_encode
 .text.hci_get_class
                0x0000000000017af4       0x2c zephyr/subsys/bluetooth/controller/libsubsys__bluetooth__controller.a(hci.c.obj)
                0x0000000000017af4                hci_get_class
 .text.hci_init
                0x0000000000017b20       0x4c zephyr/subsys/bluetooth/controller/libsubsys__bluetooth__controller.a(hci.c.obj)
                0x0000000000017b20                hci_init
 .text.bt_rand  0x0000000000017b6c        0x4 zephyr/subsys/bluetooth/controller/libsubsys__bluetooth__controller.a(crypto.c.obj)
                0x0000000000017b6c                bt_rand
 .text.bt_encrypt_le
                0x0000000000017b70        0xc zephyr/subsys/bluetooth/controller/libsubsys__bluetooth__controller.a(crypto.c.obj)
                0x0000000000017b70                bt_encrypt_le
 .text.ll_feat_get
                0x0000000000017b7c        0xc zephyr/subsys/bluetooth/controller/libsubsys__bluetooth__controller.a(ll_feat.c.obj)
                0x0000000000017b7c                ll_feat_get
 .text.perform_lll_reset
                0x0000000000017b88       0xc0 zephyr/subsys/bluetooth/controller/libsubsys__bluetooth__controller.a(ull.c.obj)
 .text.ull_ticker_status_give
                0x0000000000017c48        0xc zephyr/subsys/bluetooth/controller/libsubsys__bluetooth__controller.a(ull.c.obj)
                0x0000000000017c48                ull_ticker_status_give
 .text.disabled_cb
                0x0000000000017c54        0x4 zephyr/subsys/bluetooth/controller/libsubsys__bluetooth__controller.a(ull.c.obj)
 .text.tx_cmplt_get
                0x0000000000017c58       0xc0 zephyr/subsys/bluetooth/controller/libsubsys__bluetooth__controller.a(ull.c.obj)