Archive member included to satisfy reference by file (symbol)

app/libapp.a(main.c.obj)      (--whole-archive)
app/libapp.a(rgb_driver.c.obj)
                              (--whole-archive)
app/libapp.a(bluetooth_driver.c.obj)
                              (--whole-archive)
app/libapp.a(time_driver.c.obj)
                              (--whole-archive)
app/libapp.a(hci.c.obj)       (--whole-archive)
app/libapp.a(ble_commands.c.obj)
                              (--whole-archive)
app/libapp.a(shell_driver.c.obj)
                              (--whole-archive)
app/libapp.a(button_driver.c.obj)
                              (--whole-archive)
zephyr/libzephyr.a(cbprintf.c.obj)
                              (--whole-archive)
zephyr/libzephyr.a(cbprintf_packaged.c.obj)
                              (--whole-archive)
zephyr/libzephyr.a(crc32c_sw.c.obj)
                              (--whole-archive)
zephyr/libzephyr.a(crc32_sw.c.obj)
                              (--whole-archive)
zephyr/libzephyr.a(crc16_sw.c.obj)
                              (--whole-archive)
zephyr/libzephyr.a(crc8_sw.c.obj)
                              (--whole-archive)
zephyr/libzephyr.a(crc7_sw.c.obj)
                              (--whole-archive)
zephyr/libzephyr.a(dec.c.obj)
                              (--whole-archive)
zephyr/libzephyr.a(fdtable.c.obj)
                              (--whole-archive)
zephyr/libzephyr.a(hex.c.obj)
                              (--whole-archive)
zephyr/libzephyr.a(notify.c.obj)
                              (--whole-archive)
zephyr/libzephyr.a(printk.c.obj)
                              (--whole-archive)
zephyr/libzephyr.a(onoff.c.obj)
                              (--whole-archive)
zephyr/libzephyr.a(rb.c.obj)  (--whole-archive)
zephyr/libzephyr.a(sem.c.obj)
                              (--whole-archive)
zephyr/libzephyr.a(thread_entry.c.obj)
                              (--whole-archive)
zephyr/libzephyr.a(timeutil.c.obj)
                              (--whole-archive)
zephyr/libzephyr.a(heap.c.obj)
                              (--whole-archive)
zephyr/libzephyr.a(heap-validate.c.obj)
                              (--whole-archive)
zephyr/libzephyr.a(bitarray.c.obj)
                              (--whole-archive)
zephyr/libzephyr.a(multi_heap.c.obj)
                              (--whole-archive)
zephyr/libzephyr.a(cbprintf_complete.c.obj)
                              (--whole-archive)
zephyr/libzephyr.a(ring_buffer.c.obj)
                              (--whole-archive)
zephyr/libzephyr.a(mpsc_pbuf.c.obj)
                              (--whole-archive)
zephyr/libzephyr.a(fnmatch.c.obj)
                              (--whole-archive)
zephyr/libzephyr.a(configs.c.obj)
                              (--whole-archive)
zephyr/libzephyr.a(soc_nrf_common.S.obj)
                              (--whole-archive)
zephyr/libzephyr.a(validate_base_addresses.c.obj)
                              (--whole-archive)
zephyr/libzephyr.a(validate_enabled_instances.c.obj)
                              (--whole-archive)
zephyr/libzephyr.a(log_list.c.obj)
                              (--whole-archive)
zephyr/libzephyr.a(log_core.c.obj)
                              (--whole-archive)
zephyr/libzephyr.a(log_mgmt.c.obj)
                              (--whole-archive)
zephyr/libzephyr.a(log_msg.c.obj)
                              (--whole-archive)
zephyr/libzephyr.a(log_output.c.obj)
                              (--whole-archive)
zephyr/libzephyr.a(log_msg2.c.obj)
                              (--whole-archive)
zephyr/libzephyr.a(log_cmds.c.obj)
                              (--whole-archive)
zephyr/libzephyr.a(kernel_service.c.obj)
                              (--whole-archive)
zephyr/libzephyr.a(device_service.c.obj)
                              (--whole-archive)
zephyr/libzephyr.a(devmem_service.c.obj)
                              (--whole-archive)
zephyr/libzephyr.a(shell_uart.c.obj)
                              (--whole-archive)
zephyr/libzephyr.a(shell.c.obj)
                              (--whole-archive)
zephyr/libzephyr.a(shell_fprintf.c.obj)
                              (--whole-archive)
zephyr/libzephyr.a(shell_utils.c.obj)
                              (--whole-archive)
zephyr/libzephyr.a(shell_ops.c.obj)
                              (--whole-archive)
zephyr/libzephyr.a(shell_log_backend.c.obj)
                              (--whole-archive)
zephyr/libzephyr.a(shell_help.c.obj)
                              (--whole-archive)
zephyr/libzephyr.a(shell_cmds.c.obj)
                              (--whole-archive)
zephyr/libzephyr.a(shell_history.c.obj)
                              (--whole-archive)
zephyr/libzephyr.a(shell_wildcard.c.obj)
                              (--whole-archive)
zephyr/libzephyr.a(addr_utils.c.obj)
                              (--whole-archive)
zephyr/libzephyr.a(usb_device.c.obj)
                              (--whole-archive)
zephyr/libzephyr.a(usb_descriptor.c.obj)
[...]
Memory Configuration

Name             Origin             Length             Attributes
FLASH            0x0000000000001000 0x00000000000ff000 xr
SRAM             0x0000000020000000 0x0000000000040000 xw
IDT_LIST         0x00000000fffff7ff 0x0000000000000800 xw
*default*        0x0000000000000000 0xffffffffffffffff

Linker script and memory map

LOAD zephyr/CMakeFiles/zephyr_pre0.dir/misc/empty_file.c.obj
LOAD zephyr/CMakeFiles/offsets.dir/./arch/arm/core/offsets/offsets.c.obj
                0x0000000000000020                _region_min_align = 0x20

.rel.plt        0x0000000000001000        0x0
 *(SORT_BY_ALIGNMENT(.rel.plt))
                [!provide]                        PROVIDE (__rel_iplt_start = .)
 *(SORT_BY_ALIGNMENT(.rel.iplt))
 .rel.iplt      0x0000000000001000        0x0 app/libapp.a(main.c.obj)
                [!provide]                        PROVIDE (__rel_iplt_end = .)

.rela.plt       0x0000000000000000        0x0
 *(SORT_BY_ALIGNMENT(.rela.plt))
                [!provide]                        PROVIDE (__rela_iplt_start = .)
 *(SORT_BY_ALIGNMENT(.rela.iplt))
                [!provide]                        PROVIDE (__rela_iplt_end = .)

.rel.dyn
 *(SORT_BY_ALIGNMENT(.rel.*))

.rela.dyn
 *(SORT_BY_ALIGNMENT(.rela.*))

/DISCARD/
 *(SORT_BY_ALIGNMENT(.plt))
 *(SORT_BY_ALIGNMENT(.iplt))
 *(SORT_BY_ALIGNMENT(.got.plt))
 *(SORT_BY_ALIGNMENT(.igot.plt))
 *(SORT_BY_ALIGNMENT(.got))
 *(SORT_BY_ALIGNMENT(.igot))
 *(SORT_BY_ALIGNMENT(.note.GNU-stack))
                0x0000000000001000                __rom_region_start = 0x1000

rom_start       0x0000000000001000      0x100
                0x0000000000000000                . = 0x0
                0x0000000000000000                . = ALIGN (0x4)
                0x0000000000000000                . = ALIGN (0x80)
                0x0000000000000000                . = ALIGN (0x100)
                0x0000000000001000                _vector_start = .
 *(SORT_BY_ALIGNMENT(.exc_vector_table))
 *(SORT_BY_ALIGNMENT(.exc_vector_table.*))
 .exc_vector_table._vector_table_section
                0x0000000000001000       0x40 zephyr/arch/arch/arm/core/aarch32/cortex_m/libarch__arm__core__aarch32__cortex_m.a(vector_table.S.obj)
                0x0000000000001000                _vector_table
 *(SORT_BY_ALIGNMENT(.gnu.linkonce.irq_vector_table*))
 .gnu.linkonce.irq_vector_table
                0x0000000000001040       0xc0 zephyr/arch/common/libisr_tables.a(isr_tables.c.obj)
                0x0000000000001040                _irq_vector_table
 *(SORT_BY_ALIGNMENT(.vectors))
                0x0000000000001100                _vector_end = .

text            0x0000000000001100    0x309e0
                0x0000000000001100                __text_region_start = .
 *(SORT_BY_ALIGNMENT(.text))
 .text          0x0000000000001100       0xa0 /opt/zephyr-sdk-0.13.2/arm-zephyr-eabi/bin/../lib/gcc/arm-zephyr-eabi/10.3.0/thumb/v7e-m/nofp/libgcc.a(_aeabi_ldivmod.o)
                0x0000000000001100                __aeabi_ldivmod
 .text          0x00000000000011a0       0x30 /opt/zephyr-sdk-0.13.2/arm-zephyr-eabi/bin/../lib/gcc/arm-zephyr-eabi/10.3.0/thumb/v7e-m/nofp/libgcc.a(_aeabi_uldivmod.o)
                0x00000000000011a0                __aeabi_uldivmod
 .text          0x00000000000011d0        0x4 /opt/zephyr-sdk-0.13.2/arm-zephyr-eabi/bin/../lib/gcc/arm-zephyr-eabi/10.3.0/thumb/v7e-m/nofp/libgcc.a(_dvmd_tls.o)
                0x00000000000011d0                __aeabi_ldiv0
                0x00000000000011d0                __aeabi_idiv0
 .text          0x00000000000011d4      0x2a6 /opt/zephyr-sdk-0.13.2/arm-zephyr-eabi/bin/../lib/gcc/arm-zephyr-eabi/10.3.0/thumb/v7e-m/nofp/libgcc.a(_udivmoddi4.o)
                0x00000000000011d4                __udivmoddi4
 *(SORT_BY_ALIGNMENT(.text.*))
 *fill*         0x000000000000147a        0x6 
 .text.bt_init  0x0000000000001480      0x4ac zephyr/subsys/bluetooth/host/libsubsys__bluetooth__host.a(hci_core.c.obj)
 *fill*         0x000000000000192c        0x4 
 .text.ull_drift_ticks_get
                0x0000000000001930       0x8c zephyr/subsys/bluetooth/controller/libsubsys__bluetooth__controller.a(ull.c.obj)
                0x0000000000001930                ull_drift_ticks_get
 *fill*         0x00000000000019bc        0x4 
 .text.ll_adv_enable
                0x00000000000019c0      0x460 zephyr/subsys/bluetooth/controller/libsubsys__bluetooth__controller.a(ull_adv.c.obj)
                0x00000000000019c0                ll_adv_enable
 .text.ull_adv_time_update
                0x0000000000001e20       0xb0 zephyr/subsys/bluetooth/controller/libsubsys__bluetooth__controller.a(ull_adv.c.obj)
                0x0000000000001e20                ull_adv_time_update
 .text.ll_scan_params_set
                0x0000000000001ed0       0x70 zephyr/subsys/bluetooth/controller/libsubsys__bluetooth__controller.a(ull_scan.c.obj)
                0x0000000000001ed0                ll_scan_params_set
 .text.ull_scan_params_set
                0x0000000000001f40       0x54 zephyr/subsys/bluetooth/controller/libsubsys__bluetooth__controller.a(ull_scan.c.obj)
                0x0000000000001f40                ull_scan_params_set
 *fill*         0x0000000000001f94        0x4 
 .text.ull_scan_enable
                0x0000000000001f98      0x178 zephyr/subsys/bluetooth/controller/libsubsys__bluetooth__controller.a(ull_scan.c.obj)
                0x0000000000001f98                ull_scan_enable
 .text.event_conn_upd_prep
                0x0000000000002110      0x734 zephyr/subsys/bluetooth/controller/libsubsys__bluetooth__controller.a(ull_conn.c.obj)
 *fill*         0x0000000000002844        0x4 
 .text.ull_periph_setup
                0x0000000000002848      0x48c zephyr/subsys/bluetooth/controller/libsubsys__bluetooth__controller.a(ull_peripheral.c.obj)
                0x0000000000002848                ull_periph_setup
 *fill*         0x0000000000002cd4        0x4 
 .text.ll_create_connection
                0x0000000000002cd8      0x480 zephyr/subsys/bluetooth/controller/libsubsys__bluetooth__controller.a(ull_central.c.obj)
                0x0000000000002cd8                ll_create_connection
 .text.ull_central_setup
                0x0000000000003158      0x298 zephyr/subsys/bluetooth/controller/libsubsys__bluetooth__controller.a(ull_central.c.obj)
                0x0000000000003158                ull_central_setup
 .text.ull_sched_after_mstr_slot_get
                0x00000000000033f0      0x12c zephyr/subsys/bluetooth/controller/libsubsys__bluetooth__controller.a(ull_sched.c.obj)
                0x00000000000033f0                ull_sched_after_mstr_slot_get
 *fill*         0x000000000000351c        0x4 
 .text.after_mstr_offset_get
                0x0000000000003520       0x94 zephyr/subsys/bluetooth/controller/libsubsys__bluetooth__controller.a(ull_sched.c.obj)
 *fill*         0x00000000000035b4        0x4 
 .text.ull_sched_mfy_win_offset_select
                0x00000000000035b8      0x134 zephyr/subsys/bluetooth/controller/libsubsys__bluetooth__controller.a(ull_sched.c.obj)
                0x00000000000035b8                ull_sched_mfy_win_offset_select
 *fill*         0x00000000000036ec        0x4 
 .text.isr_window
                0x00000000000036f0       0x9c zephyr/subsys/bluetooth/controller/libsubsys__bluetooth__controller.a(lll_scan.c.obj)
 *fill*         0x000000000000378c        0x4 
 .text.isr_rx   0x0000000000003790      0x554 zephyr/subsys/bluetooth/controller/libsubsys__bluetooth__controller.a(lll_scan.c.obj)
 *fill*         0x0000000000003ce4        0x4 
 .text.cmd_nsec
                0x0000000000003ce8      0x10c zephyr/drivers/pwm/libdrivers__pwm.a(pwm_shell.c.obj)
 .text.cmd_led_ctrl_o.part.0
                0x0000000000003df4       0x30 app/libapp.a(rgb_driver.c.obj)
 .text.pwm_set  0x0000000000003e24       0x90 app/libapp.a(rgb_driver.c.obj)
                0x0000000000003e24                pwm_set
 .text.set_led_clr
                0x0000000000003eb4      0x144 app/libapp.a(rgb_driver.c.obj)
                0x0000000000003eb4                set_led_clr
 .text.clear_led_clr
                0x0000000000003ff8      0x148 app/libapp.a(rgb_driver.c.obj)
                0x0000000000003ff8                clear_led_clr
 .text.toggle_led
                0x0000000000004140       0x64 app/libapp.a(rgb_driver.c.obj)
                0x0000000000004140                toggle_led
 .text.init_rgb_led
                0x00000000000041a4       0x98 app/libapp.a(rgb_driver.c.obj)
                0x00000000000041a4                init_rgb_led
 .text.device_found
                0x000000000000423c       0x30 app/libapp.a(bluetooth_driver.c.obj)
 .text.start_scan
                0x000000000000426c       0x70 app/libapp.a(bluetooth_driver.c.obj)
 .text.gatt_write
                0x00000000000042dc       0x5c app/libapp.a(bluetooth_driver.c.obj)
 .text.gatt_write_cb
                0x0000000000004338       0x34 app/libapp.a(bluetooth_driver.c.obj)
 .text.write_test_chrc
                0x000000000000436c       0xf0 app/libapp.a(bluetooth_driver.c.obj)
 .text.discover_func
                0x000000000000445c      0x120 app/libapp.a(bluetooth_driver.c.obj)
 .text.bt_addr_le_to_str.constprop.0.isra.0
                0x000000000000457c       0x78 app/libapp.a(bluetooth_driver.c.obj)
 .text.disconnected
                0x00000000000045f4       0x60 app/libapp.a(bluetooth_driver.c.obj)
 .text.connected
                0x0000000000004654       0x88 app/libapp.a(bluetooth_driver.c.obj)
 .text.parse_device.part.0
                0x00000000000046dc       0x9c app/libapp.a(bluetooth_driver.c.obj)
 .text.parse_device
                0x0000000000004778       0x3c app/libapp.a(bluetooth_driver.c.obj)
 .text.thread_ble_read
                0x00000000000047b4      0x140 app/libapp.a(bluetooth_driver.c.obj)
                0x00000000000047b4                thread_ble_read
 .text.thread_button_ble
                0x00000000000048f4       0x28 app/libapp.a(bluetooth_driver.c.obj)
                0x00000000000048f4                thread_button_ble
 .text.thread_ble_commands
                0x000000000000491c       0x64 app/libapp.a(bluetooth_driver.c.obj)
                0x000000000000491c                thread_ble_commands
 .text.thread_samp_commands
                0x0000000000004980       0x24 app/libapp.a(bluetooth_driver.c.obj)
                0x0000000000004980                thread_samp_commands
 .text.ble_client
                0x00000000000049a4       0x80 app/libapp.a(bluetooth_driver.c.obj)
                0x00000000000049a4                ble_client
 .text.cmd_time_null
                0x0000000000004a24       0x6c app/libapp.a(time_driver.c.obj)
                0x0000000000004a24                cmd_time_null
 .text.cmd_time_f
                0x0000000000004a90       0xb4 app/libapp.a(time_driver.c.obj)
                0x0000000000004a90                cmd_time_f
 .text.print_reading
                0x0000000000004b44       0x7c app/libapp.a(hci.c.obj)
                0x0000000000004b44                print_reading
 .text.print_JSON
                0x0000000000004bc0       0x4c app/libapp.a(hci.c.obj)
                0x0000000000004bc0                print_JSON
 .text.cmd_all_off
                0x0000000000004c0c       0x70 app/libapp.a(ble_commands.c.obj)
                0x0000000000004c0c                cmd_all_off
 .text.cmd_all_on
                0x0000000000004c7c       0x80 app/libapp.a(ble_commands.c.obj)
                0x0000000000004c7c                cmd_all_on
 .text.cmd_sample_w
                0x0000000000004cfc       0x80 app/libapp.a(ble_commands.c.obj)
                0x0000000000004cfc                cmd_sample_w
 .text.cmd_dc_w
                0x0000000000004d7c       0x90 app/libapp.a(ble_commands.c.obj)
                0x0000000000004d7c                cmd_dc_w
 .text.cmd_pb_r
                0x0000000000004e0c       0x64 app/libapp.a(ble_commands.c.obj)
                0x0000000000004e0c                cmd_pb_r
 .text.cmd_rgb_w
                0x0000000000004e70       0x8c app/libapp.a(ble_commands.c.obj)
                0x0000000000004e70                cmd_rgb_w
 .text.cmd_buzzer_w
                0x0000000000004efc       0x94 app/libapp.a(ble_commands.c.obj)
                0x0000000000004efc                cmd_buzzer_w
 .text.cmd_lis2dh_r
                0x0000000000004f90       0x7c app/libapp.a(ble_commands.c.obj)
                0x0000000000004f90                cmd_lis2dh_r
 .text.cmd_ccs811_r
                0x000000000000500c       0x64 app/libapp.a(ble_commands.c.obj)
                0x000000000000500c                cmd_ccs811_r
 .text.cmd_lps22_r
                0x0000000000005070       0x64 app/libapp.a(ble_commands.c.obj)
                0x0000000000005070                cmd_lps22_r
 .text.cmd_hts221_r
                0x00000000000050d4       0x78 app/libapp.a(ble_commands.c.obj)
                0x00000000000050d4                cmd_hts221_r
 .text.shell_entry
                0x000000000000514c       0x34 app/libapp.a(shell_driver.c.obj)
                0x000000000000514c                shell_entry
 .text.button_pressed
                0x0000000000005180       0x2c app/libapp.a(button_driver.c.obj)
                0x0000000000005180                button_pressed
 .text.init_button_driver
                0x00000000000051ac       0xf0 app/libapp.a(button_driver.c.obj)
                0x00000000000051ac                init_button_driver
 .text.cbvprintf_package
                0x000000000000529c      0x414 zephyr/libzephyr.a(cbprintf_packaged.c.obj)
                0x000000000000529c                cbvprintf_package
 .text.vsnprintk
                0x00000000000056b0       0x28 zephyr/libzephyr.a(printk.c.obj)
                0x00000000000056b0                vsnprintk
 .text.process_event
                0x00000000000056d8      0x1c0 zephyr/libzephyr.a(onoff.c.obj)
 .text.cbvprintf
                0x0000000000005898      0x784 zephyr/libzephyr.a(cbprintf_complete.c.obj)
                0x0000000000005898                cbvprintf
 .text.enable_logger
                0x000000000000601c       0x5c zephyr/libzephyr.a(log_core.c.obj)
 .text.log_process_thread_timer_expiry_fn
                0x0000000000006078        0xc zephyr/libzephyr.a(log_core.c.obj)
 .text.log_init
                0x0000000000006084       0x58 zephyr/libzephyr.a(log_core.c.obj)
                0x0000000000006084                log_init
 .text.z_log_notify_backend_enabled
                0x00000000000060dc       0x1c zephyr/libzephyr.a(log_core.c.obj)
                0x00000000000060dc                z_log_notify_backend_enabled
 .text.z_log_dropped
                0x00000000000060f8       0x3c zephyr/libzephyr.a(log_core.c.obj)
                0x00000000000060f8                z_log_dropped
 .text.z_log_dropped_read_and_clear
                0x0000000000006134       0x20 zephyr/libzephyr.a(log_core.c.obj)
                0x0000000000006134                z_log_dropped_read_and_clear
 .text.dropped_notify
                0x0000000000006154       0x38 zephyr/libzephyr.a(log_core.c.obj)
                0x0000000000006154                dropped_notify
 .text.z_log_msg2_init
                0x000000000000618c       0x10 zephyr/libzephyr.a(log_core.c.obj)
                0x000000000000618c                z_log_msg2_init
 .text.log_core_init
                0x000000000000619c       0x38 zephyr/libzephyr.a(log_core.c.obj)
                0x000000000000619c                log_core_init
 .text.z_log_msg2_alloc
                0x00000000000061d4       0x10 zephyr/libzephyr.a(log_core.c.obj)
                0x00000000000061d4                z_log_msg2_alloc
 .text.z_log_msg2_claim
                0x00000000000061e4        0xc zephyr/libzephyr.a(log_core.c.obj)
                0x00000000000061e4                z_log_msg2_claim
 .text.z_log_msg2_free
                0x00000000000061f0        0xc zephyr/libzephyr.a(log_core.c.obj)
                0x00000000000061f0                z_log_msg2_free
 .text.z_log_msg2_pending
                0x00000000000061fc        0xc zephyr/libzephyr.a(log_core.c.obj)
                0x00000000000061fc                z_log_msg2_pending
 .text.z_impl_log_process
                0x0000000000006208       0xc4 zephyr/libzephyr.a(log_core.c.obj)
                0x0000000000006208                z_impl_log_process
 .text.log_process_thread_func
                0x00000000000062cc       0x48 zephyr/libzephyr.a(log_core.c.obj)
 .text.z_log_msg_post_finalize
                0x0000000000006314       0x8c zephyr/libzephyr.a(log_core.c.obj)
 .text.z_log_msg2_commit
                0x00000000000063a0       0x24 zephyr/libzephyr.a(log_core.c.obj)
                0x00000000000063a0                z_log_msg2_commit
 .text.z_impl_log_panic
                0x00000000000063c4       0x48 zephyr/libzephyr.a(log_core.c.obj)
                0x00000000000063c4                z_impl_log_panic
 .text.z_log_runtime_filters_init
                0x000000000000640c       0x3c zephyr/libzephyr.a(log_mgmt.c.obj)
                0x000000000000640c                z_log_runtime_filters_init
 .text.log_source_name_get
                0x0000000000006448       0x1c zephyr/libzephyr.a(log_mgmt.c.obj)
                0x0000000000006448                log_source_name_get
 .text.z_impl_log_filter_set
                0x0000000000006464       0xa4 zephyr/libzephyr.a(log_mgmt.c.obj)
                0x0000000000006464                z_impl_log_filter_set
 .text.backend_filter_set
                0x0000000000006508       0x30 zephyr/libzephyr.a(log_mgmt.c.obj)
 .text.log_backend_enable
                0x0000000000006538       0x2c zephyr/libzephyr.a(log_mgmt.c.obj)
                0x0000000000006538                log_backend_enable
 .text.log_filter_get
                0x0000000000006564       0x34 zephyr/libzephyr.a(log_mgmt.c.obj)
                0x0000000000006564                log_filter_get
 .text.log_msg_mem_get_free
                0x0000000000006598       0x10 zephyr/libzephyr.a(log_msg.c.obj)
                0x0000000000006598                log_msg_mem_get_free
 .text.log_msg_mem_get_used
                0x00000000000065a8        0xc zephyr/libzephyr.a(log_msg.c.obj)
                0x00000000000065a8                log_msg_mem_get_used
 .text.print_formatted
                0x00000000000065b4       0x24 zephyr/libzephyr.a(log_output.c.obj)
 .text.hexdump_line_print
                0x00000000000065d8       0xdc zephyr/libzephyr.a(log_output.c.obj)
 .text.prefix_print
                0x00000000000066b4      0x148 zephyr/libzephyr.a(log_output.c.obj)
 .text.postfix_print
                0x00000000000067fc       0x3c zephyr/libzephyr.a(log_output.c.obj)
 .text.log_output_msg2_process
                0x0000000000006838       0xc8 zephyr/libzephyr.a(log_output.c.obj)
                0x0000000000006838                log_output_msg2_process
 .text.log_output_dropped_process
                0x0000000000006900       0x58 zephyr/libzephyr.a(log_output.c.obj)
                0x0000000000006900                log_output_dropped_process
 .text.log_output_timestamp_freq_set
                0x0000000000006958       0x30 zephyr/libzephyr.a(log_output.c.obj)
                0x0000000000006958                log_output_timestamp_freq_set
 .text.z_impl_z_log_msg2_runtime_vcreate
                0x0000000000006988       0x98 zephyr/libzephyr.a(log_msg2.c.obj)
                0x0000000000006988                z_impl_z_log_msg2_runtime_vcreate
 .text.severity_lvl_get
                0x0000000000006a20       0x24 zephyr/libzephyr.a(log_cmds.c.obj)
 .text.backend_name_get
                0x0000000000006a44       0x30 zephyr/libzephyr.a(log_cmds.c.obj)
 .text.cmd_log_memory_slabs
                0x0000000000006a74       0x40 zephyr/libzephyr.a(log_cmds.c.obj)
 .text.cmd_log_backends_list
                0x0000000000006ab4       0x60 zephyr/libzephyr.a(log_cmds.c.obj)
 .text.log_status
                0x0000000000006b14       0xb8 zephyr/libzephyr.a(log_cmds.c.obj)
 .text.module_name_get
                0x0000000000006bcc       0x20 zephyr/libzephyr.a(log_cmds.c.obj)
 .text.shell_backend_cmd_execute
                0x0000000000006bec       0x78 zephyr/libzephyr.a(log_cmds.c.obj)
 .text.cmd_log_backend_status
                0x0000000000006c64       0x10 zephyr/libzephyr.a(log_cmds.c.obj)
 .text.cmd_log_backend_halt
                0x0000000000006c74        0xc zephyr/libzephyr.a(log_cmds.c.obj)
 .text.cmd_log_backend_go
                0x0000000000006c80        0xc zephyr/libzephyr.a(log_cmds.c.obj)
 .text.cmd_log_backend_enable
                0x0000000000006c8c        0xc zephyr/libzephyr.a(log_cmds.c.obj)
 .text.cmd_log_backend_disable
                0x0000000000006c98        0xc zephyr/libzephyr.a(log_cmds.c.obj)
 .text.shell_state_precheck
                0x0000000000006ca4       0x20 zephyr/libzephyr.a(log_cmds.c.obj)
 .text.filters_set
                0x0000000000006cc4       0xd0 zephyr/libzephyr.a(log_cmds.c.obj)
 .text.log_enable
                0x0000000000006d94       0x60 zephyr/libzephyr.a(log_cmds.c.obj)
 .text.cmd_kernel_version
                0x0000000000006df4       0x2c zephyr/libzephyr.a(kernel_service.c.obj)
 .text.cmd_kernel_uptime
                0x0000000000006e20       0x2c zephyr/libzephyr.a(kernel_service.c.obj)
 .text.cmd_kernel_threads
                0x0000000000006e4c       0x38 zephyr/libzephyr.a(kernel_service.c.obj)
 .text.cmd_kernel_stacks
                0x0000000000006e84       0x60 zephyr/libzephyr.a(kernel_service.c.obj)
 .text.shell_tdata_dump
                0x0000000000006ee4       0xc4 zephyr/libzephyr.a(kernel_service.c.obj)
 .text.cmd_kernel_cycles
                0x0000000000006fa8       0x1c zephyr/libzephyr.a(kernel_service.c.obj)
 .text.shell_stack_dump
                0x0000000000006fc4       0x64 zephyr/libzephyr.a(kernel_service.c.obj)
 .text.get_device_name
                0x0000000000007028       0x20 zephyr/libzephyr.a(device_service.c.obj)
 .text.cmd_device_list_visitor
                0x0000000000007048       0x20 zephyr/libzephyr.a(device_service.c.obj)
 .text.cmd_device_list
                0x0000000000007068       0x98 zephyr/libzephyr.a(device_service.c.obj)
 .text.device_get_config_level
                0x0000000000007100       0x54 zephyr/libzephyr.a(device_service.c.obj)
 .text.cmd_device_levels
                0x0000000000007154       0x94 zephyr/libzephyr.a(device_service.c.obj)
 .text.cmd_devmem
                0x00000000000071e8       0xc4 zephyr/libzephyr.a(devmem_service.c.obj)
 .text.set_bypass.isra.0
                0x00000000000072ac       0x48 zephyr/libzephyr.a(devmem_service.c.obj)
 .text.bypass_cb
                0x00000000000072f4      0x118 zephyr/libzephyr.a(devmem_service.c.obj)
 .text.cmd_load
                0x000000000000740c       0xe0 zephyr/libzephyr.a(devmem_service.c.obj)
 .text.enable_shell_uart
                0x00000000000074ec       0x38 zephyr/libzephyr.a(shell_uart.c.obj)
 .text.init     0x0000000000007524       0x58 zephyr/libzephyr.a(shell_uart.c.obj)
 .text.uart_callback
                0x000000000000757c      0x140 zephyr/libzephyr.a(shell_uart.c.obj)
 .text.shell_internal_help_print
                0x00000000000076bc       0x20 zephyr/libzephyr.a(shell.c.obj)
 .text.z_cursor_next_line_move.isra.0
                0x00000000000076dc        0xc zephyr/libzephyr.a(shell.c.obj)
 .text.history_handle
                0x00000000000076e8       0xa4 zephyr/libzephyr.a(shell.c.obj)
 .text.execute  0x000000000000778c      0x2bc zephyr/libzephyr.a(shell.c.obj)
 .text.state_set.constprop.0
                0x0000000000007a48       0x48 zephyr/libzephyr.a(shell.c.obj)
 .text.shell_process
                0x0000000000007a90      0x68c zephyr/libzephyr.a(shell.c.obj)
                0x0000000000007a90                shell_process
 .text.shell_init
                0x000000000000811c       0xf0 zephyr/libzephyr.a(shell.c.obj)
                0x000000000000811c                shell_init
 .text.shell_start
                0x000000000000820c       0x4c zephyr/libzephyr.a(shell.c.obj)
                0x000000000000820c                shell_start
 .text.shell_thread
                0x0000000000008258       0xc8 zephyr/libzephyr.a(shell.c.obj)
                0x0000000000008258                shell_thread
 .text.cmd_help
                0x0000000000008320       0x4c zephyr/libzephyr.a(shell.c.obj)
 .text.z_shell_fprintf_fmt
                0x000000000000836c       0x28 zephyr/libzephyr.a(shell_fprintf.c.obj)
                0x000000000000836c                z_shell_fprintf_fmt
 .text.z_shell_cmd_get
                0x0000000000008394       0x4c zephyr/libzephyr.a(shell_utils.c.obj)
                0x0000000000008394                z_shell_cmd_get
 .text.z_clear_eos
                0x00000000000083e0       0x18 zephyr/libzephyr.a(shell_ops.c.obj)
 .text.z_cursor_next_line_move.isra.0
                0x00000000000083f8        0xc zephyr/libzephyr.a(shell_ops.c.obj)
 .text.z_shell_op_cursor_vert_move
                0x0000000000008404       0x2c zephyr/libzephyr.a(shell_ops.c.obj)
                0x0000000000008404                z_shell_op_cursor_vert_move
 .text.z_shell_op_cursor_horiz_move
                0x0000000000008430       0x2c zephyr/libzephyr.a(shell_ops.c.obj)
                0x0000000000008430                z_shell_op_cursor_horiz_move
 .text.z_shell_print_cmd
                0x000000000000845c       0x10 zephyr/libzephyr.a(shell_ops.c.obj)
                0x000000000000845c                z_shell_print_cmd
 .text.z_shell_vt100_color_set
                0x000000000000846c       0x40 zephyr/libzephyr.a(shell_ops.c.obj)
                0x000000000000846c                z_shell_vt100_color_set
 .text.z_shell_vt100_colors_restore
                0x00000000000084ac       0x3c zephyr/libzephyr.a(shell_ops.c.obj)
                0x00000000000084ac                z_shell_vt100_colors_restore
 .text.z_shell_op_word_remove
                0x00000000000084e8       0xb8 zephyr/libzephyr.a(shell_ops.c.obj)
                0x00000000000084e8                z_shell_op_word_remove
 .text.reprint_from_cursor
                0x00000000000085a0       0x78 zephyr/libzephyr.a(shell_ops.c.obj)
 .text.z_shell_op_char_insert
                0x0000000000008618       0x68 zephyr/libzephyr.a(shell_ops.c.obj)
                0x0000000000008618                z_shell_op_char_insert
 .text.z_shell_print_prompt_and_cmd
                0x0000000000008680       0x30 zephyr/libzephyr.a(shell_ops.c.obj)
                0x0000000000008680                z_shell_print_prompt_and_cmd
 .text.z_cursor_next_line_move.isra.0
                0x00000000000086b0        0xc zephyr/libzephyr.a(shell_help.c.obj)
 .text.z_shell_help_subcmd_print
                0x00000000000086bc       0xb0 zephyr/libzephyr.a(shell_help.c.obj)
                0x00000000000086bc                z_shell_help_subcmd_print
 .text.z_shell_help_cmd_print
                0x000000000000876c       0x48 zephyr/libzephyr.a(shell_help.c.obj)
                0x000000000000876c                z_shell_help_cmd_print
 .text.z_shell_help_request
                0x00000000000087b4       0x28 zephyr/libzephyr.a(shell_help.c.obj)
                0x00000000000087b4                z_shell_help_request
 .text.cmd_resize_default
                0x00000000000087dc       0x28 zephyr/libzephyr.a(shell_cmds.c.obj)
 .text.cmd_shell_stats_show
                0x0000000000008804       0x18 zephyr/libzephyr.a(shell_cmds.c.obj)
 .text.cmd_history
                0x000000000000881c       0x44 zephyr/libzephyr.a(shell_cmds.c.obj)
 .text.cmd_echo
                0x0000000000008860       0x58 zephyr/libzephyr.a(shell_cmds.c.obj)
 .text.cmd_clear
                0x00000000000088b8       0x34 zephyr/libzephyr.a(shell_cmds.c.obj)
 .text.cmd_resize
                0x00000000000088ec      0x190 zephyr/libzephyr.a(shell_cmds.c.obj)
 .text.z_shell_wildcard_process
                0x0000000000008a7c       0xe4 zephyr/libzephyr.a(shell_wildcard.c.obj)
                0x0000000000008a7c                z_shell_wildcard_process
 .text.class_handler
                0x0000000000008b60       0x40 zephyr/libzephyr.a(usb_device.c.obj)
 .text.custom_handler
                0x0000000000008ba0       0x60 zephyr/libzephyr.a(usb_device.c.obj)
 .text.vendor_handler
                0x0000000000008c00       0x3c zephyr/libzephyr.a(usb_device.c.obj)
 .text.usb_reset_alt_setting
                0x0000000000008c3c       0x10 zephyr/libzephyr.a(usb_device.c.obj)
 .text.is_ep_valid.part.0
                0x0000000000008c4c       0x38 zephyr/libzephyr.a(usb_device.c.obj)
 .text.usb_handle_request.constprop.0
                0x0000000000008c84       0x2c zephyr/libzephyr.a(usb_device.c.obj)
 .text.set_endpoint
                0x0000000000008cb0       0xe8 zephyr/libzephyr.a(usb_device.c.obj)
 .text.forward_status_cb
                0x0000000000008d98       0x9c zephyr/libzephyr.a(usb_device.c.obj)
 .text.usb_halt_endpoint_req.isra.0
                0x0000000000008e34       0xa8 zephyr/libzephyr.a(usb_device.c.obj)
 .text.usb_handle_standard_request
                0x0000000000008edc      0x360 zephyr/libzephyr.a(usb_device.c.obj)
 .text.usb_write
                0x000000000000923c       0x68 zephyr/libzephyr.a(usb_device.c.obj)
                0x000000000000923c                usb_write
 .text.usb_data_to_host
                0x00000000000092a4       0x54 zephyr/libzephyr.a(usb_device.c.obj)
 .text.usb_handle_control_transfer
                0x00000000000092f8      0x10c zephyr/libzephyr.a(usb_device.c.obj)
 .text.usb_set_config
                0x0000000000009404       0x2c zephyr/libzephyr.a(usb_device.c.obj)
                0x0000000000009404                usb_set_config
 .text.usb_device_init
                0x0000000000009430       0x50 zephyr/libzephyr.a(usb_device.c.obj)
 .text.usb_enable
                0x0000000000009480      0x11c zephyr/libzephyr.a(usb_device.c.obj)
                0x0000000000009480                usb_enable
 .text.usb_update_sn_string_descriptor
                0x000000000000959c       0x88 zephyr/libzephyr.a(usb_descriptor.c.obj)
                0x000000000000959c                usb_update_sn_string_descriptor
 .text.usb_fix_descriptor
                0x0000000000009624      0x240 zephyr/libzephyr.a(usb_descriptor.c.obj)
 .text.usb_get_device_descriptor
                0x0000000000009864       0x48 zephyr/libzephyr.a(usb_descriptor.c.obj)
                0x0000000000009864                usb_get_device_descriptor
 .text.usb_ep_get_transfer
                0x00000000000098ac       0x2c zephyr/libzephyr.a(usb_transfer.c.obj)
 .text.usb_transfer_work
                0x00000000000098d8      0x17c zephyr/libzephyr.a(usb_transfer.c.obj)
 .text.usb_transfer_ep_callback
                0x0000000000009a54       0x80 zephyr/libzephyr.a(usb_transfer.c.obj)
                0x0000000000009a54                usb_transfer_ep_callback
 .text.usb_transfer
                0x0000000000009ad4      0x144 zephyr/libzephyr.a(usb_transfer.c.obj)
                0x0000000000009ad4                usb_transfer
 .text.usb_cancel_transfer
                0x0000000000009c18       0x3c zephyr/libzephyr.a(usb_transfer.c.obj)
                0x0000000000009c18                usb_cancel_transfer
 .text.usb_cancel_transfers
                0x0000000000009c54       0x50 zephyr/libzephyr.a(usb_transfer.c.obj)
                0x0000000000009c54                usb_cancel_transfers
 .text.usb_transfer_init
                0x0000000000009ca4       0x34 zephyr/libzephyr.a(usb_transfer.c.obj)
                0x0000000000009ca4                usb_transfer_init
 .text.cdc_acm_irq_rx_enable
                0x0000000000009cd8       0x20 zephyr/libzephyr.a(cdc_acm.c.obj)
 .text.cdc_acm_irq_tx_enable
                0x0000000000009cf8       0x20 zephyr/libzephyr.a(cdc_acm.c.obj)
 .text.cdc_acm_reset_port
                0x0000000000009d18       0x34 zephyr/libzephyr.a(cdc_acm.c.obj)
 .text.cdc_acm_write_cb
                0x0000000000009d4c       0x3c zephyr/libzephyr.a(cdc_acm.c.obj)
 .text.tx_work_handler
                0x0000000000009d88       0x54 zephyr/libzephyr.a(cdc_acm.c.obj)
 .text.cdc_acm_poll_out
                0x0000000000009ddc       0xc4 zephyr/libzephyr.a(cdc_acm.c.obj)
 .text.cdc_acm_read_cb
                0x0000000000009ea0       0x80 zephyr/libzephyr.a(cdc_acm.c.obj)
 .text.cdc_acm_dev_status_cb
                0x0000000000009f20      0x1ac zephyr/libzephyr.a(cdc_acm.c.obj)
 .text.cdc_acm_fifo_fill
                0x000000000000a0cc       0x8c zephyr/libzephyr.a(cdc_acm.c.obj)
 .text.cdc_acm_int_in
                0x000000000000a158       0x48 zephyr/libzephyr.a(cdc_acm.c.obj)
 .text.cdc_acm_class_handle_req
                0x000000000000a1a0       0x88 zephyr/libzephyr.a(cdc_acm.c.obj)
                0x000000000000a1a0                cdc_acm_class_handle_req
 .text.cdc_acm_init
                0x000000000000a228       0x48 zephyr/libzephyr.a(cdc_acm.c.obj)
 .text.cdc_acm_send_notification.isra.0
                0x000000000000a270       0x54 zephyr/libzephyr.a(cdc_acm.c.obj)
 .text.z_usb_work_q_init
                0x000000000000a2c4       0x34 zephyr/libzephyr.a(usb_work_q.c.obj)
 .text.pm_state_notify
                0x000000000000a2f8       0x5c zephyr/libzephyr.a(pm.c.obj)
 .text.atomic_clear_bit.constprop.0
                0x000000000000a354       0x30 zephyr/libzephyr.a(pm.c.obj)
 .text.pm_system_resume
                0x000000000000a384       0x88 zephyr/libzephyr.a(pm.c.obj)
                0x000000000000a384                pm_system_resume
 .text.pm_system_suspend
                0x000000000000a40c       0xf8 zephyr/libzephyr.a(pm.c.obj)
                0x000000000000a40c                pm_system_suspend
 .text.pm_constraint_get
                0x000000000000a504       0x1c zephyr/libzephyr.a(constraint.c.obj)
                0x000000000000a504                pm_constraint_get
 .text.pm_state_cpu_get_all
                0x000000000000a520       0x10 zephyr/libzephyr.a(state.c.obj)
                0x000000000000a520                pm_state_cpu_get_all
 .text.pm_policy_next_state
                0x000000000000a530       0x8c zephyr/libzephyr.a(residency.c.obj)
                0x000000000000a530                pm_policy_next_state
 .text.uECC_get_rng
                0x000000000000a5bc        0xc zephyr/libzephyr.a(ecc.c.obj)
                0x000000000000a5bc                uECC_get_rng
 .text.vli_mmod_fast_secp256r1
                0x000000000000a5c8      0x188 zephyr/libzephyr.a(ecc.c.obj)
                0x000000000000a5c8                vli_mmod_fast_secp256r1
 .text.sub_bytes
                0x000000000000a750       0x18 zephyr/libzephyr.a(aes_encrypt.c.obj)
 .text.tc_aes128_set_encrypt_key
                0x000000000000a768       0xa4 zephyr/libzephyr.a(aes_encrypt.c.obj)
                0x000000000000a768                tc_aes128_set_encrypt_key
 .text.z_arm_cpu_idle_init
                0x000000000000a80c        0xc zephyr/arch/arch/arm/core/aarch32/libarch__arm__core__aarch32.a(cpu_idle.S.obj)
                0x000000000000a80c                z_arm_cpu_idle_init
 .text.arch_cpu_idle
                0x000000000000a818       0x1c zephyr/arch/arch/arm/core/aarch32/libarch__arm__core__aarch32.a(cpu_idle.S.obj)
                0x000000000000a818                arch_cpu_idle
 .text.arch_cpu_atomic_idle
                0x000000000000a834       0x14 zephyr/arch/arch/arm/core/aarch32/libarch__arm__core__aarch32.a(cpu_idle.S.obj)
                0x000000000000a834                arch_cpu_atomic_idle
 .text.z_arm_fatal_error
                0x000000000000a848       0xdc zephyr/arch/arch/arm/core/aarch32/libarch__arm__core__aarch32.a(fatal.c.obj)
                0x000000000000a848                z_arm_fatal_error
 .text.arch_irq_enable
                0x000000000000a924       0x20 zephyr/arch/arch/arm/core/aarch32/libarch__arm__core__aarch32.a(irq_manage.c.obj)
                0x000000000000a924                arch_irq_enable
 .text.arch_irq_disable
                0x000000000000a944       0x28 zephyr/arch/arch/arm/core/aarch32/libarch__arm__core__aarch32.a(irq_manage.c.obj)
                0x000000000000a944                arch_irq_disable
 .text.arch_irq_is_enabled
                0x000000000000a96c       0x1c zephyr/arch/arch/arm/core/aarch32/libarch__arm__core__aarch32.a(irq_manage.c.obj)
                0x000000000000a96c                arch_irq_is_enabled
 .text.z_arm_irq_priority_set
                0x000000000000a988       0x30 zephyr/arch/arch/arm/core/aarch32/libarch__arm__core__aarch32.a(irq_manage.c.obj)
                0x000000000000a988                z_arm_irq_priority_set
 .text._arch_isr_direct_pm
                0x000000000000a9b8       0x1c zephyr/arch/arch/arm/core/aarch32/libarch__arm__core__aarch32.a(irq_manage.c.obj)
                0x000000000000a9b8                _arch_isr_direct_pm
 .text.z_SysNmiOnReset
                0x000000000000a9d4        0x8 zephyr/arch/arch/arm/core/aarch32/libarch__arm__core__aarch32.a(nmi_on_reset.S.obj)
                0x000000000000a9d4                z_SysNmiOnReset
 .text.z_arm_prep_c
                0x000000000000a9dc       0x48 zephyr/arch/arch/arm/core/aarch32/libarch__arm__core__aarch32.a(prep_c.c.obj)
                0x000000000000a9dc                z_arm_prep_c
 .text.arch_swap
                0x000000000000aa24       0x38 zephyr/arch/arch/arm/core/aarch32/libarch__arm__core__aarch32.a(swap.c.obj)
                0x000000000000aa24                arch_swap
 .text.z_arm_pendsv
                0x000000000000aa5c       0x58 zephyr/arch/arch/arm/core/aarch32/libarch__arm__core__aarch32.a(swap_helper.S.obj)
                0x000000000000aa5c                z_arm_pendsv
 .text.z_arm_svc
                0x000000000000aab4       0x20 zephyr/arch/arch/arm/core/aarch32/libarch__arm__core__aarch32.a(swap_helper.S.obj)
                0x000000000000aab4                z_arm_svc
 .text.arch_new_thread
                0x000000000000aad4       0x38 zephyr/arch/arch/arm/core/aarch32/libarch__arm__core__aarch32.a(thread.c.obj)
                0x000000000000aad4                arch_new_thread
 .text.z_check_thread_stack_fail
                0x000000000000ab0c       0x30 zephyr/arch/arch/arm/core/aarch32/libarch__arm__core__aarch32.a(thread.c.obj)
                0x000000000000ab0c                z_check_thread_stack_fail
 .text.arch_switch_to_main_thread
                0x000000000000ab3c       0x2c zephyr/arch/arch/arm/core/aarch32/libarch__arm__core__aarch32.a(thread.c.obj)
                0x000000000000ab3c                arch_switch_to_main_thread
 .text._isr_wrapper
                0x000000000000ab68       0x40 zephyr/arch/arch/arm/core/aarch32/libarch__arm__core__aarch32.a(isr_wrapper.S.obj)
                0x000000000000ab68                _isr_wrapper
 .text._HandlerModeExit
                0x000000000000aba8       0x1c zephyr/arch/arch/arm/core/aarch32/cortex_m/libarch__arm__core__aarch32__cortex_m.a(exc_exit.S.obj)
                0x000000000000aba8                z_arm_exc_exit
                0x000000000000aba8                z_arm_int_exit
 .text.bus_fault.constprop.0
                0x000000000000abc4      0x158 zephyr/arch/arch/arm/core/aarch32/cortex_m/libarch__arm__core__aarch32__cortex_m.a(fault.c.obj)
 .text.usage_fault.constprop.0
                0x000000000000ad1c      0x134 zephyr/arch/arch/arm/core/aarch32/cortex_m/libarch__arm__core__aarch32__cortex_m.a(fault.c.obj)
 .text.mem_manage_fault
                0x000000000000ae50      0x180 zephyr/arch/arch/arm/core/aarch32/cortex_m/libarch__arm__core__aarch32__cortex_m.a(fault.c.obj)
 .text.z_log_msg2_runtime_create.constprop.0
                0x000000000000afd0       0x24 zephyr/arch/arch/arm/core/aarch32/cortex_m/libarch__arm__core__aarch32__cortex_m.a(fault.c.obj)
 .text.z_arm_fault
                0x000000000000aff4      0x244 zephyr/arch/arch/arm/core/aarch32/cortex_m/libarch__arm__core__aarch32__cortex_m.a(fault.c.obj)
                0x000000000000aff4                z_arm_fault
 .text.z_arm_fault_init
                0x000000000000b238       0x10 zephyr/arch/arch/arm/core/aarch32/cortex_m/libarch__arm__core__aarch32__cortex_m.a(fault.c.obj)
                0x000000000000b238                z_arm_fault_init
 .text.__fault  0x000000000000b248       0x14 zephyr/arch/arch/arm/core/aarch32/cortex_m/libarch__arm__core__aarch32__cortex_m.a(fault_s.S.obj)
                0x000000000000b248                z_arm_bus_fault
                0x000000000000b248                z_arm_usage_fault
                0x000000000000b248                z_arm_mpu_fault
                0x000000000000b248                z_arm_exc_spurious
                0x000000000000b248                z_arm_debug_monitor
                0x000000000000b248                z_arm_hard_fault
 .text.z_arm_interrupt_init
                0x000000000000b25c       0x18 zephyr/arch/arch/arm/core/aarch32/cortex_m/libarch__arm__core__aarch32__cortex_m.a(irq_init.c.obj)
                0x000000000000b25c                z_arm_interrupt_init
 .text._reset_section
                0x000000000000b274       0x3c zephyr/arch/arch/arm/core/aarch32/cortex_m/libarch__arm__core__aarch32__cortex_m.a(reset.S.obj)
                0x000000000000b274                z_arm_reset
                0x000000000000b274                __start
 .text.z_impl_k_thread_abort
                0x000000000000b2b0       0x24 zephyr/arch/arch/arm/core/aarch32/cortex_m/libarch__arm__core__aarch32__cortex_m.a(thread_abort.c.obj)
                0x000000000000b2b0                z_impl_k_thread_abort
 .text.z_arm_configure_static_mpu_regions
                0x000000000000b2d4       0x18 zephyr/arch/arch/arm/core/aarch32/mpu/libarch__arm__core__aarch32__mpu.a(arm_core_mpu.c.obj)
                0x000000000000b2d4                z_arm_configure_static_mpu_regions
 .text.z_arm_configure_dynamic_mpu_regions
                0x000000000000b2ec       0x24 zephyr/arch/arch/arm/core/aarch32/mpu/libarch__arm__core__aarch32__mpu.a(arm_core_mpu.c.obj)
                0x000000000000b2ec                z_arm_configure_dynamic_mpu_regions
 .text.mpu_configure_regions
                0x000000000000b310       0xc8 zephyr/arch/arch/arm/core/aarch32/mpu/libarch__arm__core__aarch32__mpu.a(arm_mpu.c.obj)
 .text.arm_core_mpu_enable
                0x000000000000b3d8       0x18 zephyr/arch/arch/arm/core/aarch32/mpu/libarch__arm__core__aarch32__mpu.a(arm_mpu.c.obj)
                0x000000000000b3d8                arm_core_mpu_enable
 .text.arm_core_mpu_disable
                0x000000000000b3f0       0x14 zephyr/arch/arch/arm/core/aarch32/mpu/libarch__arm__core__aarch32__mpu.a(arm_mpu.c.obj)
                0x000000000000b3f0                arm_core_mpu_disable
 .text.arm_core_mpu_configure_static_mpu_regions
                0x000000000000b404       0x14 zephyr/arch/arch/arm/core/aarch32/mpu/libarch__arm__core__aarch32__mpu.a(arm_mpu.c.obj)
                0x000000000000b404                arm_core_mpu_configure_static_mpu_regions
 .text.arm_core_mpu_configure_dynamic_mpu_regions
                0x000000000000b418       0x30 zephyr/arch/arch/arm/core/aarch32/mpu/libarch__arm__core__aarch32__mpu.a(arm_mpu.c.obj)
                0x000000000000b418                arm_core_mpu_configure_dynamic_mpu_regions
 .text.z_arm_mpu_init
                0x000000000000b448       0x60 zephyr/arch/arch/arm/core/aarch32/mpu/libarch__arm__core__aarch32__mpu.a(arm_mpu.c.obj)
                0x000000000000b448                z_arm_mpu_init
 .text.snprintf
                0x000000000000b4a8       0x30 zephyr/lib/libc/minimal/liblib__libc__minimal.a(sprintf.c.obj)
                0x000000000000b4a8                snprintf
 .text.nordicsemi_nrf52_init
                0x000000000000b4d8       0x60 zephyr/soc/arm/nordic_nrf/nrf52/libsoc__arm__nordic_nrf__nrf52.a(soc.c.obj)
 .text.arch_busy_wait
                0x000000000000b538       0x14 zephyr/soc/arm/nordic_nrf/nrf52/libsoc__arm__nordic_nrf__nrf52.a(soc.c.obj)
                0x000000000000b538                arch_busy_wait
 .text.board_nrf52840dongle_nrf52840_init
                0x000000000000b54c       0x7c zephyr/boards/arm/nrf52840dongle_nrf52840/libboards__arm__nrf52840dongle_nrf52840.a(board.c.obj)
 .text.bt_hex_real
                0x000000000000b5c8       0x44 zephyr/subsys/bluetooth/common/libsubsys__bluetooth__common.a(log.c.obj)
                0x000000000000b5c8                bt_hex_real
 .text.bt_addr_le_str_real
                0x000000000000b60c       0x7c zephyr/subsys/bluetooth/common/libsubsys__bluetooth__common.a(log.c.obj)
                0x000000000000b60c                bt_addr_le_str_real
 .text.le_gen_dhkey
                0x000000000000b688       0x98 zephyr/subsys/bluetooth/host/libsubsys__bluetooth__host.a(hci_ecc.c.obj)
 .text.ecc_thread
                0x000000000000b720      0x1f0 zephyr/subsys/bluetooth/host/libsubsys__bluetooth__host.a(hci_ecc.c.obj)
 .text.bt_hci_ecc_send
                0x000000000000b910       0xdc zephyr/subsys/bluetooth/host/libsubsys__bluetooth__host.a(hci_ecc.c.obj)
                0x000000000000b910                bt_hci_ecc_send
 .text.bt_hci_ecc_init
                0x000000000000b9ec       0x48 zephyr/subsys/bluetooth/host/libsubsys__bluetooth__host.a(hci_ecc.c.obj)
                0x000000000000b9ec                bt_hci_ecc_init
 .text.uuid_to_uuid128
                0x000000000000ba34       0x6c zephyr/subsys/bluetooth/host/libsubsys__bluetooth__host.a(uuid.c.obj)
 .text.bt_buf_get_rx
                0x000000000000baa0       0x20 zephyr/subsys/bluetooth/host/libsubsys__bluetooth__host.a(buf.c.obj)
                0x000000000000baa0                bt_buf_get_rx
 .text.bt_buf_get_cmd_complete
                0x000000000000bac0       0x34 zephyr/subsys/bluetooth/host/libsubsys__bluetooth__host.a(buf.c.obj)
                0x000000000000bac0                bt_buf_get_cmd_complete
 .text.bt_buf_get_evt
                0x000000000000baf4       0x54 zephyr/subsys/bluetooth/host/libsubsys__bluetooth__host.a(buf.c.obj)
                0x000000000000baf4                bt_buf_get_evt
 .text.hci_disconn_complete_prio
                0x000000000000bb48       0x3c zephyr/subsys/bluetooth/host/libsubsys__bluetooth__host.a(hci_core.c.obj)
 .text.find_pending_connect.part.0
                0x000000000000bb84       0x3c zephyr/subsys/bluetooth/host/libsubsys__bluetooth__host.a(hci_core.c.obj)
 .text.hci_data_buf_overflow
                0x000000000000bbc0       0x38 zephyr/subsys/bluetooth/host/libsubsys__bluetooth__host.a(hci_core.c.obj)
 .text.le_conn_update_complete
                0x000000000000bbf8       0xb8 zephyr/subsys/bluetooth/host/libsubsys__bluetooth__host.a(hci_core.c.obj)
 .text.hci_hardware_error
                0x000000000000bcb0       0x3c zephyr/subsys/bluetooth/host/libsubsys__bluetooth__host.a(hci_core.c.obj)
 .text.le_data_len_change
                0x000000000000bcec       0x44 zephyr/subsys/bluetooth/host/libsubsys__bluetooth__host.a(hci_core.c.obj)
 .text.hci_vendor_event
                0x000000000000bd30       0x34 zephyr/subsys/bluetooth/host/libsubsys__bluetooth__host.a(hci_core.c.obj)
 .text.handle_event
                0x000000000000bd64       0x90 zephyr/subsys/bluetooth/host/libsubsys__bluetooth__host.a(hci_core.c.obj)
 .text.hci_le_meta_event
                0x000000000000bdf4       0x20 zephyr/subsys/bluetooth/host/libsubsys__bluetooth__host.a(hci_core.c.obj)
 .text.hci_cmd_done
                0x000000000000be14      0x16c zephyr/subsys/bluetooth/host/libsubsys__bluetooth__host.a(hci_core.c.obj)
 .text.hci_cmd_status
                0x000000000000bf80       0x2c zephyr/subsys/bluetooth/host/libsubsys__bluetooth__host.a(hci_core.c.obj)
 .text.hci_cmd_complete
                0x000000000000bfac       0x30 zephyr/subsys/bluetooth/host/libsubsys__bluetooth__host.a(hci_core.c.obj)
 .text.hci_tx_thread
                0x000000000000bfdc      0x1b4 zephyr/subsys/bluetooth/host/libsubsys__bluetooth__host.a(hci_core.c.obj)
 .text.hci_num_completed_packets
                0x000000000000c190      0x114 zephyr/subsys/bluetooth/host/libsubsys__bluetooth__host.a(hci_core.c.obj)
 .text.hci_disconn_complete
                0x000000000000c2a4       0x7c zephyr/subsys/bluetooth/host/libsubsys__bluetooth__host.a(hci_core.c.obj)
 .text.bt_hci_cmd_state_set_init
                0x000000000000c320       0x24 zephyr/subsys/bluetooth/host/libsubsys__bluetooth__host.a(hci_core.c.obj)
                0x000000000000c320                bt_hci_cmd_state_set_init
 .text.bt_hci_cmd_create
                0x000000000000c344       0x74 zephyr/subsys/bluetooth/host/libsubsys__bluetooth__host.a(hci_core.c.obj)
                0x000000000000c344                bt_hci_cmd_create
 .text.bt_hci_cmd_send
                0x000000000000c3b8       0x6c zephyr/subsys/bluetooth/host/libsubsys__bluetooth__host.a(hci_core.c.obj)
                0x000000000000c3b8                bt_hci_cmd_send
 .text.le_ltk_request
                0x000000000000c424       0xcc zephyr/subsys/bluetooth/host/libsubsys__bluetooth__host.a(hci_core.c.obj)
 .text.le_conn_param_neg_reply
                0x000000000000c4f0       0x5c zephyr/subsys/bluetooth/host/libsubsys__bluetooth__host.a(hci_core.c.obj)
 .text.le_conn_param_req
                0x000000000000c54c       0xd8 zephyr/subsys/bluetooth/host/libsubsys__bluetooth__host.a(hci_core.c.obj)
 .text.bt_hci_cmd_send_sync
                0x000000000000c624      0x108 zephyr/subsys/bluetooth/host/libsubsys__bluetooth__host.a(hci_core.c.obj)
                0x000000000000c624                bt_hci_cmd_send_sync
 .text.hci_le_read_max_data_len
                0x000000000000c72c       0x58 zephyr/subsys/bluetooth/host/libsubsys__bluetooth__host.a(hci_core.c.obj)
 .text.bt_le_create_conn_legacy
                0x000000000000c784       0xc4 zephyr/subsys/bluetooth/host/libsubsys__bluetooth__host.a(hci_core.c.obj)
                0x000000000000c784                bt_le_create_conn_legacy
 .text.bt_le_create_conn_cancel
                0x000000000000c848       0x34 zephyr/subsys/bluetooth/host/libsubsys__bluetooth__host.a(hci_core.c.obj)
                0x000000000000c848                bt_le_create_conn_cancel
 .text.conn_auto_initiate
                0x000000000000c87c      0x114 zephyr/subsys/bluetooth/host/libsubsys__bluetooth__host.a(hci_core.c.obj)
 .text.le_phy_update_complete
                0x000000000000c990       0x6c zephyr/subsys/bluetooth/host/libsubsys__bluetooth__host.a(hci_core.c.obj)
 .text.le_remote_feat_complete
                0x000000000000c9fc       0x68 zephyr/subsys/bluetooth/host/libsubsys__bluetooth__host.a(hci_core.c.obj)
 .text.bt_hci_le_enh_conn_complete
                0x000000000000ca64      0x2a8 zephyr/subsys/bluetooth/host/libsubsys__bluetooth__host.a(hci_core.c.obj)
                0x000000000000ca64                bt_hci_le_enh_conn_complete
 .text.bt_security_err_get
                0x000000000000cd0c       0x10 zephyr/subsys/bluetooth/host/libsubsys__bluetooth__host.a(hci_core.c.obj)
                0x000000000000cd0c                bt_security_err_get
 .text.hci_encrypt_key_refresh_complete
                0x000000000000cd1c       0xb4 zephyr/subsys/bluetooth/host/libsubsys__bluetooth__host.a(hci_core.c.obj)
 .text.hci_encrypt_change
                0x000000000000cdd0       0xb8 zephyr/subsys/bluetooth/host/libsubsys__bluetooth__host.a(hci_core.c.obj)
 .text.hci_event_prio
                0x000000000000ce88       0xa4 zephyr/subsys/bluetooth/host/libsubsys__bluetooth__host.a(hci_core.c.obj)
                0x000000000000ce88                hci_event_prio
 .text.bt_recv  0x000000000000cf2c      0x18c zephyr/subsys/bluetooth/host/libsubsys__bluetooth__host.a(hci_core.c.obj)
                0x000000000000cf2c                bt_recv
 .text.bt_recv_prio
                0x000000000000d0b8       0x3c zephyr/subsys/bluetooth/host/libsubsys__bluetooth__host.a(hci_core.c.obj)
                0x000000000000d0b8                bt_recv_prio
 .text.bt_hci_driver_register
                0x000000000000d0f4       0x28 zephyr/subsys/bluetooth/host/libsubsys__bluetooth__host.a(hci_core.c.obj)
                0x000000000000d0f4                bt_hci_driver_register
 .text.bt_finalize_init
                0x000000000000d11c       0x18 zephyr/subsys/bluetooth/host/libsubsys__bluetooth__host.a(hci_core.c.obj)
                0x000000000000d11c                bt_finalize_init
 .text.init_work
                0x000000000000d134       0x18 zephyr/subsys/bluetooth/host/libsubsys__bluetooth__host.a(hci_core.c.obj)
 .text.bt_enable
                0x000000000000d14c       0xe4 zephyr/subsys/bluetooth/host/libsubsys__bluetooth__host.a(hci_core.c.obj)
                0x000000000000d14c                bt_enable
 .text.bt_get_name
                0x000000000000d230        0x8 zephyr/subsys/bluetooth/host/libsubsys__bluetooth__host.a(hci_core.c.obj)
                0x000000000000d230                bt_get_name
 .text.bt_data_parse
                0x000000000000d238       0x74 zephyr/subsys/bluetooth/host/libsubsys__bluetooth__host.a(hci_core.c.obj)
                0x000000000000d238                bt_data_parse
 .text.id_find  0x000000000000d2ac       0x34 zephyr/subsys/bluetooth/host/libsubsys__bluetooth__host.a(id.c.obj)
 .text.bt_id_add.part.0
                0x000000000000d2e0      0x1d4 zephyr/subsys/bluetooth/host/libsubsys__bluetooth__host.a(id.c.obj)
 .text.set_random_address
                0x000000000000d4b4       0x5c zephyr/subsys/bluetooth/host/libsubsys__bluetooth__host.a(id.c.obj)
 .text.id_create.constprop.0
                0x000000000000d510       0x64 zephyr/subsys/bluetooth/host/libsubsys__bluetooth__host.a(id.c.obj)
 .text.bt_id_pending_keys_update
                0x000000000000d574       0x34 zephyr/subsys/bluetooth/host/libsubsys__bluetooth__host.a(id.c.obj)
                0x000000000000d574                bt_id_pending_keys_update
 .text.bt_id_add
                0x000000000000d5a8       0x30 zephyr/subsys/bluetooth/host/libsubsys__bluetooth__host.a(id.c.obj)
                0x000000000000d5a8                bt_id_add
 .text.bt_id_del
                0x000000000000d5d8      0x178 zephyr/subsys/bluetooth/host/libsubsys__bluetooth__host.a(id.c.obj)
                0x000000000000d5d8                bt_id_del
 .text.bt_id_create
                0x000000000000d750       0xbc zephyr/subsys/bluetooth/host/libsubsys__bluetooth__host.a(id.c.obj)
                0x000000000000d750                bt_id_create
 .text.bt_id_read_public_addr
                0x000000000000d80c       0xa4 zephyr/subsys/bluetooth/host/libsubsys__bluetooth__host.a(id.c.obj)
                0x000000000000d80c                bt_id_read_public_addr
 .text.bt_setup_public_id_addr
                0x000000000000d8b0       0x20 zephyr/subsys/bluetooth/host/libsubsys__bluetooth__host.a(id.c.obj)
                0x000000000000d8b0                bt_setup_public_id_addr
 .text.bt_read_static_addr
                0x000000000000d8d0       0xc4 zephyr/subsys/bluetooth/host/libsubsys__bluetooth__host.a(id.c.obj)
                0x000000000000d8d0                bt_read_static_addr
 .text.bt_setup_random_id_addr
                0x000000000000d994       0x5c zephyr/subsys/bluetooth/host/libsubsys__bluetooth__host.a(id.c.obj)
                0x000000000000d994                bt_setup_random_id_addr
 .text.bt_id_set_create_conn_own_addr
                0x000000000000d9f0       0x24 zephyr/subsys/bluetooth/host/libsubsys__bluetooth__host.a(id.c.obj)
                0x000000000000d9f0                bt_id_set_create_conn_own_addr
 .text.bt_id_set_scan_own_addr
                0x000000000000da14       0x5c zephyr/subsys/bluetooth/host/libsubsys__bluetooth__host.a(id.c.obj)
                0x000000000000da14                bt_id_set_scan_own_addr
 .text.bt_id_init
                0x000000000000da70       0x70 zephyr/subsys/bluetooth/host/libsubsys__bluetooth__host.a(id.c.obj)
                0x000000000000da70                bt_id_init
 .text.le_adv_start_add_conn
                0x000000000000dae0       0x88 zephyr/subsys/bluetooth/host/libsubsys__bluetooth__host.a(adv.c.obj)
 .text.bt_le_ext_adv_foreach
                0x000000000000db68        0xc zephyr/subsys/bluetooth/host/libsubsys__bluetooth__host.a(adv.c.obj)
                0x000000000000db68                bt_le_ext_adv_foreach
 .text.bt_le_adv_lookup_legacy
                0x000000000000db74        0x8 zephyr/subsys/bluetooth/host/libsubsys__bluetooth__host.a(adv.c.obj)
                0x000000000000db74                bt_le_adv_lookup_legacy
 .text.bt_le_adv_resume
                0x000000000000db7c       0x80 zephyr/subsys/bluetooth/host/libsubsys__bluetooth__host.a(adv.c.obj)
                0x000000000000db7c                bt_le_adv_resume
 .text.atomic_get.constprop.0
                0x000000000000dbfc       0x14 zephyr/subsys/bluetooth/host/libsubsys__bluetooth__host.a(scan.c.obj)
 .text.bt_le_scan_set_enable_legacy
                0x000000000000dc10       0x64 zephyr/subsys/bluetooth/host/libsubsys__bluetooth__host.a(scan.c.obj)
 .text.start_le_scan_legacy
                0x000000000000dc74       0xa4 zephyr/subsys/bluetooth/host/libsubsys__bluetooth__host.a(scan.c.obj)
 .text.bt_scan_reset
                0x000000000000dd18        0xc zephyr/subsys/bluetooth/host/libsubsys__bluetooth__host.a(scan.c.obj)
                0x000000000000dd18                bt_scan_reset
 .text.bt_le_scan_update
                0x000000000000dd24       0x84 zephyr/subsys/bluetooth/host/libsubsys__bluetooth__host.a(scan.c.obj)
                0x000000000000dd24                bt_le_scan_update
 .text.bt_hci_le_adv_report
                0x000000000000dda8      0x1f4 zephyr/subsys/bluetooth/host/libsubsys__bluetooth__host.a(scan.c.obj)
                0x000000000000dda8                bt_hci_le_adv_report
 .text.bt_le_scan_start
                0x000000000000df9c      0x100 zephyr/subsys/bluetooth/host/libsubsys__bluetooth__host.a(scan.c.obj)
                0x000000000000df9c                bt_le_scan_start
 .text.bt_le_scan_stop
                0x000000000000e09c       0x2c zephyr/subsys/bluetooth/host/libsubsys__bluetooth__host.a(scan.c.obj)
                0x000000000000e09c                bt_le_scan_stop
 .text.bt_pub_key_is_debug
                0x000000000000e0c8       0x18 zephyr/subsys/bluetooth/host/libsubsys__bluetooth__host.a(ecc.c.obj)
                0x000000000000e0c8                bt_pub_key_is_debug
 .text.bt_pub_key_gen
                0x000000000000e0e0      0x148 zephyr/subsys/bluetooth/host/libsubsys__bluetooth__host.a(ecc.c.obj)
                0x000000000000e0e0                bt_pub_key_gen
 .text.bt_pub_key_get
                0x000000000000e228       0x20 zephyr/subsys/bluetooth/host/libsubsys__bluetooth__host.a(ecc.c.obj)
                0x000000000000e228                bt_pub_key_get
 .text.bt_dh_key_gen
                0x000000000000e248       0xb8 zephyr/subsys/bluetooth/host/libsubsys__bluetooth__host.a(ecc.c.obj)
                0x000000000000e248                bt_dh_key_gen
 .text.bt_hci_evt_le_pkey_complete
                0x000000000000e300       0x7c zephyr/subsys/bluetooth/host/libsubsys__bluetooth__host.a(ecc.c.obj)
                0x000000000000e300                bt_hci_evt_le_pkey_complete
 .text.bt_hci_evt_le_dhkey_complete
                0x000000000000e37c       0x1c zephyr/subsys/bluetooth/host/libsubsys__bluetooth__host.a(ecc.c.obj)
                0x000000000000e37c                bt_hci_evt_le_dhkey_complete
 .text.tx_free  0x000000000000e398       0x14 zephyr/subsys/bluetooth/host/libsubsys__bluetooth__host.a(conn.c.obj)
 .text.notify_connected
                0x000000000000e3ac       0x48 zephyr/subsys/bluetooth/host/libsubsys__bluetooth__host.a(conn.c.obj)
 .text.send_frag
                0x000000000000e3f4      0x13c zephyr/subsys/bluetooth/host/libsubsys__bluetooth__host.a(conn.c.obj)
 .text.bt_conn_get_pkts
                0x000000000000e530        0x8 zephyr/subsys/bluetooth/host/libsubsys__bluetooth__host.a(conn.c.obj)
                0x000000000000e530                bt_conn_get_pkts
 .text.bt_conn_new
                0x000000000000e538       0x68 zephyr/subsys/bluetooth/host/libsubsys__bluetooth__host.a(conn.c.obj)
                0x000000000000e538                bt_conn_new
 .text.bt_conn_recv
                0x000000000000e5a0      0x154 zephyr/subsys/bluetooth/host/libsubsys__bluetooth__host.a(conn.c.obj)
                0x000000000000e5a0                bt_conn_recv
 .text.bt_conn_send_cb
                0x000000000000e6f4       0xe0 zephyr/subsys/bluetooth/host/libsubsys__bluetooth__host.a(conn.c.obj)
                0x000000000000e6f4                bt_conn_send_cb
 .text.bt_conn_prepare_events
                0x000000000000e7d4       0x68 zephyr/subsys/bluetooth/host/libsubsys__bluetooth__host.a(conn.c.obj)
                0x000000000000e7d4                bt_conn_prepare_events
 .text.bt_conn_lookup_handle
                0x000000000000e83c       0x10 zephyr/subsys/bluetooth/host/libsubsys__bluetooth__host.a(conn.c.obj)
                0x000000000000e83c                bt_conn_lookup_handle
 .text.bt_conn_set_state
                0x000000000000e84c      0x24c zephyr/subsys/bluetooth/host/libsubsys__bluetooth__host.a(conn.c.obj)
                0x000000000000e84c                bt_conn_set_state
 .text.bt_conn_index
                0x000000000000ea98       0x18 zephyr/subsys/bluetooth/host/libsubsys__bluetooth__host.a(conn.c.obj)
                0x000000000000ea98                bt_conn_index
 .text.bt_conn_create_pdu_timeout
                0x000000000000eab0       0x50 zephyr/subsys/bluetooth/host/libsubsys__bluetooth__host.a(conn.c.obj)
                0x000000000000eab0                bt_conn_create_pdu_timeout
 .text.notify_le_param_updated
                0x000000000000eb00       0x84 zephyr/subsys/bluetooth/host/libsubsys__bluetooth__host.a(conn.c.obj)
                0x000000000000eb00                notify_le_param_updated
 .text.le_param_req
                0x000000000000eb84       0x74 zephyr/subsys/bluetooth/host/libsubsys__bluetooth__host.a(conn.c.obj)
                0x000000000000eb84                le_param_req
 .text.bt_conn_identity_resolved
                0x000000000000ebf8       0x5c zephyr/subsys/bluetooth/host/libsubsys__bluetooth__host.a(conn.c.obj)
                0x000000000000ebf8                bt_conn_identity_resolved
 .text.bt_conn_security_changed
                0x000000000000ec54       0x4c zephyr/subsys/bluetooth/host/libsubsys__bluetooth__host.a(conn.c.obj)
                0x000000000000ec54                bt_conn_security_changed
 .text.bt_conn_cb_register
                0x000000000000eca0       0x10 zephyr/subsys/bluetooth/host/libsubsys__bluetooth__host.a(conn.c.obj)
                0x000000000000eca0                bt_conn_cb_register
 .text.bt_conn_add_le
                0x000000000000ecb0       0x38 zephyr/subsys/bluetooth/host/libsubsys__bluetooth__host.a(conn.c.obj)
                0x000000000000ecb0                bt_conn_add_le
 .text.bt_conn_lookup_addr_le
                0x000000000000ece8       0x3c zephyr/subsys/bluetooth/host/libsubsys__bluetooth__host.a(conn.c.obj)
                0x000000000000ece8                bt_conn_lookup_addr_le
 .text.bt_conn_exists_le
                0x000000000000ed24       0x54 zephyr/subsys/bluetooth/host/libsubsys__bluetooth__host.a(conn.c.obj)
                0x000000000000ed24                bt_conn_exists_le
 .text.bt_conn_lookup_state_le
                0x000000000000ed78       0x44 zephyr/subsys/bluetooth/host/libsubsys__bluetooth__host.a(conn.c.obj)
                0x000000000000ed78                bt_conn_lookup_state_le
 .text.bt_le_set_auto_conn
                0x000000000000edbc       0xc8 zephyr/subsys/bluetooth/host/libsubsys__bluetooth__host.a(conn.c.obj)
                0x000000000000edbc                bt_le_set_auto_conn
 .text.send_conn_le_param_update
                0x000000000000ee84       0x68 zephyr/subsys/bluetooth/host/libsubsys__bluetooth__host.a(conn.c.obj)
 .text.deferred_work
                0x000000000000eeec       0xd0 zephyr/subsys/bluetooth/host/libsubsys__bluetooth__host.a(conn.c.obj)
 .text.bt_conn_create_frag_timeout
                0x000000000000efbc        0xc zephyr/subsys/bluetooth/host/libsubsys__bluetooth__host.a(conn.c.obj)
                0x000000000000efbc                bt_conn_create_frag_timeout
 .text.create_frag
                0x000000000000efc8       0x6c zephyr/subsys/bluetooth/host/libsubsys__bluetooth__host.a(conn.c.obj)
 .text.bt_conn_process_tx
                0x000000000000f034       0xc0 zephyr/subsys/bluetooth/host/libsubsys__bluetooth__host.a(conn.c.obj)
                0x000000000000f034                bt_conn_process_tx
 .text.bt_conn_init
                0x000000000000f0f4       0x68 zephyr/subsys/bluetooth/host/libsubsys__bluetooth__host.a(conn.c.obj)
                0x000000000000f0f4                bt_conn_init
 .text.l2cap_create_le_sig_pdu.constprop.0
                0x000000000000f15c       0x58 zephyr/subsys/bluetooth/host/libsubsys__bluetooth__host.a(l2cap.c.obj)
 .text.l2cap_accept
                0x000000000000f1b4       0x4c zephyr/subsys/bluetooth/host/libsubsys__bluetooth__host.a(l2cap.c.obj)
 .text.l2cap_rtx_timeout
                0x000000000000f200       0x44 zephyr/subsys/bluetooth/host/libsubsys__bluetooth__host.a(l2cap.c.obj)
 .text.bt_l2cap_connected
                0x000000000000f244       0xb8 zephyr/subsys/bluetooth/host/libsubsys__bluetooth__host.a(l2cap.c.obj)
                0x000000000000f244                bt_l2cap_connected
 .text.l2cap_recv
                0x000000000000f2fc      0x194 zephyr/subsys/bluetooth/host/libsubsys__bluetooth__host.a(l2cap.c.obj)
 .text.bt_l2cap_recv
                0x000000000000f490       0x80 zephyr/subsys/bluetooth/host/libsubsys__bluetooth__host.a(l2cap.c.obj)
                0x000000000000f490                bt_l2cap_recv
 .text.bt_l2cap_update_conn_param
                0x000000000000f510       0x64 zephyr/subsys/bluetooth/host/libsubsys__bluetooth__host.a(l2cap.c.obj)
                0x000000000000f510                bt_l2cap_update_conn_param
 .text.att_cfm_sent
                0x000000000000f574       0x10 zephyr/subsys/bluetooth/host/libsubsys__bluetooth__host.a(att.c.obj)
 .text.att_rsp_sent
                0x000000000000f584       0x10 zephyr/subsys/bluetooth/host/libsubsys__bluetooth__host.a(att.c.obj)
 .text.att_req_sent
                0x000000000000f594       0x10 zephyr/subsys/bluetooth/host/libsubsys__bluetooth__host.a(att.c.obj)
 .text.bt_att_released
                0x000000000000f5a4       0x18 zephyr/subsys/bluetooth/host/libsubsys__bluetooth__host.a(att.c.obj)
 .text.find_type_cb
                0x000000000000f5bc      0x174 zephyr/subsys/bluetooth/host/libsubsys__bluetooth__host.a(att.c.obj)
 .text.att_get  0x000000000000f730       0x90 zephyr/subsys/bluetooth/host/libsubsys__bluetooth__host.a(att.c.obj)
 .text.bt_att_accept
                0x000000000000f7c0       0xcc zephyr/subsys/bluetooth/host/libsubsys__bluetooth__host.a(att.c.obj)
 .text.read_group_cb
                0x000000000000f88c       0xac zephyr/subsys/bluetooth/host/libsubsys__bluetooth__host.a(att.c.obj)
 .text.chan_send
                0x000000000000f938       0xe0 zephyr/subsys/bluetooth/host/libsubsys__bluetooth__host.a(att.c.obj)
 .text.read_type_cb
                0x000000000000fa18       0xa8 zephyr/subsys/bluetooth/host/libsubsys__bluetooth__host.a(att.c.obj)
 .text.bt_att_connected
                0x000000000000fac0       0x68 zephyr/subsys/bluetooth/host/libsubsys__bluetooth__host.a(att.c.obj)
 .text.bt_att_chan_create_pdu
                0x000000000000fb28       0xac zephyr/subsys/bluetooth/host/libsubsys__bluetooth__host.a(att.c.obj)
                0x000000000000fb28                bt_att_chan_create_pdu
 .text.att_indicate
                0x000000000000fbd4       0x3c zephyr/subsys/bluetooth/host/libsubsys__bluetooth__host.a(att.c.obj)
 .text.send_err_rsp.part.0
                0x000000000000fc10       0x40 zephyr/subsys/bluetooth/host/libsubsys__bluetooth__host.a(att.c.obj)
 .text.bt_att_recv
                0x000000000000fc50      0x1ac zephyr/subsys/bluetooth/host/libsubsys__bluetooth__host.a(att.c.obj)
 .text.att_write_rsp.constprop.0
                0x000000000000fdfc       0xc8 zephyr/subsys/bluetooth/host/libsubsys__bluetooth__host.a(att.c.obj)
 .text.bt_att_create_pdu
                0x000000000000fec4       0x78 zephyr/subsys/bluetooth/host/libsubsys__bluetooth__host.a(att.c.obj)
                0x000000000000fec4                bt_att_create_pdu
 .text.att_read_group_req
                0x000000000000ff3c      0x108 zephyr/subsys/bluetooth/host/libsubsys__bluetooth__host.a(att.c.obj)
 .text.att_read_mult_req
                0x0000000000010044       0x9c zephyr/subsys/bluetooth/host/libsubsys__bluetooth__host.a(att.c.obj)
 .text.att_read_rsp
                0x00000000000100e0       0x94 zephyr/subsys/bluetooth/host/libsubsys__bluetooth__host.a(att.c.obj)
 .text.att_read_type_req
                0x0000000000010174       0xc8 zephyr/subsys/bluetooth/host/libsubsys__bluetooth__host.a(att.c.obj)
 .text.att_find_type_req
                0x000000000001023c       0xdc zephyr/subsys/bluetooth/host/libsubsys__bluetooth__host.a(att.c.obj)
 .text.att_find_info_req
                0x0000000000010318       0x78 zephyr/subsys/bluetooth/host/libsubsys__bluetooth__host.a(att.c.obj)
 .text.att_mtu_req
                0x0000000000010390       0x70 zephyr/subsys/bluetooth/host/libsubsys__bluetooth__host.a(att.c.obj)
 .text.bt_att_req_alloc
                0x0000000000010400       0x44 zephyr/subsys/bluetooth/host/libsubsys__bluetooth__host.a(att.c.obj)
                0x0000000000010400                bt_att_req_alloc
 .text.bt_att_req_free
                0x0000000000010444       0x24 zephyr/subsys/bluetooth/host/libsubsys__bluetooth__host.a(att.c.obj)
                0x0000000000010444                bt_att_req_free
 .text.att_handle_rsp
                0x0000000000010468       0x98 zephyr/subsys/bluetooth/host/libsubsys__bluetooth__host.a(att.c.obj)
 .text.att_error_rsp
                0x0000000000010500       0x68 zephyr/subsys/bluetooth/host/libsubsys__bluetooth__host.a(att.c.obj)
 .text.bt_att_disconnected
                0x0000000000010568       0xb4 zephyr/subsys/bluetooth/host/libsubsys__bluetooth__host.a(att.c.obj)
 .text.att_timeout
                0x000000000001061c       0x38 zephyr/subsys/bluetooth/host/libsubsys__bluetooth__host.a(att.c.obj)
 .text.bt_att_req_cancel
                0x0000000000010654       0x5c zephyr/subsys/bluetooth/host/libsubsys__bluetooth__host.a(att.c.obj)
                0x0000000000010654                bt_att_req_cancel
 .text.find_cf_cfg
                0x00000000000106b0       0x5c zephyr/subsys/bluetooth/host/libsubsys__bluetooth__host.a(gatt.c.obj)
 .text.find_sc_cfg
                0x000000000001070c       0x40 zephyr/subsys/bluetooth/host/libsubsys__bluetooth__host.a(gatt.c.obj)
 .text.gatt_sub_find
                0x000000000001074c       0x5c zephyr/subsys/bluetooth/host/libsubsys__bluetooth__host.a(gatt.c.obj)
 .text.gatt_write_ccc
                0x00000000000107a8       0x24 zephyr/subsys/bluetooth/host/libsubsys__bluetooth__host.a(gatt.c.obj)
 .text.bt_gatt_attr_write_ccc
                0x00000000000107cc       0xd4 zephyr/subsys/bluetooth/host/libsubsys__bluetooth__host.a(gatt.c.obj)
                0x00000000000107cc                bt_gatt_attr_write_ccc
 .text.sc_save  0x00000000000108a0       0x78 zephyr/subsys/bluetooth/host/libsubsys__bluetooth__host.a(gatt.c.obj)
 .text.cf_write
                0x0000000000010918       0xb8 zephyr/subsys/bluetooth/host/libsubsys__bluetooth__host.a(gatt.c.obj)
 .text.sc_indicate_rsp
                0x00000000000109d0       0x54 zephyr/subsys/bluetooth/host/libsubsys__bluetooth__host.a(gatt.c.obj)
 .text.disconnected_cb
                0x0000000000010a24       0xbc zephyr/subsys/bluetooth/host/libsubsys__bluetooth__host.a(gatt.c.obj)
 .text.bt_gatt_init
                0x0000000000010ae0       0xac zephyr/subsys/bluetooth/host/libsubsys__bluetooth__host.a(gatt.c.obj)
                0x0000000000010ae0                bt_gatt_init
 .text.bt_gatt_attr_get_handle
                0x0000000000010b8c       0x60 zephyr/subsys/bluetooth/host/libsubsys__bluetooth__host.a(gatt.c.obj)
                0x0000000000010b8c                bt_gatt_attr_get_handle
 .text.bt_gatt_foreach_attr_type
                0x0000000000010bec       0xb4 zephyr/subsys/bluetooth/host/libsubsys__bluetooth__host.a(gatt.c.obj)
                0x0000000000010bec                bt_gatt_foreach_attr_type
 .text.db_hash_gen.constprop.0
                0x0000000000010ca0       0xac zephyr/subsys/bluetooth/host/libsubsys__bluetooth__host.a(gatt.c.obj)
 .text.gatt_indicate
                0x0000000000010d4c       0xe8 zephyr/subsys/bluetooth/host/libsubsys__bluetooth__host.a(gatt.c.obj)
 .text.bt_gatt_indicate
                0x0000000000010e34       0xf0 zephyr/subsys/bluetooth/host/libsubsys__bluetooth__host.a(gatt.c.obj)
                0x0000000000010e34                bt_gatt_indicate
 .text.sc_process
                0x0000000000010f24       0x70 zephyr/subsys/bluetooth/host/libsubsys__bluetooth__host.a(gatt.c.obj)
 .text.gatt_notify
                0x0000000000010f94       0xb4 zephyr/subsys/bluetooth/host/libsubsys__bluetooth__host.a(gatt.c.obj)
 .text.notify_cb
                0x0000000000011048      0x134 zephyr/subsys/bluetooth/host/libsubsys__bluetooth__host.a(gatt.c.obj)
 .text.update_ccc
                0x000000000001117c      0x134 zephyr/subsys/bluetooth/host/libsubsys__bluetooth__host.a(gatt.c.obj)
 .text.bt_gatt_discover
                0x00000000000112b0      0x1a4 zephyr/subsys/bluetooth/host/libsubsys__bluetooth__host.a(gatt.c.obj)
                0x00000000000112b0                bt_gatt_discover
 .text.gatt_read_group_rsp
                0x0000000000011454      0x124 zephyr/subsys/bluetooth/host/libsubsys__bluetooth__host.a(gatt.c.obj)
 .text.gatt_read_type_rsp
                0x0000000000011578      0x2f0 zephyr/subsys/bluetooth/host/libsubsys__bluetooth__host.a(gatt.c.obj)
 .text.read_included_uuid_cb
                0x0000000000011868       0xb4 zephyr/subsys/bluetooth/host/libsubsys__bluetooth__host.a(gatt.c.obj)
 .text.gatt_find_info_rsp
                0x000000000001191c      0x164 zephyr/subsys/bluetooth/host/libsubsys__bluetooth__host.a(gatt.c.obj)
 .text.bt_gatt_write
                0x0000000000011a80       0x70 zephyr/subsys/bluetooth/host/libsubsys__bluetooth__host.a(gatt.c.obj)
                0x0000000000011a80                bt_gatt_write
 .text.gatt_prepare_write_rsp
                0x0000000000011af0       0xc4 zephyr/subsys/bluetooth/host/libsubsys__bluetooth__host.a(gatt.c.obj)
 .text.bt_gatt_mult_notification
                0x0000000000011bb4       0xc8 zephyr/subsys/bluetooth/host/libsubsys__bluetooth__host.a(gatt.c.obj)
                0x0000000000011bb4                bt_gatt_mult_notification
 .text.bt_gatt_connected
                0x0000000000011c7c       0x9c zephyr/subsys/bluetooth/host/libsubsys__bluetooth__host.a(gatt.c.obj)
                0x0000000000011c7c                bt_gatt_connected
 .text.bt_gatt_att_max_mtu_changed
                0x0000000000011d18       0x28 zephyr/subsys/bluetooth/host/libsubsys__bluetooth__host.a(gatt.c.obj)
                0x0000000000011d18                bt_gatt_att_max_mtu_changed
 .text.bt_gatt_encrypt_change
                0x0000000000011d40       0x20 zephyr/subsys/bluetooth/host/libsubsys__bluetooth__host.a(gatt.c.obj)
                0x0000000000011d40                bt_gatt_encrypt_change
 .text.db_hash_read
                0x0000000000011d60       0x5c zephyr/subsys/bluetooth/host/libsubsys__bluetooth__host.a(gatt.c.obj)
 .text.bt_gatt_disconnected
                0x0000000000011dbc       0xcc zephyr/subsys/bluetooth/host/libsubsys__bluetooth__host.a(gatt.c.obj)
                0x0000000000011dbc                bt_gatt_disconnected
 .text.get_io_capa
                0x0000000000011e88       0x4c zephyr/subsys/bluetooth/host/libsubsys__bluetooth__host.a(smp.c.obj)
 .text.smp_g2   0x0000000000011ed4       0x68 zephyr/subsys/bluetooth/host/libsubsys__bluetooth__host.a(smp.c.obj)
 .text.get_auth.constprop.0
                0x0000000000011f3c       0x3c zephyr/subsys/bluetooth/host/libsubsys__bluetooth__host.a(smp.c.obj)
 .text.bt_smp_accept
                0x0000000000011f78       0x54 zephyr/subsys/bluetooth/host/libsubsys__bluetooth__host.a(smp.c.obj)
 .text.smp_chan_get
                0x0000000000011fcc       0x40 zephyr/subsys/bluetooth/host/libsubsys__bluetooth__host.a(smp.c.obj)
 .text.smp_f5   0x000000000001200c       0xd0 zephyr/subsys/bluetooth/host/libsubsys__bluetooth__host.a(smp.c.obj)
 .text.sc_smp_check_confirm
                0x00000000000120dc       0xac zephyr/subsys/bluetooth/host/libsubsys__bluetooth__host.a(smp.c.obj)
 .text.sec_level_reachable.isra.0
                0x0000000000012188       0x60 zephyr/subsys/bluetooth/host/libsubsys__bluetooth__host.a(smp.c.obj)
 .text.smp_find
                0x00000000000121e8       0x1c zephyr/subsys/bluetooth/host/libsubsys__bluetooth__host.a(smp.c.obj)
 .text.get_pair_method
                0x0000000000012204       0x94 zephyr/subsys/bluetooth/host/libsubsys__bluetooth__host.a(smp.c.obj)
 .text.display_passkey
                0x0000000000012298       0x58 zephyr/subsys/bluetooth/host/libsubsys__bluetooth__host.a(smp.c.obj)
 .text.smp_init
                0x00000000000122f0       0x38 zephyr/subsys/bluetooth/host/libsubsys__bluetooth__host.a(smp.c.obj)
 .text.smp_dhkey_generate
                0x0000000000012328       0x54 zephyr/subsys/bluetooth/host/libsubsys__bluetooth__host.a(smp.c.obj)
 .text.legacy_request_tk
                0x000000000001237c      0x134 zephyr/subsys/bluetooth/host/libsubsys__bluetooth__host.a(smp.c.obj)
 .text.smp_ident_info
                0x00000000000124b0       0x70 zephyr/subsys/bluetooth/host/libsubsys__bluetooth__host.a(smp.c.obj)
 .text.smp_encrypt_info
                0x0000000000012520       0x70 zephyr/subsys/bluetooth/host/libsubsys__bluetooth__host.a(smp.c.obj)
 .text.bt_smp_distribute_keys
                0x0000000000012590      0x160 zephyr/subsys/bluetooth/host/libsubsys__bluetooth__host.a(smp.c.obj)
 .text.smp_send_pairing_req
                0x00000000000126f0      0x10c zephyr/subsys/bluetooth/host/libsubsys__bluetooth__host.a(smp.c.obj)
 .text.smp_security_request
                0x00000000000127fc      0x14c zephyr/subsys/bluetooth/host/libsubsys__bluetooth__host.a(smp.c.obj)
 .text.smp_send_pairing_confirm
                0x0000000000012948       0xa4 zephyr/subsys/bluetooth/host/libsubsys__bluetooth__host.a(smp.c.obj)
 .text.smp_pairing_req
                0x00000000000129ec      0x1a4 zephyr/subsys/bluetooth/host/libsubsys__bluetooth__host.a(smp.c.obj)
 .text.sc_send_public_key
                0x0000000000012b90       0x44 zephyr/subsys/bluetooth/host/libsubsys__bluetooth__host.a(smp.c.obj)
 .text.smp_public_key_periph
                0x0000000000012bd4       0xf0 zephyr/subsys/bluetooth/host/libsubsys__bluetooth__host.a(smp.c.obj)
 .text.smp_public_key
                0x0000000000012cc4      0x1dc zephyr/subsys/bluetooth/host/libsubsys__bluetooth__host.a(smp.c.obj)
 .text.compute_and_send_central_dhcheck
                0x0000000000012ea0      0x104 zephyr/subsys/bluetooth/host/libsubsys__bluetooth__host.a(smp.c.obj)
 .text.compute_and_check_and_send_periph_dhcheck
                0x0000000000012fa4      0x17c zephyr/subsys/bluetooth/host/libsubsys__bluetooth__host.a(smp.c.obj)
 .text.smp_dhkey_check
                0x0000000000013120      0x164 zephyr/subsys/bluetooth/host/libsubsys__bluetooth__host.a(smp.c.obj)
 .text.bt_smp_connected
                0x0000000000013284       0x1c zephyr/subsys/bluetooth/host/libsubsys__bluetooth__host.a(smp.c.obj)
 .text.smp_pairing_confirm
                0x00000000000132a0       0xb0 zephyr/subsys/bluetooth/host/libsubsys__bluetooth__host.a(smp.c.obj)
 .text.smp_pairing_rsp
                0x0000000000013350      0x178 zephyr/subsys/bluetooth/host/libsubsys__bluetooth__host.a(smp.c.obj)
 .text.smp_pairing_random
                0x00000000000134c8      0x31c zephyr/subsys/bluetooth/host/libsubsys__bluetooth__host.a(smp.c.obj)
 .text.smp_pairing_complete
                0x00000000000137e4       0xbc zephyr/subsys/bluetooth/host/libsubsys__bluetooth__host.a(smp.c.obj)
 .text.bt_smp_recv
                0x00000000000138a0      0x168 zephyr/subsys/bluetooth/host/libsubsys__bluetooth__host.a(smp.c.obj)
 .text.bt_smp_pkey_ready
                0x0000000000013a08       0xa4 zephyr/subsys/bluetooth/host/libsubsys__bluetooth__host.a(smp.c.obj)
 .text.smp_ident_addr_info
                0x0000000000013aac      0x18c zephyr/subsys/bluetooth/host/libsubsys__bluetooth__host.a(smp.c.obj)
 .text.smp_central_ident
                0x0000000000013c38       0xc0 zephyr/subsys/bluetooth/host/libsubsys__bluetooth__host.a(smp.c.obj)
 .text.smp_pairing_failed
                0x0000000000013cf8       0x74 zephyr/subsys/bluetooth/host/libsubsys__bluetooth__host.a(smp.c.obj)
 .text.bt_smp_encrypt_change
                0x0000000000013d6c       0xf8 zephyr/subsys/bluetooth/host/libsubsys__bluetooth__host.a(smp.c.obj)
 .text.smp_timeout
                0x0000000000013e64       0x48 zephyr/subsys/bluetooth/host/libsubsys__bluetooth__host.a(smp.c.obj)
 .text.bt_smp_update_keys
                0x0000000000013eac      0x120 zephyr/subsys/bluetooth/host/libsubsys__bluetooth__host.a(smp.c.obj)
                0x0000000000013eac                bt_smp_update_keys
 .text.bt_smp_init
                0x0000000000013fcc       0x2c zephyr/subsys/bluetooth/host/libsubsys__bluetooth__host.a(smp.c.obj)
                0x0000000000013fcc                bt_smp_init
 .text.bt_keys_get_addr
                0x0000000000013ff8       0x50 zephyr/subsys/bluetooth/host/libsubsys__bluetooth__host.a(keys.c.obj)
                0x0000000000013ff8                bt_keys_get_addr
 .text.bt_keys_foreach
                0x0000000000014048       0x1c zephyr/subsys/bluetooth/host/libsubsys__bluetooth__host.a(keys.c.obj)
                0x0000000000014048                bt_keys_foreach
 .text.bt_keys_find
                0x0000000000014064       0x2c zephyr/subsys/bluetooth/host/libsubsys__bluetooth__host.a(keys.c.obj)
                0x0000000000014064                bt_keys_find
 .text.bt_keys_find_irk
                0x0000000000014090       0x70 zephyr/subsys/bluetooth/host/libsubsys__bluetooth__host.a(keys.c.obj)
                0x0000000000014090                bt_keys_find_irk
 .text.bt_keys_find_addr
                0x0000000000014100       0x20 zephyr/subsys/bluetooth/host/libsubsys__bluetooth__host.a(keys.c.obj)
                0x0000000000014100                bt_keys_find_addr
 .text.mem_init
                0x0000000000014120       0x60 zephyr/subsys/bluetooth/controller/libsubsys__bluetooth__controller.a(mem.c.obj)
                0x0000000000014120                mem_init
 .text.mem_acquire
                0x0000000000014180       0x34 zephyr/subsys/bluetooth/controller/libsubsys__bluetooth__controller.a(mem.c.obj)
                0x0000000000014180                mem_acquire
 .text.mem_release
                0x00000000000141b4       0x30 zephyr/subsys/bluetooth/controller/libsubsys__bluetooth__controller.a(mem.c.obj)
                0x00000000000141b4                mem_release
 .text.mem_get  0x00000000000141e4        0x8 zephyr/subsys/bluetooth/controller/libsubsys__bluetooth__controller.a(mem.c.obj)
                0x00000000000141e4                mem_get
 .text.mem_index_get
                0x00000000000141ec        0xc zephyr/subsys/bluetooth/controller/libsubsys__bluetooth__controller.a(mem.c.obj)
                0x00000000000141ec                mem_index_get
 .text.mem_rcopy
                0x00000000000141f8       0x1c zephyr/subsys/bluetooth/controller/libsubsys__bluetooth__controller.a(mem.c.obj)
                0x00000000000141f8                mem_rcopy
 .text.mem_nz   0x0000000000014214       0x18 zephyr/subsys/bluetooth/controller/libsubsys__bluetooth__controller.a(mem.c.obj)
                0x0000000000014214                mem_nz
 .text.memq_init
                0x000000000001422c        0x8 zephyr/subsys/bluetooth/controller/libsubsys__bluetooth__controller.a(memq.c.obj)
                0x000000000001422c                memq_init
 .text.memq_deinit
                0x0000000000014234       0x14 zephyr/subsys/bluetooth/controller/libsubsys__bluetooth__controller.a(memq.c.obj)
                0x0000000000014234                memq_deinit
 .text.memq_enqueue
                0x0000000000014248       0x14 zephyr/subsys/bluetooth/controller/libsubsys__bluetooth__controller.a(memq.c.obj)
                0x0000000000014248                memq_enqueue
 .text.memq_peek
                0x000000000001425c       0x10 zephyr/subsys/bluetooth/controller/libsubsys__bluetooth__controller.a(memq.c.obj)
                0x000000000001425c                memq_peek
 .text.memq_dequeue
                0x000000000001426c       0x20 zephyr/subsys/bluetooth/controller/libsubsys__bluetooth__controller.a(memq.c.obj)
                0x000000000001426c                memq_dequeue
 .text.mayfly_init
                0x000000000001428c       0x40 zephyr/subsys/bluetooth/controller/libsubsys__bluetooth__controller.a(mayfly.c.obj)
                0x000000000001428c                mayfly_init
 .text.mayfly_enable
                0x00000000000142cc       0x64 zephyr/subsys/bluetooth/controller/libsubsys__bluetooth__controller.a(mayfly.c.obj)
                0x00000000000142cc                mayfly_enable
 .text.mayfly_enqueue
                0x0000000000014330       0xb0 zephyr/subsys/bluetooth/controller/libsubsys__bluetooth__controller.a(mayfly.c.obj)
                0x0000000000014330                mayfly_enqueue
 .text.mayfly_run
                0x00000000000143e0      0x14c zephyr/subsys/bluetooth/controller/libsubsys__bluetooth__controller.a(mayfly.c.obj)
                0x00000000000143e0                mayfly_run
 .text.util_ones_count_get
                0x000000000001452c       0x28 zephyr/subsys/bluetooth/controller/libsubsys__bluetooth__controller.a(util.c.obj)
                0x000000000001452c                util_ones_count_get
 .text.util_aa_le32
                0x0000000000014554      0x12c zephyr/subsys/bluetooth/controller/libsubsys__bluetooth__controller.a(util.c.obj)
                0x0000000000014554                util_aa_le32
 .text.ticker_dequeue
                0x0000000000014680       0x74 zephyr/subsys/bluetooth/controller/libsubsys__bluetooth__controller.a(ticker.c.obj)
 .text.ticks_to_expire_prep
                0x00000000000146f4       0x48 zephyr/subsys/bluetooth/controller/libsubsys__bluetooth__controller.a(ticker.c.obj)
 .text.ticker_job_list_insert
                0x000000000001473c      0x208 zephyr/subsys/bluetooth/controller/libsubsys__bluetooth__controller.a(ticker.c.obj)
 .text.ticker_worker
                0x0000000000014944      0x2e0 zephyr/subsys/bluetooth/controller/libsubsys__bluetooth__controller.a(ticker.c.obj)
                0x0000000000014944                ticker_worker
 .text.ticker_job
                0x0000000000014c24      0x940 zephyr/subsys/bluetooth/controller/libsubsys__bluetooth__controller.a(ticker.c.obj)
                0x0000000000014c24                ticker_job
 .text.ticker_init
                0x0000000000015564       0x88 zephyr/subsys/bluetooth/controller/libsubsys__bluetooth__controller.a(ticker.c.obj)
                0x0000000000015564                ticker_init
 .text.ticker_trigger
                0x00000000000155ec       0x30 zephyr/subsys/bluetooth/controller/libsubsys__bluetooth__controller.a(ticker.c.obj)
                0x00000000000155ec                ticker_trigger
 .text.ticker_start_ext
                0x000000000001561c       0xac zephyr/subsys/bluetooth/controller/libsubsys__bluetooth__controller.a(ticker.c.obj)
                0x000000000001561c                ticker_start_ext
 .text.ticker_start
                0x00000000000156c8       0x38 zephyr/subsys/bluetooth/controller/libsubsys__bluetooth__controller.a(ticker.c.obj)
                0x00000000000156c8                ticker_start
 .text.ticker_update_ext
                0x0000000000015700       0xac zephyr/subsys/bluetooth/controller/libsubsys__bluetooth__controller.a(ticker.c.obj)
                0x0000000000015700                ticker_update_ext
 .text.ticker_update
                0x00000000000157ac       0x30 zephyr/subsys/bluetooth/controller/libsubsys__bluetooth__controller.a(ticker.c.obj)
                0x00000000000157ac                ticker_update
 .text.ticker_stop
                0x00000000000157dc       0x84 zephyr/subsys/bluetooth/controller/libsubsys__bluetooth__controller.a(ticker.c.obj)
                0x00000000000157dc                ticker_stop
 .text.ticker_next_slot_get
                0x0000000000015860       0x8c zephyr/subsys/bluetooth/controller/libsubsys__bluetooth__controller.a(ticker.c.obj)
                0x0000000000015860                ticker_next_slot_get
 .text.ticker_job_sched
                0x00000000000158ec       0x30 zephyr/subsys/bluetooth/controller/libsubsys__bluetooth__controller.a(ticker.c.obj)
                0x00000000000158ec                ticker_job_sched
 .text.ticker_ticks_now_get
                0x000000000001591c        0x4 zephyr/subsys/bluetooth/controller/libsubsys__bluetooth__controller.a(ticker.c.obj)
                0x000000000001591c                ticker_ticks_now_get
 .text.ticker_ticks_diff_get
                0x0000000000015920        0x8 zephyr/subsys/bluetooth/controller/libsubsys__bluetooth__controller.a(ticker.c.obj)
                0x0000000000015920                ticker_ticks_diff_get
 .text.ll_addr_set
                0x0000000000015928       0x44 zephyr/subsys/bluetooth/controller/libsubsys__bluetooth__controller.a(ll_addr.c.obj)
                0x0000000000015928                ll_addr_set
 .text.ll_addr_get
                0x000000000001596c       0x20 zephyr/subsys/bluetooth/controller/libsubsys__bluetooth__controller.a(ll_addr.c.obj)
                0x000000000001596c                ll_addr_get
 .text.ll_addr_read
                0x000000000001598c       0x30 zephyr/subsys/bluetooth/controller/libsubsys__bluetooth__controller.a(ll_addr.c.obj)
                0x000000000001598c                ll_addr_read
 .text.ll_tx_pwr_lvl_get
                0x00000000000159bc       0x20 zephyr/subsys/bluetooth/controller/libsubsys__bluetooth__controller.a(ll_tx_pwr.c.obj)
                0x00000000000159bc                ll_tx_pwr_lvl_get
 .text.ll_tx_pwr_get
                0x00000000000159dc        0x8 zephyr/subsys/bluetooth/controller/libsubsys__bluetooth__controller.a(ll_tx_pwr.c.obj)
                0x00000000000159dc                ll_tx_pwr_get
 .text.hci_driver_init
                0x00000000000159e4       0x10 zephyr/subsys/bluetooth/controller/libsubsys__bluetooth__controller.a(hci_driver.c.obj)
 .text.hci_driver_send
                0x00000000000159f4       0xc8 zephyr/subsys/bluetooth/controller/libsubsys__bluetooth__controller.a(hci_driver.c.obj)
 .text.recv_thread
                0x0000000000015abc      0x118 zephyr/subsys/bluetooth/controller/libsubsys__bluetooth__controller.a(hci_driver.c.obj)
 .text.prio_recv_thread
                0x0000000000015bd4       0xc8 zephyr/subsys/bluetooth/controller/libsubsys__bluetooth__controller.a(hci_driver.c.obj)
 .text.hci_driver_open
                0x0000000000015c9c       0xc4 zephyr/subsys/bluetooth/controller/libsubsys__bluetooth__controller.a(hci_driver.c.obj)
 .text.dup_found.part.0
                0x0000000000015d60       0xc0 zephyr/subsys/bluetooth/controller/libsubsys__bluetooth__controller.a(hci.c.obj)
 .text.le_remote_feat_complete
                0x0000000000015e20       0x70 zephyr/subsys/bluetooth/controller/libsubsys__bluetooth__controller.a(hci.c.obj)
 .text.hci_vendor_cmd_handle_common
                0x0000000000015e90      0x17c zephyr/subsys/bluetooth/controller/libsubsys__bluetooth__controller.a(hci.c.obj)
                0x0000000000015e90                hci_vendor_cmd_handle_common
 .text.hci_cmd_handle
                0x000000000001600c      0xb24 zephyr/subsys/bluetooth/controller/libsubsys__bluetooth__controller.a(hci.c.obj)
                0x000000000001600c                hci_cmd_handle
 .text.hci_acl_handle
                0x0000000000016b30      0x168 zephyr/subsys/bluetooth/controller/libsubsys__bluetooth__controller.a(hci.c.obj)
                0x0000000000016b30                hci_acl_handle
 .text.hci_disconn_complete_encode
                0x0000000000016c98       0x40 zephyr/subsys/bluetooth/controller/libsubsys__bluetooth__controller.a(hci.c.obj)
                0x0000000000016c98                hci_disconn_complete_encode
 .text.hci_disconn_complete_process
                0x0000000000016cd8       0x10 zephyr/subsys/bluetooth/controller/libsubsys__bluetooth__controller.a(hci.c.obj)
                0x0000000000016cd8                hci_disconn_complete_process
 .text.hci_acl_encode
                0x0000000000016ce8       0x74 zephyr/subsys/bluetooth/controller/libsubsys__bluetooth__controller.a(hci.c.obj)
                0x0000000000016ce8                hci_acl_encode
 .text.hci_evt_encode
                0x0000000000016d5c      0x8b0 zephyr/subsys/bluetooth/controller/libsubsys__bluetooth__controller.a(hci.c.obj)
                0x0000000000016d5c                hci_evt_encode
 .text.hci_num_cmplt_encode
                0x000000000001760c       0x30 zephyr/subsys/bluetooth/controller/libsubsys__bluetooth__controller.a(hci.c.obj)
                0x000000000001760c                hci_num_cmplt_encode
 .text.hci_get_class
                0x000000000001763c       0x2c zephyr/subsys/bluetooth/controller/libsubsys__bluetooth__controller.a(hci.c.obj)
                0x000000000001763c                hci_get_class
 .text.hci_init
                0x0000000000017668       0x4c zephyr/subsys/bluetooth/controller/libsubsys__bluetooth__controller.a(hci.c.obj)
                0x0000000000017668                hci_init
 .text.bt_rand  0x00000000000176b4        0x4 zephyr/subsys/bluetooth/controller/libsubsys__bluetooth__controller.a(crypto.c.obj)
                0x00000000000176b4                bt_rand
 .text.bt_encrypt_le
                0x00000000000176b8        0xc zephyr/subsys/bluetooth/controller/libsubsys__bluetooth__controller.a(crypto.c.obj)